/tmp/results/venv/torch/lib/python3.12/site-packages/voir/cli.py:104: UserWarning: pkg_resources is deprecated as an API. See https://setuptools.pypa.io/en/latest/pkg_resources.html. The pkg_resources package is slated for removal as early as 2025-11-30. Refrain from using this package or pin to Setuptools<81.
  import pkg_resources
/tmp/results/venv/torch/lib/python3.12/site-packages/jax/_src/ops/scatter.py:104: FutureWarning: scatter inputs have incompatible types: cannot safely cast value from dtype=int32 to dtype=bool with jax_numpy_dtype_promotion=standard. In future JAX releases this will result in an error.
  warnings.warn(
/tmp/results/venv/torch/lib/python3.12/site-packages/jax/_src/ops/scatter.py:104: FutureWarning: scatter inputs have incompatible types: cannot safely cast value from dtype=float32 to dtype=bool with jax_numpy_dtype_promotion=standard. In future JAX releases this will result in an error.
  warnings.warn(
/tmp/results/venv/torch/lib/python3.12/site-packages/jax/_src/numpy/array_methods.py:125: UserWarning: Explicitly requested dtype int64 requested in astype is not available, and will be truncated to dtype int32. To enable more dtypes, set the jax_enable_x64 configuration option or the JAX_ENABLE_X64 shell environment variable. See https://github.com/jax-ml/jax#current-gotchas for more.
  return lax_numpy.astype(self, dtype, copy=copy, device=device)
E0408 11:26:09.299168 2411857 xtile_compiler.cc:399] Fusion: gemm_fusion_dot_general.13 = f32[128,84]{1,0} fusion(add.6777, get-tuple-element.1689), kind=kCustom, calls=gemm_fusion_dot_general.13_computation.clone, backend_config={"operation_queue_id":"0","wait_on_operation_queues":[],"fusion_backend_config":{"kind":"__triton_nested_gemm_fusion","block_level_fusion_config":{"num_warps":"4","output_tiles":[{"sizes":["32","256"]}],"num_ctas":1,"num_stages":3,"is_tma_allowed":false,"is_warp_specialization_allowed":false}},"force_earliest_schedule":false,"reification_cost":[],"device_type":"DEVICE_TYPE_INVALID"}
E0408 11:26:09.299246 2411857 xtile_compiler.cc:401] Computation: gemm_fusion_dot_general.13_computation.clone {
  parameter_0.12 = f32[128,120]{1,0} parameter(0)
  constant_4895 = f32[] constant(0)
  max.178 = f32[128,120]{1,0} broadcast(constant_4895), dimensions={}
  max.179 = f32[128,120]{1,0} maximum(parameter_0.12, max.178)
  parameter_1.12 = f32[120,84]{1,0} parameter(1)
  ROOT dot_general.38 = f32[128,84]{1,0} dot(max.179, parameter_1.12), lhs_contracting_dims={1}, rhs_contracting_dims={0}, backend_config={"sizes":["32"]}
}
E0408 11:26:09.661549 2411855 xtile_compiler.cc:399] Fusion: gemm_fusion_dot_general.13 = f32[128,84]{1,0} fusion(add.6777, get-tuple-element.1689), kind=kCustom, calls=gemm_fusion_dot_general.13_computation.clone, backend_config={"operation_queue_id":"0","wait_on_operation_queues":[],"fusion_backend_config":{"kind":"__triton_nested_gemm_fusion","block_level_fusion_config":{"num_warps":"4","output_tiles":[{"sizes":["64","128"]}],"num_ctas":1,"num_stages":3,"is_tma_allowed":false,"is_warp_specialization_allowed":false}},"force_earliest_schedule":false,"reification_cost":[],"device_type":"DEVICE_TYPE_INVALID"}
E0408 11:26:09.661625 2411855 xtile_compiler.cc:401] Computation: gemm_fusion_dot_general.13_computation.clone {
  parameter_0.12 = f32[128,120]{1,0} parameter(0)
  constant_4895 = f32[] constant(0)
  max.178 = f32[128,120]{1,0} broadcast(constant_4895), dimensions={}
  max.179 = f32[128,120]{1,0} maximum(parameter_0.12, max.178)
  parameter_1.12 = f32[120,84]{1,0} parameter(1)
  ROOT dot_general.38 = f32[128,84]{1,0} dot(max.179, parameter_1.12), lhs_contracting_dims={1}, rhs_contracting_dims={0}, backend_config={"sizes":["64"]}
}
E0408 11:26:09.671165 2411857 xtile_compiler.cc:399] Fusion: gemm_fusion_dot_general.13 = f32[128,84]{1,0} fusion(add.6777, get-tuple-element.1689), kind=kCustom, calls=gemm_fusion_dot_general.13_computation.clone, backend_config={"operation_queue_id":"0","wait_on_operation_queues":[],"fusion_backend_config":{"kind":"__triton_nested_gemm_fusion","block_level_fusion_config":{"num_warps":"4","output_tiles":[{"sizes":["64","64"]}],"num_ctas":1,"num_stages":4,"is_tma_allowed":false,"is_warp_specialization_allowed":false}},"force_earliest_schedule":false,"reification_cost":[],"device_type":"DEVICE_TYPE_INVALID"}
E0408 11:26:09.671214 2411857 xtile_compiler.cc:401] Computation: gemm_fusion_dot_general.13_computation.clone {
  parameter_0.12 = f32[128,120]{1,0} parameter(0)
  constant_4895 = f32[] constant(0)
  max.178 = f32[128,120]{1,0} broadcast(constant_4895), dimensions={}
  max.179 = f32[128,120]{1,0} maximum(parameter_0.12, max.178)
  parameter_1.12 = f32[120,84]{1,0} parameter(1)
  ROOT dot_general.38 = f32[128,84]{1,0} dot(max.179, parameter_1.12), lhs_contracting_dims={1}, rhs_contracting_dims={0}, backend_config={"sizes":["64"]}
}
E0408 11:26:09.757900 2411857 xtile_compiler.cc:399] Fusion: gemm_fusion_dot_general.13 = f32[128,84]{1,0} fusion(add.6777, get-tuple-element.1689), kind=kCustom, calls=gemm_fusion_dot_general.13_computation.clone, backend_config={"operation_queue_id":"0","wait_on_operation_queues":[],"fusion_backend_config":{"kind":"__triton_nested_gemm_fusion","block_level_fusion_config":{"num_warps":"4","output_tiles":[{"sizes":["64","256"]}],"num_ctas":1,"num_stages":4,"is_tma_allowed":false,"is_warp_specialization_allowed":false}},"force_earliest_schedule":false,"reification_cost":[],"device_type":"DEVICE_TYPE_INVALID"}
E0408 11:26:09.757981 2411857 xtile_compiler.cc:401] Computation: gemm_fusion_dot_general.13_computation.clone {
  parameter_0.12 = f32[128,120]{1,0} parameter(0)
  constant_4895 = f32[] constant(0)
  max.178 = f32[128,120]{1,0} broadcast(constant_4895), dimensions={}
  max.179 = f32[128,120]{1,0} maximum(parameter_0.12, max.178)
  parameter_1.12 = f32[120,84]{1,0} parameter(1)
  ROOT dot_general.38 = f32[128,84]{1,0} dot(max.179, parameter_1.12), lhs_contracting_dims={1}, rhs_contracting_dims={0}, backend_config={"sizes":["32"]}
}
E0408 11:26:09.846504 2411853 xtile_compiler.cc:399] Fusion: gemm_fusion_dot_general.13 = f32[128,84]{1,0} fusion(add.6777, get-tuple-element.1689), kind=kCustom, calls=gemm_fusion_dot_general.13_computation.clone, backend_config={"operation_queue_id":"0","wait_on_operation_queues":[],"fusion_backend_config":{"kind":"__triton_nested_gemm_fusion","block_level_fusion_config":{"num_warps":"8","output_tiles":[{"sizes":["128","256"]}],"num_ctas":1,"num_stages":4,"is_tma_allowed":false,"is_warp_specialization_allowed":false}},"force_earliest_schedule":false,"reification_cost":[],"device_type":"DEVICE_TYPE_INVALID"}
E0408 11:26:09.846579 2411853 xtile_compiler.cc:401] Computation: gemm_fusion_dot_general.13_computation.clone {
  parameter_0.12 = f32[128,120]{1,0} parameter(0)
  constant_4895 = f32[] constant(0)
  max.178 = f32[128,120]{1,0} broadcast(constant_4895), dimensions={}
  max.179 = f32[128,120]{1,0} maximum(parameter_0.12, max.178)
  parameter_1.12 = f32[120,84]{1,0} parameter(1)
  ROOT dot_general.38 = f32[128,84]{1,0} dot(max.179, parameter_1.12), lhs_contracting_dims={1}, rhs_contracting_dims={0}, backend_config={"sizes":["32"]}
}
E0408 11:26:09.855204 2411857 xtile_compiler.cc:399] Fusion: gemm_fusion_dot_general.13 = f32[128,84]{1,0} fusion(add.6777, get-tuple-element.1689), kind=kCustom, calls=gemm_fusion_dot_general.13_computation.clone, backend_config={"operation_queue_id":"0","wait_on_operation_queues":[],"fusion_backend_config":{"kind":"__triton_nested_gemm_fusion","block_level_fusion_config":{"num_warps":"8","output_tiles":[{"sizes":["128","256"]}],"num_ctas":1,"num_stages":4,"is_tma_allowed":false,"is_warp_specialization_allowed":false}},"force_earliest_schedule":false,"reification_cost":[],"device_type":"DEVICE_TYPE_INVALID"}
E0408 11:26:09.855314 2411857 xtile_compiler.cc:401] Computation: gemm_fusion_dot_general.13_computation.clone {
  parameter_0.12 = f32[128,120]{1,0} parameter(0)
  constant_4895 = f32[] constant(0)
  max.178 = f32[128,120]{1,0} broadcast(constant_4895), dimensions={}
  max.179 = f32[128,120]{1,0} maximum(parameter_0.12, max.178)
  parameter_1.12 = f32[120,84]{1,0} parameter(1)
  ROOT dot_general.38 = f32[128,84]{1,0} dot(max.179, parameter_1.12), lhs_contracting_dims={1}, rhs_contracting_dims={0}, backend_config={"sizes":["64"]}
}
E0408 11:26:10.480079 2411857 xtile_compiler.cc:399] Fusion: gemm_fusion_dot_general.18 = f32[65536,84]{1,0} fusion(add.1186, get-tuple-element.230), kind=kCustom, calls=gemm_fusion_dot_general.18_computation.clone, backend_config={"operation_queue_id":"0","wait_on_operation_queues":[],"fusion_backend_config":{"kind":"__triton_nested_gemm_fusion","block_level_fusion_config":{"num_warps":"8","output_tiles":[{"sizes":["128","128"]}],"num_ctas":1,"num_stages":4,"is_tma_allowed":false,"is_warp_specialization_allowed":false}},"force_earliest_schedule":false,"reification_cost":[],"device_type":"DEVICE_TYPE_INVALID"}
E0408 11:26:10.480131 2411857 xtile_compiler.cc:401] Computation: gemm_fusion_dot_general.18_computation.clone {
  parameter_0.1 = f32[65536,120]{1,0} parameter(0)
  constant_4889 = f32[] constant(0)
  broadcast.2744 = f32[65536,120]{1,0} broadcast(constant_4889), dimensions={}
  max.172 = f32[65536,120]{1,0} maximum(parameter_0.1, broadcast.2744)
  parameter_1.1 = f32[120,84]{1,0} parameter(1)
  ROOT dot_general.30 = f32[65536,84]{1,0} dot(max.172, parameter_1.1), lhs_contracting_dims={1}, rhs_contracting_dims={0}, backend_config={"sizes":["32"]}
}
E0408 11:26:10.551436 2411854 xtile_compiler.cc:399] Fusion: gemm_fusion_dot_general.17 = f32[65536,120]{1,0} fusion(bitcast.352, get-tuple-element.228), kind=kCustom, calls=gemm_fusion_dot_general.17_computation.clone, backend_config={"operation_queue_id":"0","wait_on_operation_queues":[],"fusion_backend_config":{"kind":"__triton_nested_gemm_fusion","block_level_fusion_config":{"num_warps":"2","output_tiles":[{"sizes":["64","32"]}],"num_ctas":1,"num_stages":3,"is_tma_allowed":false,"is_warp_specialization_allowed":false}},"force_earliest_schedule":false,"reification_cost":[],"device_type":"DEVICE_TYPE_INVALID"}
E0408 11:26:10.551558 2411854 xtile_compiler.cc:401] Computation: gemm_fusion_dot_general.17_computation.clone {
  parameter_0 = f32[65536,600]{1,0} parameter(0)
  parameter_1 = f32[600,120]{1,0} parameter(1)
  ROOT dot_general.29 = f32[65536,120]{1,0} dot(parameter_0, parameter_1), lhs_contracting_dims={1}, rhs_contracting_dims={0}, backend_config={"sizes":["128"]}
}
E0408 11:26:10.590524 2411853 xtile_compiler.cc:399] Fusion: gemm_fusion_dot_general.17 = f32[4,65536,120]{2,1,0} fusion(bitcast.352, get-tuple-element.228), kind=kCustom, calls=gemm_fusion_dot_general.17_computation.clone, backend_config={"operation_queue_id":"0","wait_on_operation_queues":[],"fusion_backend_config":{"kind":"__triton_nested_gemm_fusion","block_level_fusion_config":{"num_warps":"8","output_tiles":[{"sizes":["1","128","128"]}],"num_ctas":1,"num_stages":4,"is_tma_allowed":false,"is_warp_specialization_allowed":false}},"force_earliest_schedule":false,"reification_cost":[],"device_type":"DEVICE_TYPE_INVALID"}
E0408 11:26:10.590575 2411853 xtile_compiler.cc:401] Computation: gemm_fusion_dot_general.17_computation.clone {
  parameter_0 = f32[65536,600]{1,0} parameter(0)
  constant = f32[] constant(0)
  pad = f32[65536,608]{1,0} pad(parameter_0, constant), padding=0_0x0_8
  bitcast = f32[65536,4,152]{2,1,0} bitcast(pad)
  parameter_1 = f32[600,120]{1,0} parameter(1)
  constant_1 = f32[] constant(0)
  pad.1 = f32[608,120]{1,0} pad(parameter_1, constant_1), padding=0_8x0_0
  bitcast.1 = f32[4,152,120]{2,1,0} bitcast(pad.1)
  ROOT dot = f32[4,65536,120]{2,1,0} dot(bitcast, bitcast.1), lhs_batch_dims={1}, lhs_contracting_dims={2}, rhs_batch_dims={0}, rhs_contracting_dims={1}, backend_config={"sizes":["32"]}
}
E0408 11:26:11.069536 2411854 xtile_compiler.cc:399] Fusion: gemm_fusion_dot_general.17 = f32[65536,120]{1,0} fusion(bitcast.352, get-tuple-element.228), kind=kCustom, calls=gemm_fusion_dot_general.17_computation.clone, backend_config={"operation_queue_id":"0","wait_on_operation_queues":[],"fusion_backend_config":{"kind":"__triton_nested_gemm_fusion","block_level_fusion_config":{"num_warps":"8","output_tiles":[{"sizes":["128","128"]}],"num_ctas":1,"num_stages":4,"is_tma_allowed":false,"is_warp_specialization_allowed":false}},"force_earliest_schedule":false,"reification_cost":[],"device_type":"DEVICE_TYPE_INVALID"}
E0408 11:26:11.069592 2411854 xtile_compiler.cc:401] Computation: gemm_fusion_dot_general.17_computation.clone {
  parameter_0 = f32[65536,600]{1,0} parameter(0)
  parameter_1 = f32[600,120]{1,0} parameter(1)
  ROOT dot_general.29 = f32[65536,120]{1,0} dot(parameter_0, parameter_1), lhs_contracting_dims={1}, rhs_contracting_dims={0}, backend_config={"sizes":["32"]}
}
E0408 11:26:11.078846 2411853 xtile_compiler.cc:399] Fusion: gemm_fusion_dot_general.12 = f32[8,128,120]{2,1,0} fusion(get-tuple-element.1643, get-tuple-element.1691), kind=kCustom, calls=gemm_fusion_dot_general.12_computation.clone, backend_config={"operation_queue_id":"0","wait_on_operation_queues":[],"fusion_backend_config":{"kind":"__triton_nested_gemm_fusion","block_level_fusion_config":{"num_warps":"8","output_tiles":[{"sizes":["1","128","128"]}],"num_ctas":1,"num_stages":4,"is_tma_allowed":false,"is_warp_specialization_allowed":false}},"force_earliest_schedule":false,"reification_cost":[],"device_type":"DEVICE_TYPE_INVALID"}
E0408 11:26:11.078895 2411853 xtile_compiler.cc:401] Computation: gemm_fusion_dot_general.12_computation.clone {
  parameter_0.11 = f32[128,600]{1,0} parameter(0)
  constant = f32[] constant(0)
  pad = f32[128,608]{1,0} pad(parameter_0.11, constant), padding=0_0x0_8
  bitcast = f32[128,8,76]{2,1,0} bitcast(pad)
  parameter_1.11 = f32[600,120]{1,0} parameter(1)
  constant_1 = f32[] constant(0)
  pad.1 = f32[608,120]{1,0} pad(parameter_1.11, constant_1), padding=0_8x0_0
  bitcast.1 = f32[8,76,120]{2,1,0} bitcast(pad.1)
  ROOT dot = f32[8,128,120]{2,1,0} dot(bitcast, bitcast.1), lhs_batch_dims={1}, lhs_contracting_dims={2}, rhs_batch_dims={0}, rhs_contracting_dims={1}, backend_config={"sizes":["32"]}
}
E0408 11:26:11.150956 2411854 xtile_compiler.cc:399] Fusion: gemm_fusion_dot_general.12 = f32[128,120]{1,0} fusion(get-tuple-element.1643, get-tuple-element.1691), kind=kCustom, calls=gemm_fusion_dot_general.12_computation.clone, backend_config={"operation_queue_id":"0","wait_on_operation_queues":[],"fusion_backend_config":{"kind":"__triton_nested_gemm_fusion","block_level_fusion_config":{"num_warps":"4","output_tiles":[{"sizes":["32","256"]}],"num_ctas":1,"num_stages":3,"is_tma_allowed":false,"is_warp_specialization_allowed":false}},"force_earliest_schedule":false,"reification_cost":[],"device_type":"DEVICE_TYPE_INVALID"}
E0408 11:26:11.151014 2411854 xtile_compiler.cc:401] Computation: gemm_fusion_dot_general.12_computation.clone {
  parameter_0.11 = f32[128,600]{1,0} parameter(0)
  parameter_1.11 = f32[600,120]{1,0} parameter(1)
  ROOT dot_general.37 = f32[128,120]{1,0} dot(parameter_0.11, parameter_1.11), lhs_contracting_dims={1}, rhs_contracting_dims={0}, backend_config={"sizes":["32"]}
}
E0408 11:26:11.241319 2411857 xtile_compiler.cc:399] Fusion: gemm_fusion_dot_general.17 = f32[65536,120]{1,0} fusion(bitcast.352, get-tuple-element.228), kind=kCustom, calls=gemm_fusion_dot_general.17_computation.clone, backend_config={"operation_queue_id":"0","wait_on_operation_queues":[],"fusion_backend_config":{"kind":"__triton_nested_gemm_fusion","block_level_fusion_config":{"num_warps":"4","output_tiles":[{"sizes":["64","64"]}],"num_ctas":1,"num_stages":4,"is_tma_allowed":false,"is_warp_specialization_allowed":false}},"force_earliest_schedule":false,"reification_cost":[],"device_type":"DEVICE_TYPE_INVALID"}
E0408 11:26:11.241376 2411857 xtile_compiler.cc:401] Computation: gemm_fusion_dot_general.17_computation.clone {
  parameter_0 = f32[65536,600]{1,0} parameter(0)
  parameter_1 = f32[600,120]{1,0} parameter(1)
  ROOT dot_general.29 = f32[65536,120]{1,0} dot(parameter_0, parameter_1), lhs_contracting_dims={1}, rhs_contracting_dims={0}, backend_config={"sizes":["64"]}
}
E0408 11:26:11.327774 2411855 xtile_compiler.cc:399] Fusion: gemm_fusion_dot_general.12 = f32[128,120]{1,0} fusion(get-tuple-element.1643, get-tuple-element.1691), kind=kCustom, calls=gemm_fusion_dot_general.12_computation.clone, backend_config={"operation_queue_id":"0","wait_on_operation_queues":[],"fusion_backend_config":{"kind":"__triton_nested_gemm_fusion","block_level_fusion_config":{"num_warps":"2","output_tiles":[{"sizes":["64","16"]}],"num_ctas":1,"num_stages":4,"is_tma_allowed":false,"is_warp_specialization_allowed":false}},"force_earliest_schedule":false,"reification_cost":[],"device_type":"DEVICE_TYPE_INVALID"}
E0408 11:26:11.327867 2411855 xtile_compiler.cc:401] Computation: gemm_fusion_dot_general.12_computation.clone {
  parameter_0.11 = f32[128,600]{1,0} parameter(0)
  parameter_1.11 = f32[600,120]{1,0} parameter(1)
  ROOT dot_general.37 = f32[128,120]{1,0} dot(parameter_0.11, parameter_1.11), lhs_contracting_dims={1}, rhs_contracting_dims={0}, backend_config={"sizes":["128"]}
}
E0408 11:26:11.405748 2411855 xtile_compiler.cc:399] Fusion: gemm_fusion_dot_general.12 = f32[4,128,120]{2,1,0} fusion(get-tuple-element.1643, get-tuple-element.1691), kind=kCustom, calls=gemm_fusion_dot_general.12_computation.clone, backend_config={"operation_queue_id":"0","wait_on_operation_queues":[],"fusion_backend_config":{"kind":"__triton_nested_gemm_fusion","block_level_fusion_config":{"num_warps":"4","output_tiles":[{"sizes":["1","64","64"]}],"num_ctas":1,"num_stages":4,"is_tma_allowed":false,"is_warp_specialization_allowed":false}},"force_earliest_schedule":false,"reification_cost":[],"device_type":"DEVICE_TYPE_INVALID"}
E0408 11:26:11.405810 2411855 xtile_compiler.cc:401] Computation: gemm_fusion_dot_general.12_computation.clone {
  parameter_0.11 = f32[128,600]{1,0} parameter(0)
  constant = f32[] constant(0)
  pad = f32[128,608]{1,0} pad(parameter_0.11, constant), padding=0_0x0_8
  bitcast = f32[128,4,152]{2,1,0} bitcast(pad)
  parameter_1.11 = f32[600,120]{1,0} parameter(1)
  constant_1 = f32[] constant(0)
  pad.1 = f32[608,120]{1,0} pad(parameter_1.11, constant_1), padding=0_8x0_0
  bitcast.1 = f32[4,152,120]{2,1,0} bitcast(pad.1)
  ROOT dot = f32[4,128,120]{2,1,0} dot(bitcast, bitcast.1), lhs_batch_dims={1}, lhs_contracting_dims={2}, rhs_batch_dims={0}, rhs_contracting_dims={1}, backend_config={"sizes":["64"]}
}
E0408 11:26:12.041531 2411856 xtile_compiler.cc:399] Fusion: gemm_fusion_dot_general.17 = f32[65536,120]{1,0} fusion(bitcast.352, get-tuple-element.228), kind=kCustom, calls=gemm_fusion_dot_general.17_computation.clone, backend_config={"operation_queue_id":"0","wait_on_operation_queues":[],"fusion_backend_config":{"kind":"__triton_nested_gemm_fusion","block_level_fusion_config":{"num_warps":"4","output_tiles":[{"sizes":["64","128"]}],"num_ctas":1,"num_stages":3,"is_tma_allowed":false,"is_warp_specialization_allowed":false}},"force_earliest_schedule":false,"reification_cost":[],"device_type":"DEVICE_TYPE_INVALID"}
E0408 11:26:12.041611 2411856 xtile_compiler.cc:401] Computation: gemm_fusion_dot_general.17_computation.clone {
  parameter_0 = f32[65536,600]{1,0} parameter(0)
  parameter_1 = f32[600,120]{1,0} parameter(1)
  ROOT dot_general.29 = f32[65536,120]{1,0} dot(parameter_0, parameter_1), lhs_contracting_dims={1}, rhs_contracting_dims={0}, backend_config={"sizes":["64"]}
}
E0408 11:26:12.228327 2411852 xtile_compiler.cc:399] Fusion: gemm_fusion_dot_general.12 = f32[128,120]{1,0} fusion(get-tuple-element.1643, get-tuple-element.1691), kind=kCustom, calls=gemm_fusion_dot_general.12_computation.clone, backend_config={"operation_queue_id":"0","wait_on_operation_queues":[],"fusion_backend_config":{"kind":"__triton_nested_gemm_fusion","block_level_fusion_config":{"num_warps":"8","output_tiles":[{"sizes":["128","256"]}],"num_ctas":1,"num_stages":4,"is_tma_allowed":false,"is_warp_specialization_allowed":false}},"force_earliest_schedule":false,"reification_cost":[],"device_type":"DEVICE_TYPE_INVALID"}
E0408 11:26:12.228403 2411852 xtile_compiler.cc:401] Computation: gemm_fusion_dot_general.12_computation.clone {
  parameter_0.11 = f32[128,600]{1,0} parameter(0)
  parameter_1.11 = f32[600,120]{1,0} parameter(1)
  ROOT dot_general.37 = f32[128,120]{1,0} dot(parameter_0.11, parameter_1.11), lhs_contracting_dims={1}, rhs_contracting_dims={0}, backend_config={"sizes":["32"]}
}
E0408 11:26:12.252600 2411857 xtile_compiler.cc:399] Fusion: gemm_fusion_dot_general.12 = f32[128,120]{1,0} fusion(get-tuple-element.1643, get-tuple-element.1691), kind=kCustom, calls=gemm_fusion_dot_general.12_computation.clone, backend_config={"operation_queue_id":"0","wait_on_operation_queues":[],"fusion_backend_config":{"kind":"__triton_nested_gemm_fusion","block_level_fusion_config":{"num_warps":"2","output_tiles":[{"sizes":["64","32"]}],"num_ctas":1,"num_stages":3,"is_tma_allowed":false,"is_warp_specialization_allowed":false}},"force_earliest_schedule":false,"reification_cost":[],"device_type":"DEVICE_TYPE_INVALID"}
E0408 11:26:12.252717 2411857 xtile_compiler.cc:401] Computation: gemm_fusion_dot_general.12_computation.clone {
  parameter_0.11 = f32[128,600]{1,0} parameter(0)
  parameter_1.11 = f32[600,120]{1,0} parameter(1)
  ROOT dot_general.37 = f32[128,120]{1,0} dot(parameter_0.11, parameter_1.11), lhs_contracting_dims={1}, rhs_contracting_dims={0}, backend_config={"sizes":["128"]}
}
E0408 11:26:12.302032 2411852 xtile_compiler.cc:399] Fusion: gemm_fusion_dot_general.12 = f32[2,128,120]{2,1,0} fusion(bitcast.3, bitcast.2), kind=kCustom, calls=gemm_fusion_dot_general.12_computation.clone, backend_config={"operation_queue_id":"0","wait_on_operation_queues":[],"fusion_backend_config":{"kind":"__triton_nested_gemm_fusion","block_level_fusion_config":{"num_warps":"4","output_tiles":[{"sizes":["1","64","8"]}],"num_ctas":1,"num_stages":3,"is_tma_allowed":false,"is_warp_specialization_allowed":false}},"force_earliest_schedule":false,"reification_cost":[],"device_type":"DEVICE_TYPE_INVALID"}
E0408 11:26:12.302090 2411852 xtile_compiler.cc:401] Computation: gemm_fusion_dot_general.12_computation.clone {
  parameter_0.11 = f32[128,2,300]{2,1,0} parameter(0)
  parameter_1.11 = f32[2,300,120]{2,1,0} parameter(1)
  ROOT dot = f32[2,128,120]{2,1,0} dot(parameter_0.11, parameter_1.11), lhs_batch_dims={1}, lhs_contracting_dims={2}, rhs_batch_dims={0}, rhs_contracting_dims={1}, backend_config={"sizes":["128"]}
}
E0408 11:26:12.320946 2411857 xtile_compiler.cc:399] Fusion: gemm_fusion_dot_general.12 = f32[128,120]{1,0} fusion(get-tuple-element.1643, get-tuple-element.1691), kind=kCustom, calls=gemm_fusion_dot_general.12_computation.clone, backend_config={"operation_queue_id":"0","wait_on_operation_queues":[],"fusion_backend_config":{"kind":"__triton_nested_gemm_fusion","block_level_fusion_config":{"num_warps":"4","output_tiles":[{"sizes":["64","64"]}],"num_ctas":1,"num_stages":4,"is_tma_allowed":false,"is_warp_specialization_allowed":false}},"force_earliest_schedule":false,"reification_cost":[],"device_type":"DEVICE_TYPE_INVALID"}
E0408 11:26:12.320996 2411857 xtile_compiler.cc:401] Computation: gemm_fusion_dot_general.12_computation.clone {
  parameter_0.11 = f32[128,600]{1,0} parameter(0)
  parameter_1.11 = f32[600,120]{1,0} parameter(1)
  ROOT dot_general.37 = f32[128,120]{1,0} dot(parameter_0.11, parameter_1.11), lhs_contracting_dims={1}, rhs_contracting_dims={0}, backend_config={"sizes":["64"]}
}
E0408 11:26:12.398356 2411857 xtile_compiler.cc:399] Fusion: gemm_fusion_dot_general.12 = f32[128,120]{1,0} fusion(get-tuple-element.1643, get-tuple-element.1691), kind=kCustom, calls=gemm_fusion_dot_general.12_computation.clone, backend_config={"operation_queue_id":"0","wait_on_operation_queues":[],"fusion_backend_config":{"kind":"__triton_nested_gemm_fusion","block_level_fusion_config":{"num_warps":"4","output_tiles":[{"sizes":["64","128"]}],"num_ctas":1,"num_stages":3,"is_tma_allowed":false,"is_warp_specialization_allowed":false}},"force_earliest_schedule":false,"reification_cost":[],"device_type":"DEVICE_TYPE_INVALID"}
E0408 11:26:12.398432 2411857 xtile_compiler.cc:401] Computation: gemm_fusion_dot_general.12_computation.clone {
  parameter_0.11 = f32[128,600]{1,0} parameter(0)
  parameter_1.11 = f32[600,120]{1,0} parameter(1)
  ROOT dot_general.37 = f32[128,120]{1,0} dot(parameter_0.11, parameter_1.11), lhs_contracting_dims={1}, rhs_contracting_dims={0}, backend_config={"sizes":["64"]}
}
E0408 11:26:12.491468 2411857 xtile_compiler.cc:399] Fusion: gemm_fusion_dot_general.12 = f32[128,120]{1,0} fusion(get-tuple-element.1643, get-tuple-element.1691), kind=kCustom, calls=gemm_fusion_dot_general.12_computation.clone, backend_config={"operation_queue_id":"0","wait_on_operation_queues":[],"fusion_backend_config":{"kind":"__triton_nested_gemm_fusion","block_level_fusion_config":{"num_warps":"4","output_tiles":[{"sizes":["64","256"]}],"num_ctas":1,"num_stages":4,"is_tma_allowed":false,"is_warp_specialization_allowed":false}},"force_earliest_schedule":false,"reification_cost":[],"device_type":"DEVICE_TYPE_INVALID"}
E0408 11:26:12.491557 2411857 xtile_compiler.cc:401] Computation: gemm_fusion_dot_general.12_computation.clone {
  parameter_0.11 = f32[128,600]{1,0} parameter(0)
  parameter_1.11 = f32[600,120]{1,0} parameter(1)
  ROOT dot_general.37 = f32[128,120]{1,0} dot(parameter_0.11, parameter_1.11), lhs_contracting_dims={1}, rhs_contracting_dims={0}, backend_config={"sizes":["32"]}
}
E0408 11:26:12.867931 2411856 xtile_compiler.cc:399] Fusion: gemm_fusion_dot_general.12 = f32[16,128,120]{2,1,0} fusion(get-tuple-element.1643, get-tuple-element.1691), kind=kCustom, calls=gemm_fusion_dot_general.12_computation.clone, backend_config={"operation_queue_id":"0","wait_on_operation_queues":[],"fusion_backend_config":{"kind":"__triton_nested_gemm_fusion","block_level_fusion_config":{"num_warps":"8","output_tiles":[{"sizes":["1","32","256"]}],"num_ctas":1,"num_stages":3,"is_tma_allowed":false,"is_warp_specialization_allowed":false}},"force_earliest_schedule":false,"reification_cost":[],"device_type":"DEVICE_TYPE_INVALID"}
E0408 11:26:12.867986 2411856 xtile_compiler.cc:401] Computation: gemm_fusion_dot_general.12_computation.clone {
  parameter_0.11 = f32[128,600]{1,0} parameter(0)
  constant = f32[] constant(0)
  pad = f32[128,640]{1,0} pad(parameter_0.11, constant), padding=0_0x0_40
  bitcast = f32[128,16,40]{2,1,0} bitcast(pad)
  parameter_1.11 = f32[600,120]{1,0} parameter(1)
  constant_1 = f32[] constant(0)
  pad.1 = f32[640,120]{1,0} pad(parameter_1.11, constant_1), padding=0_40x0_0
  bitcast.1 = f32[16,40,120]{2,1,0} bitcast(pad.1)
  ROOT dot = f32[16,128,120]{2,1,0} dot(bitcast, bitcast.1), lhs_batch_dims={1}, lhs_contracting_dims={2}, rhs_batch_dims={0}, rhs_contracting_dims={1}, backend_config={"sizes":["32"]}
}
E0408 11:26:13.221755 2411856 xtile_compiler.cc:399] Fusion: gemm_fusion_dot_general.12 = f32[128,120]{1,0} fusion(get-tuple-element.1643, get-tuple-element.1691), kind=kCustom, calls=gemm_fusion_dot_general.12_computation.clone, backend_config={"operation_queue_id":"0","wait_on_operation_queues":[],"fusion_backend_config":{"kind":"__triton_nested_gemm_fusion","block_level_fusion_config":{"num_warps":"8","output_tiles":[{"sizes":["128","256"]}],"num_ctas":1,"num_stages":4,"is_tma_allowed":false,"is_warp_specialization_allowed":false}},"force_earliest_schedule":false,"reification_cost":[],"device_type":"DEVICE_TYPE_INVALID"}
E0408 11:26:13.221866 2411856 xtile_compiler.cc:401] Computation: gemm_fusion_dot_general.12_computation.clone {
  parameter_0.11 = f32[128,600]{1,0} parameter(0)
  parameter_1.11 = f32[600,120]{1,0} parameter(1)
  ROOT dot_general.37 = f32[128,120]{1,0} dot(parameter_0.11, parameter_1.11), lhs_contracting_dims={1}, rhs_contracting_dims={0}, backend_config={"sizes":["64"]}
}
