Failed to import warp: No module named 'warp'
Failed to import mujoco_warp: No module named 'warp'
No overseer found
{"returns": 3.8359375, "loss": 0.0, "task": "train"}
{"memory_peak": 637.89404296875, "units": "MiB", "task": "train"}
{"rate": 175285.5444138748, "units": "items/s", "task": "train"}
{"progress": [0, 65], "task": "early_stop"}
{"returns": 4.234375, "loss": 0.0, "task": "train"}
{"memory_peak": 637.89404296875, "units": "MiB", "task": "train"}
{"rate": 382662.94854883186, "units": "items/s", "task": "train"}
{"progress": [1, 65], "task": "early_stop"}
{"returns": 3.8671875, "loss": 0.0, "task": "train"}
{"memory_peak": 637.89404296875, "units": "MiB", "task": "train"}
{"rate": 802660.9808277674, "units": "items/s", "task": "train"}
{"progress": [2, 65], "task": "early_stop"}
{"returns": 4.3359375, "loss": 0.0, "task": "train"}
{"memory_peak": 637.89404296875, "units": "MiB", "task": "train"}
{"rate": 808243.8054012373, "units": "items/s", "task": "train"}
{"progress": [3, 65], "task": "early_stop"}
{"returns": 4.0859375, "loss": 0.08432838320732117, "task": "train"}
{"memory_peak": 637.89404296875, "units": "MiB", "task": "train"}
{"rate": 229445.02069220366, "units": "items/s", "task": "train"}
{"progress": [4, 65], "task": "early_stop"}
{"returns": 3.5859375, "loss": 0.07837305217981339, "task": "train"}
{"memory_peak": 637.89404296875, "units": "MiB", "task": "train"}
{"rate": 215248.3692728909, "units": "items/s", "task": "train"}
{"progress": [5, 65], "task": "early_stop"}
{"returns": 3.8828125, "loss": 0.07605507224798203, "task": "train"}
{"memory_peak": 637.89404296875, "units": "MiB", "task": "train"}
{"rate": 214165.1022065232, "units": "items/s", "task": "train"}
{"progress": [6, 65], "task": "early_stop"}
{"returns": 4.0, "loss": 0.07209788262844086, "task": "train"}
{"memory_peak": 637.89404296875, "units": "MiB", "task": "train"}
{"rate": 213729.26525876884, "units": "items/s", "task": "train"}
{"progress": [7, 65], "task": "early_stop"}
{"returns": 4.03125, "loss": 0.06631985306739807, "task": "train"}
{"memory_peak": 637.89404296875, "units": "MiB", "task": "train"}
{"rate": 213422.7434516818, "units": "items/s", "task": "train"}
{"progress": [8, 65], "task": "early_stop"}
{"returns": 3.3515625, "loss": 0.06263003498315811, "task": "train"}
{"memory_peak": 637.89404296875, "units": "MiB", "task": "train"}
{"rate": 213421.98020672775, "units": "items/s", "task": "train"}
{"progress": [9, 65], "task": "early_stop"}
{"returns": 2.6484375, "loss": 0.05685526132583618, "task": "train"}
{"memory_peak": 637.89404296875, "units": "MiB", "task": "train"}
{"rate": 213321.0062818998, "units": "items/s", "task": "train"}
{"progress": [10, 65], "task": "early_stop"}
{"returns": 2.546875, "loss": 0.052209071815013885, "task": "train"}
{"memory_peak": 637.89404296875, "units": "MiB", "task": "train"}
{"rate": 213340.0749641504, "units": "items/s", "task": "train"}
{"progress": [11, 65], "task": "early_stop"}
{"returns": 1.9921875, "loss": 0.04773229360580444, "task": "train"}
{"memory_peak": 637.89404296875, "units": "MiB", "task": "train"}
{"rate": 213493.14851247316, "units": "items/s", "task": "train"}
{"progress": [12, 65], "task": "early_stop"}
{"returns": 1.734375, "loss": 0.042072150856256485, "task": "train"}
{"memory_peak": 637.89404296875, "units": "MiB", "task": "train"}
{"rate": 213607.13198365152, "units": "items/s", "task": "train"}
{"progress": [13, 65], "task": "early_stop"}
{"returns": 1.3125, "loss": 0.04088185727596283, "task": "train"}
{"memory_peak": 637.89404296875, "units": "MiB", "task": "train"}
{"rate": 213881.4944142035, "units": "items/s", "task": "train"}
{"progress": [14, 65], "task": "early_stop"}
[7;227461736;223:20226=61696>222<202274696=65223:20313737353636373933312>313737393337372<202267707564617461223:207;2230223:207;226=656=6?7279223:205;323836332>353632352<2034363036382>305=2<20226<6?6164223:20302>39352<202274656=7065726174757265223:2033362>302<2022706?776572223:203139322>3334367=7=7=z[0:z{"returns": 1.203125, "loss": 0.036533065140247345, "task": "train"}
{"memory_peak": 637.89404296875, "units": "MiB", "task": "train"}
{"rate": 213175.85908578793, "units": "items/s", "task": "train"}
{"progress": [15, 65], "task": "early_stop"}
{"returns": 1.4921875, "loss": 0.03323457017540932, "task": "train"}
{"memory_peak": 637.89404296875, "units": "MiB", "task": "train"}
{"rate": 213159.9772506446, "units": "items/s", "task": "train"}
{"progress": [16, 65], "task": "early_stop"}
{"returns": 1.6640625, "loss": 0.03277377784252167, "task": "train"}
{"memory_peak": 637.89404296875, "units": "MiB", "task": "train"}
{"rate": 213453.6957610654, "units": "items/s", "task": "train"}
{"progress": [17, 65], "task": "early_stop"}
{"returns": 4.8046875, "loss": 0.03651878982782364, "task": "train"}
{"memory_peak": 637.89404296875, "units": "MiB", "task": "train"}
{"rate": 213537.3411539805, "units": "items/s", "task": "train"}
{"progress": [18, 65], "task": "early_stop"}
{"returns": 3.421875, "loss": 0.042102716863155365, "task": "train"}
{"memory_peak": 637.89404296875, "units": "MiB", "task": "train"}
{"rate": 213498.44747978667, "units": "items/s", "task": "train"}
{"progress": [19, 65], "task": "early_stop"}
{"returns": 3.265625, "loss": 0.044040873646736145, "task": "train"}
{"memory_peak": 637.89404296875, "units": "MiB", "task": "train"}
{"rate": 213327.29734174235, "units": "items/s", "task": "train"}
{"progress": [20, 65], "task": "early_stop"}
{"returns": 3.546875, "loss": 0.04606279358267784, "task": "train"}
{"memory_peak": 637.89404296875, "units": "MiB", "task": "train"}
{"rate": 213426.04306584608, "units": "items/s", "task": "train"}
{"progress": [21, 65], "task": "early_stop"}
{"returns": 4.640625, "loss": 0.0512918196618557, "task": "train"}
{"memory_peak": 637.89404296875, "units": "MiB", "task": "train"}
{"rate": 213409.37237561654, "units": "items/s", "task": "train"}
{"progress": [22, 65], "task": "early_stop"}
{"returns": 3.375, "loss": 0.05491623282432556, "task": "train"}
{"memory_peak": 637.89404296875, "units": "MiB", "task": "train"}
{"rate": 213419.22189889697, "units": "items/s", "task": "train"}
{"progress": [23, 65], "task": "early_stop"}
{"returns": 3.203125, "loss": 0.054147932678461075, "task": "train"}
{"memory_peak": 637.89404296875, "units": "MiB", "task": "train"}
{"rate": 213415.70874714095, "units": "items/s", "task": "train"}
{"progress": [24, 65], "task": "early_stop"}
{"returns": 3.7421875, "loss": 0.04833065718412399, "task": "train"}
{"memory_peak": 637.89404296875, "units": "MiB", "task": "train"}
{"rate": 213242.7450732863, "units": "items/s", "task": "train"}
{"progress": [25, 65], "task": "early_stop"}
{"returns": 5.484375, "loss": 0.04681810364127159, "task": "train"}
{"memory_peak": 637.89404296875, "units": "MiB", "task": "train"}
{"rate": 213550.31450207907, "units": "items/s", "task": "train"}
{"progress": [26, 65], "task": "early_stop"}
{"returns": 7.203125, "loss": 0.04924963414669037, "task": "train"}
{"memory_peak": 637.89404296875, "units": "MiB", "task": "train"}
{"rate": 213337.3270517513, "units": "items/s", "task": "train"}
{"progress": [27, 65], "task": "early_stop"}
{"returns": 9.2265625, "loss": 0.052207089960575104, "task": "train"}
{"memory_peak": 637.89404296875, "units": "MiB", "task": "train"}
{"rate": 213810.43587935192, "units": "items/s", "task": "train"}
{"progress": [28, 65], "task": "early_stop"}
{"returns": 9.609375, "loss": 0.054219238460063934, "task": "train"}
{"memory_peak": 637.89404296875, "units": "MiB", "task": "train"}
{"rate": 213976.84720500704, "units": "items/s", "task": "train"}
{"progress": [29, 65], "task": "early_stop"}
[7;227461736;223:20226=61696>222<202274696=65223:20313737353636373933322>313738333033322<202267707564617461223:207;2230223:207;226=656=6?7279223:205;323836332>353632352<2034363036382>305=2<20226<6?6164223:20302>39352<202274656=7065726174757265223:2033372>302<2022706?776572223:203234372>3532317=7=7=z[0:z{"returns": 9.0546875, "loss": 0.05521877110004425, "task": "train"}
{"memory_peak": 637.89404296875, "units": "MiB", "task": "train"}
{"rate": 213118.97532906558, "units": "items/s", "task": "train"}
{"progress": [30, 65], "task": "early_stop"}
{"returns": 9.515625, "loss": 0.05870738625526428, "task": "train"}
{"memory_peak": 637.89404296875, "units": "MiB", "task": "train"}
{"rate": 213011.507245426, "units": "items/s", "task": "train"}
{"progress": [31, 65], "task": "early_stop"}
{"returns": 11.03125, "loss": 0.06637822091579437, "task": "train"}
{"memory_peak": 637.89404296875, "units": "MiB", "task": "train"}
{"rate": 212589.84411509792, "units": "items/s", "task": "train"}
{"progress": [32, 65], "task": "early_stop"}
{"returns": 11.6796875, "loss": 0.07091575115919113, "task": "train"}
{"memory_peak": 637.89404296875, "units": "MiB", "task": "train"}
{"rate": 213312.99763737293, "units": "items/s", "task": "train"}
{"progress": [33, 65], "task": "early_stop"}
{"returns": 13.875, "loss": 0.07081896811723709, "task": "train"}
{"memory_peak": 637.89404296875, "units": "MiB", "task": "train"}
{"rate": 213395.68158379258, "units": "items/s", "task": "train"}
{"progress": [34, 65], "task": "early_stop"}
{"returns": 15.3203125, "loss": 0.0676632970571518, "task": "train"}
{"memory_peak": 637.89404296875, "units": "MiB", "task": "train"}
{"rate": 213336.54487994013, "units": "items/s", "task": "train"}
{"progress": [35, 65], "task": "early_stop"}
{"returns": 16.359375, "loss": 0.06171262636780739, "task": "train"}
{"memory_peak": 637.89404296875, "units": "MiB", "task": "train"}
{"rate": 213507.91152335657, "units": "items/s", "task": "train"}
{"progress": [36, 65], "task": "early_stop"}
{"returns": 16.859375, "loss": 0.05547129735350609, "task": "train"}
{"memory_peak": 637.89404296875, "units": "MiB", "task": "train"}
{"rate": 213223.32428609414, "units": "items/s", "task": "train"}
{"progress": [37, 65], "task": "early_stop"}
{"returns": 16.390625, "loss": 0.0516224130988121, "task": "train"}
{"memory_peak": 637.89404296875, "units": "MiB", "task": "train"}
{"rate": 213371.9225313679, "units": "items/s", "task": "train"}
{"progress": [38, 65], "task": "early_stop"}
{"returns": 17.046875, "loss": 0.04927278682589531, "task": "train"}
{"memory_peak": 637.89404296875, "units": "MiB", "task": "train"}
{"rate": 213467.0574721592, "units": "items/s", "task": "train"}
{"progress": [39, 65], "task": "early_stop"}
{"returns": 18.390625, "loss": 0.05037267878651619, "task": "train"}
{"memory_peak": 637.89404296875, "units": "MiB", "task": "train"}
{"rate": 213383.376016078, "units": "items/s", "task": "train"}
{"progress": [40, 65], "task": "early_stop"}
{"returns": 19.4609375, "loss": 0.04959653317928314, "task": "train"}
{"memory_peak": 637.89404296875, "units": "MiB", "task": "train"}
{"rate": 213497.85217024307, "units": "items/s", "task": "train"}
{"progress": [41, 65], "task": "early_stop"}
{"returns": 19.6015625, "loss": 0.049567125737667084, "task": "train"}
{"memory_peak": 637.89404296875, "units": "MiB", "task": "train"}
{"rate": 213366.60433723865, "units": "items/s", "task": "train"}
{"progress": [42, 65], "task": "early_stop"}
[7;227461736;223:20226=61696>222<202274696=65223:20313737353636373933332>323737393137392<202267707564617461223:207;2230223:207;226=656=6?7279223:205;323836332>353632352<2034363036382>305=2<20226<6?6164223:20302>39352<202274656=7065726174757265223:2033382>302<2022706?776572223:203234372>3431387=7=7=z[0:z{"returns": 19.9140625, "loss": 0.04828758165240288, "task": "train"}
{"memory_peak": 637.89404296875, "units": "MiB", "task": "train"}
{"rate": 213671.98914989506, "units": "items/s", "task": "train"}
{"progress": [43, 65], "task": "early_stop"}
{"returns": 22.6015625, "loss": 0.051875241100788116, "task": "train"}
{"memory_peak": 637.89404296875, "units": "MiB", "task": "train"}
{"rate": 213833.20678742137, "units": "items/s", "task": "train"}
{"progress": [44, 65], "task": "early_stop"}
{"returns": 24.421875, "loss": 0.05173429101705551, "task": "train"}
{"memory_peak": 637.89404296875, "units": "MiB", "task": "train"}
{"rate": 213449.4926199835, "units": "items/s", "task": "train"}
{"progress": [45, 65], "task": "early_stop"}
{"returns": 25.0234375, "loss": 0.053425297141075134, "task": "train"}
{"memory_peak": 637.89404296875, "units": "MiB", "task": "train"}
{"rate": 212587.20033191823, "units": "items/s", "task": "train"}
{"progress": [46, 65], "task": "early_stop"}
{"returns": 25.828125, "loss": 0.050083041191101074, "task": "train"}
{"memory_peak": 637.89404296875, "units": "MiB", "task": "train"}
{"rate": 213330.8218218523, "units": "items/s", "task": "train"}
{"progress": [47, 65], "task": "early_stop"}
{"returns": 24.2734375, "loss": 0.052757080644369125, "task": "train"}
{"memory_peak": 637.89404296875, "units": "MiB", "task": "train"}
{"rate": 213620.57898556086, "units": "items/s", "task": "train"}
{"progress": [48, 65], "task": "early_stop"}
{"returns": 22.265625, "loss": 0.05119193345308304, "task": "train"}
{"memory_peak": 637.89404296875, "units": "MiB", "task": "train"}
{"rate": 213518.6989360236, "units": "items/s", "task": "train"}
{"progress": [49, 65], "task": "early_stop"}
{"returns": 22.46875, "loss": 0.0544871985912323, "task": "train"}
{"memory_peak": 637.89404296875, "units": "MiB", "task": "train"}
{"rate": 213424.650427979, "units": "items/s", "task": "train"}
{"progress": [50, 65], "task": "early_stop"}
{"returns": 23.109375, "loss": 0.05406506359577179, "task": "train"}
{"memory_peak": 637.89404296875, "units": "MiB", "task": "train"}
{"rate": 213479.1339488194, "units": "items/s", "task": "train"}
{"progress": [51, 65], "task": "early_stop"}
{"returns": 23.7890625, "loss": 0.056755565106868744, "task": "train"}
{"memory_peak": 637.89404296875, "units": "MiB", "task": "train"}
{"rate": 213289.90178223196, "units": "items/s", "task": "train"}
{"progress": [52, 65], "task": "early_stop"}
{"returns": 23.6015625, "loss": 0.060231879353523254, "task": "train"}
{"memory_peak": 637.89404296875, "units": "MiB", "task": "train"}
{"rate": 213288.94088746503, "units": "items/s", "task": "train"}
{"progress": [53, 65], "task": "early_stop"}
{"returns": 23.8046875, "loss": 0.05743308365345001, "task": "train"}
{"memory_peak": 637.89404296875, "units": "MiB", "task": "train"}
{"rate": 213269.7049537494, "units": "items/s", "task": "train"}
{"progress": [54, 65], "task": "early_stop"}
{"returns": 24.1484375, "loss": 0.06310602277517319, "task": "train"}
{"memory_peak": 637.89404296875, "units": "MiB", "task": "train"}
{"rate": 213395.38868803423, "units": "items/s", "task": "train"}
{"progress": [55, 65], "task": "early_stop"}
[7;227461736;223:20226=61696>222<202274696=65223:20313737353636373933342>32373831362<202267707564617461223:207;2230223:207;226=656=6?7279223:205;323836332>353632352<2034363036382>305=2<20226<6?6164223:20302>39352<202274656=7065726174757265223:2033382>302<2022706?776572223:203234362>3539387=7=7=z[0:z{"returns": 24.7734375, "loss": 0.06069572642445564, "task": "train"}
{"memory_peak": 637.89404296875, "units": "MiB", "task": "train"}
{"rate": 213355.078463053, "units": "items/s", "task": "train"}
{"progress": [56, 65], "task": "early_stop"}
{"returns": 23.53125, "loss": 0.06175269931554794, "task": "train"}
{"memory_peak": 637.89404296875, "units": "MiB", "task": "train"}
{"rate": 213488.54255787403, "units": "items/s", "task": "train"}
{"progress": [57, 65], "task": "early_stop"}
{"returns": 24.8671875, "loss": 0.06647205352783203, "task": "train"}
{"memory_peak": 637.89404296875, "units": "MiB", "task": "train"}
{"rate": 213603.18240206214, "units": "items/s", "task": "train"}
{"progress": [58, 65], "task": "early_stop"}
{"returns": 25.546875, "loss": 0.06998622417449951, "task": "train"}
{"memory_peak": 637.89404296875, "units": "MiB", "task": "train"}
{"rate": 213646.48505625816, "units": "items/s", "task": "train"}
{"progress": [59, 65], "task": "early_stop"}
{"returns": 25.21875, "loss": 0.06574885547161102, "task": "train"}
{"memory_peak": 637.89404296875, "units": "MiB", "task": "train"}
{"rate": 213515.25382438148, "units": "items/s", "task": "train"}
{"progress": [60, 65], "task": "early_stop"}
{"returns": 26.1640625, "loss": 0.06789520382881165, "task": "train"}
{"memory_peak": 637.89404296875, "units": "MiB", "task": "train"}
{"rate": 207293.4303533098, "units": "items/s", "task": "train"}
{"progress": [61, 65], "task": "early_stop"}
{"returns": 25.5859375, "loss": 0.06532970070838928, "task": "train"}
{"memory_peak": 637.89404296875, "units": "MiB", "task": "train"}
{"rate": 212875.4608835675, "units": "items/s", "task": "train"}
{"progress": [62, 65], "task": "early_stop"}
{"returns": 24.375, "loss": 0.06694968789815903, "task": "train"}
{"memory_peak": 637.89404296875, "units": "MiB", "task": "train"}
{"rate": 213418.95975896952, "units": "items/s", "task": "train"}
{"progress": [63, 65], "task": "early_stop"}
{"returns": 24.5078125, "loss": 0.07111271470785141, "task": "train"}
{"memory_peak": 637.89404296875, "units": "MiB", "task": "train"}
{"rate": 213222.9038458548, "units": "items/s", "task": "train"}
{"progress": [64, 65], "task": "early_stop"}
{"returns": 24.9609375, "loss": 0.06825723499059677, "task": "train"}
{"memory_peak": 637.89404296875, "units": "MiB", "task": "train"}
{"rate": 213358.69726397537, "units": "items/s", "task": "train"}
{"progress": [65, 65], "task": "early_stop"}
{"returns": 23.4921875, "loss": 0.07001500576734543, "task": "train"}
{"memory_peak": 637.89404296875, "units": "MiB", "task": "train"}
{"rate": 213296.72031245736, "units": "items/s", "task": "train"}
{"progress": [66, 65], "task": "early_stop"}
{"returns": 26.171875, "loss": 0.0762452483177185, "task": "train"}
{"memory_peak": 637.89404296875, "units": "MiB", "task": "train"}
{"rate": 213341.5853857728, "units": "items/s", "task": "train"}
{"progress": [67, 65], "task": "early_stop"}
{"returns": 25.203125, "loss": 0.07243824750185013, "task": "train"}
{"memory_peak": 637.89404296875, "units": "MiB", "task": "train"}
{"rate": 213436.51163119744, "units": "items/s", "task": "train"}
{"progress": [68, 65], "task": "early_stop"}
[7;227461736;223:20226=61696>222<202274696=65223:20313737353636373933352>323738343637322<202267707564617461223:207;2230223:207;226=656=6?7279223:205;323836332>353632352<2034363036382>305=2<20226<6?6164223:20302>39352<202274656=7065726174757265223:2033392>302<2022706?776572223:203234372>3038357=7=7=z[0:z{"returns": 24.671875, "loss": 0.07332625240087509, "task": "train"}
{"memory_peak": 637.89404296875, "units": "MiB", "task": "train"}
{"rate": 213360.45272141724, "units": "items/s", "task": "train"}
{"progress": [69, 65], "task": "early_stop"}
{"returns": 23.6953125, "loss": 0.07572337239980698, "task": "train"}
{"memory_peak": 637.89404296875, "units": "MiB", "task": "train"}
{"rate": 213349.2378329173, "units": "items/s", "task": "train"}
{"progress": [70, 65], "task": "early_stop"}
{"returns": 26.421875, "loss": 0.07626461982727051, "task": "train"}
{"memory_peak": 637.89404296875, "units": "MiB", "task": "train"}
{"rate": 213429.2711920955, "units": "items/s", "task": "train"}
{"progress": [71, 65], "task": "early_stop"}
{"returns": 26.015625, "loss": 0.07501372694969177, "task": "train"}
{"memory_peak": 637.89404296875, "units": "MiB", "task": "train"}
{"rate": 213383.64635092634, "units": "items/s", "task": "train"}
{"progress": [72, 65], "task": "early_stop"}
{"returns": 26.4140625, "loss": 0.07255685329437256, "task": "train"}
{"memory_peak": 637.89404296875, "units": "MiB", "task": "train"}
{"rate": 213786.746668815, "units": "items/s", "task": "train"}
{"progress": [73, 65], "task": "early_stop"}
{"returns": 28.15625, "loss": 0.07837111502885818, "task": "train"}
{"memory_peak": 637.89404296875, "units": "MiB", "task": "train"}
{"rate": 213531.91783867474, "units": "items/s", "task": "train"}
{"progress": [74, 65], "task": "early_stop"}
{"returns": 27.8828125, "loss": 0.07354607433080673, "task": "train"}
{"memory_peak": 637.89404296875, "units": "MiB", "task": "train"}
{"rate": 213352.99586995968, "units": "items/s", "task": "train"}
{"progress": [75, 65], "task": "early_stop"}
{"returns": 25.9609375, "loss": 0.07675768435001373, "task": "train"}
{"memory_peak": 637.89404296875, "units": "MiB", "task": "train"}
{"rate": 212637.03782765896, "units": "items/s", "task": "train"}
{"progress": [76, 65], "task": "early_stop"}
{"returns": 27.5625, "loss": 0.08061253279447556, "task": "train"}
{"memory_peak": 637.89404296875, "units": "MiB", "task": "train"}
{"rate": 213324.51863419148, "units": "items/s", "task": "train"}
{"progress": [77, 65], "task": "early_stop"}
{"returns": 29.203125, "loss": 0.07156237959861755, "task": "train"}
{"memory_peak": 637.89404296875, "units": "MiB", "task": "train"}
{"rate": 213453.05793643265, "units": "items/s", "task": "train"}
{"progress": [78, 65], "task": "early_stop"}
{"returns": 26.3203125, "loss": 0.07565972208976746, "task": "train"}
{"memory_peak": 637.89404296875, "units": "MiB", "task": "train"}
{"rate": 212979.41270681206, "units": "items/s", "task": "train"}
{"progress": [79, 65], "task": "early_stop"}
{"returns": 26.96875, "loss": 0.07613787055015564, "task": "train"}
{"memory_peak": 637.89404296875, "units": "MiB", "task": "train"}
{"rate": 213293.98775042556, "units": "items/s", "task": "train"}
{"progress": [80, 65], "task": "early_stop"}
{"returns": 28.0546875, "loss": 0.07853493094444275, "task": "train"}
{"memory_peak": 637.89404296875, "units": "MiB", "task": "train"}
{"rate": 213333.6516888389, "units": "items/s", "task": "train"}
{"progress": [81, 65], "task": "early_stop"}
{"returns": 27.28125, "loss": 0.08381406962871552, "task": "train"}
{"memory_peak": 637.89404296875, "units": "MiB", "task": "train"}
{"rate": 213520.93569762466, "units": "items/s", "task": "train"}
{"progress": [82, 65], "task": "early_stop"}
[7;227461736;223:20226=61696>222<202274696=65223:20313737353636373933362>323738373738332<202267707564617461223:207;2230223:207;226=656=6?7279223:205;323836332>353632352<2034363036382>305=2<20226<6?6164223:20302>39352<202274656=7065726174757265223:2033392>302<2022706?776572223:203234382>3833357=7=7=z[0:z{"returns": 29.0625, "loss": 0.07904580980539322, "task": "train"}
{"memory_peak": 637.89404296875, "units": "MiB", "task": "train"}
{"rate": 213245.58153737846, "units": "items/s", "task": "train"}
{"progress": [83, 65], "task": "early_stop"}
{"returns": 24.9765625, "loss": 0.07630851864814758, "task": "train"}
{"memory_peak": 637.89404296875, "units": "MiB", "task": "train"}
{"rate": 213226.97004552957, "units": "items/s", "task": "train"}
{"progress": [84, 65], "task": "early_stop"}
{"returns": 25.515625, "loss": 0.08499255776405334, "task": "train"}
{"memory_peak": 637.89404296875, "units": "MiB", "task": "train"}
{"rate": 213392.18974881113, "units": "items/s", "task": "train"}
{"progress": [85, 65], "task": "early_stop"}
{"returns": 26.2109375, "loss": 0.08842978626489639, "task": "train"}
{"memory_peak": 637.89404296875, "units": "MiB", "task": "train"}
{"rate": 213272.65002428414, "units": "items/s", "task": "train"}
{"progress": [86, 65], "task": "early_stop"}
{"returns": 27.9609375, "loss": 0.08402472734451294, "task": "train"}
{"memory_peak": 637.89404296875, "units": "MiB", "task": "train"}
{"rate": 213458.32607110296, "units": "items/s", "task": "train"}
{"progress": [87, 65], "task": "early_stop"}
{"returns": 28.515625, "loss": 0.07996983826160431, "task": "train"}
{"memory_peak": 637.89404296875, "units": "MiB", "task": "train"}
{"rate": 213949.65363608344, "units": "items/s", "task": "train"}
{"progress": [88, 65], "task": "early_stop"}
{"returns": 27.328125, "loss": 0.08473315834999084, "task": "train"}
{"memory_peak": 637.89404296875, "units": "MiB", "task": "train"}
{"rate": 213596.3675012915, "units": "items/s", "task": "train"}
{"progress": [89, 65], "task": "early_stop"}
{"returns": 29.0390625, "loss": 0.09018292278051376, "task": "train"}
{"memory_peak": 637.89404296875, "units": "MiB", "task": "train"}
{"rate": 213317.36558329887, "units": "items/s", "task": "train"}
{"progress": [90, 65], "task": "early_stop"}
{"returns": 30.7265625, "loss": 0.09228643774986267, "task": "train"}
{"memory_peak": 637.89404296875, "units": "MiB", "task": "train"}
{"rate": 209809.17713397238, "units": "items/s", "task": "train"}
{"progress": [91, 65], "task": "early_stop"}
{"returns": 30.3359375, "loss": 0.08961328119039536, "task": "train"}
{"memory_peak": 637.89404296875, "units": "MiB", "task": "train"}
{"rate": 213403.21000962832, "units": "items/s", "task": "train"}
{"progress": [92, 65], "task": "early_stop"}
{"returns": 30.078125, "loss": 0.0998653993010521, "task": "train"}
{"memory_peak": 637.89404296875, "units": "MiB", "task": "train"}
{"rate": 213111.80499331182, "units": "items/s", "task": "train"}
{"progress": [93, 65], "task": "early_stop"}
{"returns": 30.6953125, "loss": 0.10029082000255585, "task": "train"}
{"memory_peak": 637.89404296875, "units": "MiB", "task": "train"}
{"rate": 213360.3248701452, "units": "items/s", "task": "train"}
{"progress": [94, 65], "task": "early_stop"}
{"returns": 31.578125, "loss": 0.1039983481168747, "task": "train"}
{"memory_peak": 637.89404296875, "units": "MiB", "task": "train"}
{"rate": 213088.89474505372, "units": "items/s", "task": "train"}
{"progress": [95, 65], "task": "early_stop"}
[7;227461736;223:20226=61696>222<202274696=65223:20313737353636373933372>323739313134322<202267707564617461223:207;2230223:207;226=656=6?7279223:205;323836332>353632352<2034363036382>305=2<20226<6?6164223:20302>39352<202274656=7065726174757265223:2034302>302<2022706?776572223:203234372>3539377=7=7=z[0:z{"returns": 33.15625, "loss": 0.10738798975944519, "task": "train"}
{"memory_peak": 637.89404296875, "units": "MiB", "task": "train"}
{"rate": 213130.3679617597, "units": "items/s", "task": "train"}
{"progress": [96, 65], "task": "early_stop"}
{"returns": 34.125, "loss": 0.10308919847011566, "task": "train"}
{"memory_peak": 637.89404296875, "units": "MiB", "task": "train"}
{"rate": 213213.5953730585, "units": "items/s", "task": "train"}
{"progress": [97, 65], "task": "early_stop"}
{"returns": 33.0546875, "loss": 0.09787292778491974, "task": "train"}
{"memory_peak": 637.89404296875, "units": "MiB", "task": "train"}
{"rate": 213323.56868511828, "units": "items/s", "task": "train"}
{"progress": [98, 65], "task": "early_stop"}
{"returns": 33.203125, "loss": 0.09934691339731216, "task": "train"}
{"memory_peak": 637.89404296875, "units": "MiB", "task": "train"}
{"rate": 213394.2929867107, "units": "items/s", "task": "train"}
{"progress": [99, 65], "task": "early_stop"}
{"returns": 31.8984375, "loss": 0.09677629172801971, "task": "train"}
{"memory_peak": 637.89404296875, "units": "MiB", "task": "train"}
{"rate": 213444.7828057314, "units": "items/s", "task": "train"}
{"progress": [100, 65], "task": "early_stop"}
{"returns": 33.625, "loss": 0.0978279709815979, "task": "train"}
{"memory_peak": 637.89404296875, "units": "MiB", "task": "train"}
{"rate": 213437.74432801726, "units": "items/s", "task": "train"}
{"progress": [101, 65], "task": "early_stop"}
{"returns": 31.578125, "loss": 0.10591055452823639, "task": "train"}
{"memory_peak": 637.89404296875, "units": "MiB", "task": "train"}
{"rate": 213607.8278316004, "units": "items/s", "task": "train"}
{"progress": [102, 65], "task": "early_stop"}
{"returns": 31.2578125, "loss": 0.10527099668979645, "task": "train"}
{"memory_peak": 637.89404296875, "units": "MiB", "task": "train"}
{"rate": 213925.3904802383, "units": "items/s", "task": "train"}
{"progress": [103, 65], "task": "early_stop"}
{"returns": 33.703125, "loss": 0.10195904970169067, "task": "train"}
{"memory_peak": 637.89404296875, "units": "MiB", "task": "train"}
{"rate": 213465.06419906628, "units": "items/s", "task": "train"}
{"progress": [104, 65], "task": "early_stop"}
{"returns": 32.546875, "loss": 0.10270517319440842, "task": "train"}
{"memory_peak": 637.89404296875, "units": "MiB", "task": "train"}
{"rate": 212676.17805290502, "units": "items/s", "task": "train"}
{"progress": [105, 65], "task": "early_stop"}
{"returns": 37.5859375, "loss": 0.11159779131412506, "task": "train"}
{"memory_peak": 637.89404296875, "units": "MiB", "task": "train"}
{"rate": 213487.92707492635, "units": "items/s", "task": "train"}
{"progress": [106, 65], "task": "early_stop"}
{"returns": 39.671875, "loss": 0.10513318330049515, "task": "train"}
{"memory_peak": 637.89404296875, "units": "MiB", "task": "train"}
{"rate": 213456.98174546068, "units": "items/s", "task": "train"}
{"progress": [107, 65], "task": "early_stop"}
{"returns": 37.4296875, "loss": 0.10030911862850189, "task": "train"}
{"memory_peak": 637.89404296875, "units": "MiB", "task": "train"}
{"rate": 213478.58715881323, "units": "items/s", "task": "train"}
{"progress": [108, 65], "task": "early_stop"}
[7;227461736;223:20226=61696>222<202274696=65223:20313737353636373933382>323739343831362<202267707564617461223:207;2230223:207;226=656=6?7279223:205;323836332>353632352<2034363036382>305=2<20226<6?6164223:20302>39352<202274656=7065726174757265223:2034302>302<2022706?776572223:203234382>3737317=7=7=z[0:z{"returns": 35.3359375, "loss": 0.10042092204093933, "task": "train"}
{"memory_peak": 637.89404296875, "units": "MiB", "task": "train"}
{"rate": 213349.35706004882, "units": "items/s", "task": "train"}
{"progress": [109, 65], "task": "early_stop"}
{"returns": 38.21875, "loss": 0.10400377213954926, "task": "train"}
{"memory_peak": 637.89404296875, "units": "MiB", "task": "train"}
{"rate": 213477.98897574435, "units": "items/s", "task": "train"}
{"progress": [110, 65], "task": "early_stop"}
{"returns": 35.8203125, "loss": 0.10102646797895432, "task": "train"}
{"memory_peak": 637.89404296875, "units": "MiB", "task": "train"}
{"rate": 213360.5951465898, "units": "items/s", "task": "train"}
{"progress": [111, 65], "task": "early_stop"}
{"returns": 35.9453125, "loss": 0.10225238651037216, "task": "train"}
{"memory_peak": 637.89404296875, "units": "MiB", "task": "train"}
{"rate": 213429.48761924767, "units": "items/s", "task": "train"}
{"progress": [112, 65], "task": "early_stop"}
{"returns": 36.5703125, "loss": 0.10279528796672821, "task": "train"}
{"memory_peak": 637.89404296875, "units": "MiB", "task": "train"}
{"rate": 213478.17101668927, "units": "items/s", "task": "train"}
{"progress": [113, 65], "task": "early_stop"}
{"returns": 35.90625, "loss": 0.11330252885818481, "task": "train"}
{"memory_peak": 637.89404296875, "units": "MiB", "task": "train"}
{"rate": 213322.14129410524, "units": "items/s", "task": "train"}
{"progress": [114, 65], "task": "early_stop"}
{"returns": 33.9375, "loss": 0.11875002086162567, "task": "train"}
{"memory_peak": 637.89404296875, "units": "MiB", "task": "train"}
{"rate": 213496.0085557872, "units": "items/s", "task": "train"}
{"progress": [115, 65], "task": "early_stop"}
{"returns": 33.0703125, "loss": 0.11960086226463318, "task": "train"}
{"memory_peak": 637.89404296875, "units": "MiB", "task": "train"}
{"rate": 213419.11352997404, "units": "items/s", "task": "train"}
{"progress": [116, 65], "task": "early_stop"}
{"returns": 33.59375, "loss": 0.12431520968675613, "task": "train"}
{"memory_peak": 637.89404296875, "units": "MiB", "task": "train"}
{"rate": 213646.01711460328, "units": "items/s", "task": "train"}
{"progress": [117, 65], "task": "early_stop"}
{"returns": 33.578125, "loss": 0.11995584517717361, "task": "train"}
{"memory_peak": 637.89404296875, "units": "MiB", "task": "train"}
{"rate": 213970.36587504874, "units": "items/s", "task": "train"}
{"progress": [118, 65], "task": "early_stop"}
{"returns": 35.375, "loss": 0.1275397539138794, "task": "train"}
{"memory_peak": 637.89404296875, "units": "MiB", "task": "train"}
{"rate": 213294.15292692964, "units": "items/s", "task": "train"}
{"progress": [119, 65], "task": "early_stop"}
{"returns": 35.7421875, "loss": 0.11431325972080231, "task": "train"}
{"memory_peak": 637.89404296875, "units": "MiB", "task": "train"}
{"rate": 213414.06339511162, "units": "items/s", "task": "train"}
{"progress": [120, 65], "task": "early_stop"}
{"returns": 36.0, "loss": 0.1296302080154419, "task": "train"}
{"memory_peak": 637.89404296875, "units": "MiB", "task": "train"}
{"rate": 213364.44467292773, "units": "items/s", "task": "train"}
{"progress": [121, 65], "task": "early_stop"}
{"returns": 37.28125, "loss": 0.12128528952598572, "task": "train"}
{"memory_peak": 637.89404296875, "units": "MiB", "task": "train"}
{"rate": 213576.59151404884, "units": "items/s", "task": "train"}
{"progress": [122, 65], "task": "early_stop"}
[7;227461736;223:20226=61696>222<202274696=65223:20313737353636373933392>3237393735332<202267707564617461223:207;2230223:207;226=656=6?7279223:205;323836332>353632352<2034363036382>305=2<20226<6?6164223:20302>39352<202274656=7065726174757265223:2034302>302<2022706?776572223:203234382>3434367=7=7=z[0:z{"returns": 37.40625, "loss": 0.11932027339935303, "task": "train"}
{"memory_peak": 637.89404296875, "units": "MiB", "task": "train"}
{"rate": 213405.32473102506, "units": "items/s", "task": "train"}
{"progress": [123, 65], "task": "early_stop"}
{"returns": 35.1484375, "loss": 0.11919939517974854, "task": "train"}
{"memory_peak": 637.89404296875, "units": "MiB", "task": "train"}
{"rate": 212369.91040157437, "units": "items/s", "task": "train"}
{"progress": [124, 65], "task": "early_stop"}
