/tmp/results/venv/torch/lib/python3.12/site-packages/jax/_src/ops/scatter.py:104: FutureWarning: scatter inputs have incompatible types: cannot safely cast value from dtype=int32 to dtype=bool with jax_numpy_dtype_promotion=standard. In future JAX releases this will result in an error.
  warnings.warn(
/tmp/results/venv/torch/lib/python3.12/site-packages/jax/_src/ops/scatter.py:104: FutureWarning: scatter inputs have incompatible types: cannot safely cast value from dtype=float32 to dtype=bool with jax_numpy_dtype_promotion=standard. In future JAX releases this will result in an error.
  warnings.warn(
/tmp/results/venv/torch/lib/python3.12/site-packages/jax/_src/numpy/array_methods.py:125: UserWarning: Explicitly requested dtype int64 requested in astype is not available, and will be truncated to dtype int32. To enable more dtypes, set the jax_enable_x64 configuration option or the JAX_ENABLE_X64 shell environment variable. See https://github.com/jax-ml/jax#current-gotchas for more.
  return lax_numpy.astype(self, dtype, copy=copy, device=device)
E0408 12:04:44.901332 2427718 xtile_compiler.cc:399] Fusion: gemm_fusion_dot_general.12 = f16[128,120]{1,0} fusion(convert_element_type.1002, convert_element_type.1003), kind=kCustom, calls=gemm_fusion_dot_general.12_computation.clone, backend_config={"operation_queue_id":"0","wait_on_operation_queues":[],"fusion_backend_config":{"kind":"__triton_nested_gemm_fusion","block_level_fusion_config":{"num_warps":"8","output_tiles":[{"sizes":["128","256"]}],"num_ctas":1,"num_stages":4,"is_tma_allowed":false,"is_warp_specialization_allowed":false}},"force_earliest_schedule":false,"reification_cost":[],"device_type":"DEVICE_TYPE_INVALID"}
E0408 12:04:44.901467 2427718 xtile_compiler.cc:401] Computation: gemm_fusion_dot_general.12_computation.clone {
  parameter_0.11 = f16[128,600]{1,0} parameter(0)
  parameter_1.11 = f16[600,120]{1,0} parameter(1)
  ROOT dot_general.37 = f16[128,120]{1,0} dot(parameter_0.11, parameter_1.11), lhs_contracting_dims={1}, rhs_contracting_dims={0}, backend_config={"sizes":["64"]}
}
E0408 12:04:47.614115 2427720 xtile_compiler.cc:399] Fusion: gemm_fusion_dot_general.13 = f16[128,84]{1,0} fusion(add.6781, convert_element_type.1005), kind=kCustom, calls=gemm_fusion_dot_general.13_computation.clone, backend_config={"operation_queue_id":"0","wait_on_operation_queues":[],"fusion_backend_config":{"kind":"__triton_nested_gemm_fusion","block_level_fusion_config":{"num_warps":"8","output_tiles":[{"sizes":["128","256"]}],"num_ctas":1,"num_stages":4,"is_tma_allowed":false,"is_warp_specialization_allowed":false}},"force_earliest_schedule":false,"reification_cost":[],"device_type":"DEVICE_TYPE_INVALID"}
E0408 12:04:47.614233 2427720 xtile_compiler.cc:401] Computation: gemm_fusion_dot_general.13_computation.clone {
  parameter_0.12 = f16[128,120]{1,0} parameter(0)
  constant_4910 = f16[] constant(0)
  max.178 = f16[128,120]{1,0} broadcast(constant_4910), dimensions={}
  max.179 = f16[128,120]{1,0} maximum(parameter_0.12, max.178)
  parameter_1.12 = f16[120,84]{1,0} parameter(1)
  ROOT dot_general.38 = f16[128,84]{1,0} dot(max.179, parameter_1.12), lhs_contracting_dims={1}, rhs_contracting_dims={0}, backend_config={"sizes":["64"]}
}
E0408 12:04:48.169983 2427716 xtile_compiler.cc:399] Fusion: gemm_fusion_dot_general.17 = f16[65536,120]{1,0} fusion(bitcast.353, convert_element_type.304), kind=kCustom, calls=gemm_fusion_dot_general.17_computation.clone, backend_config={"operation_queue_id":"0","wait_on_operation_queues":[],"fusion_backend_config":{"kind":"__triton_nested_gemm_fusion","block_level_fusion_config":{"num_warps":"8","output_tiles":[{"sizes":["128","128"]}],"num_ctas":1,"num_stages":4,"is_tma_allowed":false,"is_warp_specialization_allowed":false}},"force_earliest_schedule":false,"reification_cost":[],"device_type":"DEVICE_TYPE_INVALID"}
E0408 12:04:48.170068 2427716 xtile_compiler.cc:401] Computation: gemm_fusion_dot_general.17_computation.clone {
  parameter_0 = f16[65536,600]{1,0} parameter(0)
  parameter_1 = f16[600,120]{1,0} parameter(1)
  ROOT dot_general.29 = f16[65536,120]{1,0} dot(parameter_0, parameter_1), lhs_contracting_dims={1}, rhs_contracting_dims={0}, backend_config={"sizes":["64"]}
}
