Failed to import warp: No module named 'warp'
Failed to import mujoco_warp: No module named 'warp'
No overseer found
{"returns": 3.8359375, "loss": 0.0, "task": "train"}
{"memory_peak": 515.232666015625, "units": "MiB", "task": "train"}
{"rate": 182678.5084197377, "units": "items/s", "task": "train"}
{"progress": [0, 65], "task": "early_stop"}
{"returns": 4.234375, "loss": 0.0, "task": "train"}
{"memory_peak": 515.232666015625, "units": "MiB", "task": "train"}
{"rate": 315059.1169861393, "units": "items/s", "task": "train"}
{"progress": [1, 65], "task": "early_stop"}
{"returns": 3.8671875, "loss": 0.0, "task": "train"}
{"memory_peak": 515.232666015625, "units": "MiB", "task": "train"}
{"rate": 765188.7332672845, "units": "items/s", "task": "train"}
{"progress": [2, 65], "task": "early_stop"}
{"returns": 4.3359375, "loss": 0.0, "task": "train"}
{"memory_peak": 515.232666015625, "units": "MiB", "task": "train"}
{"rate": 792909.5660888781, "units": "items/s", "task": "train"}
{"progress": [3, 65], "task": "early_stop"}
{"returns": 4.0703125, "loss": 0.08422114700078964, "task": "train"}
{"memory_peak": 515.232666015625, "units": "MiB", "task": "train"}
{"rate": 331938.5203155396, "units": "items/s", "task": "train"}
{"progress": [4, 65], "task": "early_stop"}
{"returns": 3.1171875, "loss": 0.07836975157260895, "task": "train"}
{"memory_peak": 515.232666015625, "units": "MiB", "task": "train"}
{"rate": 322949.3285144089, "units": "items/s", "task": "train"}
{"progress": [5, 65], "task": "early_stop"}
{"returns": 3.9140625, "loss": 0.07665722072124481, "task": "train"}
{"memory_peak": 515.232666015625, "units": "MiB", "task": "train"}
{"rate": 321014.50219515077, "units": "items/s", "task": "train"}
{"progress": [6, 65], "task": "early_stop"}
{"returns": 3.8125, "loss": 0.07230307161808014, "task": "train"}
{"memory_peak": 515.232666015625, "units": "MiB", "task": "train"}
{"rate": 319691.24185729574, "units": "items/s", "task": "train"}
{"progress": [7, 65], "task": "early_stop"}
{"returns": 4.1953125, "loss": 0.06714488565921783, "task": "train"}
{"memory_peak": 515.232666015625, "units": "MiB", "task": "train"}
{"rate": 319281.4830334528, "units": "items/s", "task": "train"}
{"progress": [8, 65], "task": "early_stop"}
{"returns": 3.7421875, "loss": 0.061752572655677795, "task": "train"}
{"memory_peak": 515.232666015625, "units": "MiB", "task": "train"}
{"rate": 319641.0553204689, "units": "items/s", "task": "train"}
{"progress": [9, 65], "task": "early_stop"}
{"returns": 3.1484375, "loss": 0.05686023831367493, "task": "train"}
{"memory_peak": 515.232666015625, "units": "MiB", "task": "train"}
{"rate": 320134.89193223347, "units": "items/s", "task": "train"}
{"progress": [10, 65], "task": "early_stop"}
{"returns": 2.7578125, "loss": 0.0510033518075943, "task": "train"}
{"memory_peak": 515.232666015625, "units": "MiB", "task": "train"}
{"rate": 320556.82644907275, "units": "items/s", "task": "train"}
{"progress": [11, 65], "task": "early_stop"}
{"returns": 1.921875, "loss": 0.04601793363690376, "task": "train"}
{"memory_peak": 515.232666015625, "units": "MiB", "task": "train"}
{"rate": 320860.5100651725, "units": "items/s", "task": "train"}
{"progress": [12, 65], "task": "early_stop"}
{"returns": 1.375, "loss": 0.04251857101917267, "task": "train"}
{"memory_peak": 515.232666015625, "units": "MiB", "task": "train"}
{"rate": 310605.1865241738, "units": "items/s", "task": "train"}
{"progress": [13, 65], "task": "early_stop"}
{"returns": 1.5078125, "loss": 0.04024828225374222, "task": "train"}
{"memory_peak": 515.232666015625, "units": "MiB", "task": "train"}
{"rate": 317785.88460839377, "units": "items/s", "task": "train"}
{"progress": [14, 65], "task": "early_stop"}
{"returns": 1.0234375, "loss": 0.03544124960899353, "task": "train"}
{"memory_peak": 515.232666015625, "units": "MiB", "task": "train"}
{"rate": 318587.5734077406, "units": "items/s", "task": "train"}
{"progress": [15, 65], "task": "early_stop"}
{"returns": 0.6796875, "loss": 0.03358779102563858, "task": "train"}
{"memory_peak": 515.232666015625, "units": "MiB", "task": "train"}
{"rate": 319841.6206703112, "units": "items/s", "task": "train"}
{"progress": [16, 65], "task": "early_stop"}
{"returns": 3.390625, "loss": 0.03442201018333435, "task": "train"}
{"memory_peak": 515.232666015625, "units": "MiB", "task": "train"}
{"rate": 319439.62024810596, "units": "items/s", "task": "train"}
{"progress": [17, 65], "task": "early_stop"}
{"returns": 3.8046875, "loss": 0.038199037313461304, "task": "train"}
{"memory_peak": 515.232666015625, "units": "MiB", "task": "train"}
{"rate": 320413.87238786713, "units": "items/s", "task": "train"}
{"progress": [18, 65], "task": "early_stop"}
{"returns": 3.5234375, "loss": 0.040739431977272034, "task": "train"}
{"memory_peak": 515.232666015625, "units": "MiB", "task": "train"}
{"rate": 319772.05967747763, "units": "items/s", "task": "train"}
{"progress": [19, 65], "task": "early_stop"}
[7;227461736;223:20226=61696>222<202274696=65223:20313737353636343239362>393339343637372<202267707564617461223:207;2230223:207;226=656=6?7279223:205;313834352>353632352<2034363036382>305=2<20226<6?6164223:20302>39322<202274656=7065726174757265223:2033352>302<2022706?776572223:203138362>3233357=7=7=z[0:z{"returns": 6.3515625, "loss": 0.04784136265516281, "task": "train"}
{"memory_peak": 515.232666015625, "units": "MiB", "task": "train"}
{"rate": 319265.6318669333, "units": "items/s", "task": "train"}
{"progress": [20, 65], "task": "early_stop"}
{"returns": 7.3125, "loss": 0.05354201793670654, "task": "train"}
{"memory_peak": 515.232666015625, "units": "MiB", "task": "train"}
{"rate": 319960.68334903405, "units": "items/s", "task": "train"}
{"progress": [21, 65], "task": "early_stop"}
{"returns": 4.546875, "loss": 0.056857433170080185, "task": "train"}
{"memory_peak": 515.232666015625, "units": "MiB", "task": "train"}
{"rate": 320486.55572329747, "units": "items/s", "task": "train"}
{"progress": [22, 65], "task": "early_stop"}
{"returns": 3.1796875, "loss": 0.05617569014430046, "task": "train"}
{"memory_peak": 515.232666015625, "units": "MiB", "task": "train"}
{"rate": 319309.60173653334, "units": "items/s", "task": "train"}
{"progress": [23, 65], "task": "early_stop"}
{"returns": 4.4765625, "loss": 0.053169090300798416, "task": "train"}
{"memory_peak": 515.232666015625, "units": "MiB", "task": "train"}
{"rate": 320354.2732021531, "units": "items/s", "task": "train"}
{"progress": [24, 65], "task": "early_stop"}
{"returns": 5.484375, "loss": 0.0487789586186409, "task": "train"}
{"memory_peak": 515.232666015625, "units": "MiB", "task": "train"}
{"rate": 319810.403928642, "units": "items/s", "task": "train"}
{"progress": [25, 65], "task": "early_stop"}
{"returns": 7.109375, "loss": 0.0480932891368866, "task": "train"}
{"memory_peak": 515.232666015625, "units": "MiB", "task": "train"}
{"rate": 320494.07997291564, "units": "items/s", "task": "train"}
{"progress": [26, 65], "task": "early_stop"}
{"returns": 6.8046875, "loss": 0.048527467995882034, "task": "train"}
{"memory_peak": 515.232666015625, "units": "MiB", "task": "train"}
{"rate": 319308.9385270412, "units": "items/s", "task": "train"}
{"progress": [27, 65], "task": "early_stop"}
{"returns": 8.09375, "loss": 0.05037364363670349, "task": "train"}
{"memory_peak": 515.232666015625, "units": "MiB", "task": "train"}
{"rate": 319960.8814859037, "units": "items/s", "task": "train"}
{"progress": [28, 65], "task": "early_stop"}
{"returns": 10.8984375, "loss": 0.05010104924440384, "task": "train"}
{"memory_peak": 515.232666015625, "units": "MiB", "task": "train"}
{"rate": 320297.9290092268, "units": "items/s", "task": "train"}
{"progress": [29, 65], "task": "early_stop"}
{"returns": 14.078125, "loss": 0.0490415059030056, "task": "train"}
{"memory_peak": 515.232666015625, "units": "MiB", "task": "train"}
{"rate": 320059.42837179045, "units": "items/s", "task": "train"}
{"progress": [30, 65], "task": "early_stop"}
{"returns": 14.390625, "loss": 0.05425947159528732, "task": "train"}
{"memory_peak": 515.232666015625, "units": "MiB", "task": "train"}
{"rate": 318924.20484865573, "units": "items/s", "task": "train"}
{"progress": [31, 65], "task": "early_stop"}
{"returns": 13.828125, "loss": 0.05552181601524353, "task": "train"}
{"memory_peak": 515.232666015625, "units": "MiB", "task": "train"}
{"rate": 319060.5327394095, "units": "items/s", "task": "train"}
{"progress": [32, 65], "task": "early_stop"}
{"returns": 13.140625, "loss": 0.05787331238389015, "task": "train"}
{"memory_peak": 515.232666015625, "units": "MiB", "task": "train"}
{"rate": 320661.5949362557, "units": "items/s", "task": "train"}
{"progress": [33, 65], "task": "early_stop"}
{"returns": 13.578125, "loss": 0.05172169208526611, "task": "train"}
{"memory_peak": 515.232666015625, "units": "MiB", "task": "train"}
{"rate": 321093.7677851066, "units": "items/s", "task": "train"}
{"progress": [34, 65], "task": "early_stop"}
{"returns": 14.75, "loss": 0.04764508828520775, "task": "train"}
{"memory_peak": 515.232666015625, "units": "MiB", "task": "train"}
{"rate": 321197.5274295289, "units": "items/s", "task": "train"}
{"progress": [35, 65], "task": "early_stop"}
{"returns": 14.8125, "loss": 0.0456332266330719, "task": "train"}
{"memory_peak": 515.232666015625, "units": "MiB", "task": "train"}
{"rate": 319879.29666869895, "units": "items/s", "task": "train"}
{"progress": [36, 65], "task": "early_stop"}
{"returns": 16.1953125, "loss": 0.04377806559205055, "task": "train"}
{"memory_peak": 515.232666015625, "units": "MiB", "task": "train"}
{"rate": 320445.547001473, "units": "items/s", "task": "train"}
{"progress": [37, 65], "task": "early_stop"}
{"returns": 16.4921875, "loss": 0.041931599378585815, "task": "train"}
{"memory_peak": 515.232666015625, "units": "MiB", "task": "train"}
{"rate": 320426.8540460583, "units": "items/s", "task": "train"}
{"progress": [38, 65], "task": "early_stop"}
{"returns": 16.9921875, "loss": 0.037122875452041626, "task": "train"}
{"memory_peak": 515.232666015625, "units": "MiB", "task": "train"}
{"rate": 319960.2796272997, "units": "items/s", "task": "train"}
{"progress": [39, 65], "task": "early_stop"}
[7;227461736;223:20226=61696>222<202274696=65223:20313737353636343239372>393339393036382<202267707564617461223:207;2230223:207;226=656=6?7279223:205;313834352>353632352<2034363036382>305=2<20226<6?6164223:20302>39332<202274656=7065726174757265223:2033362>302<2022706?776572223:203230382>3937347=7=7=z[0:z{"returns": 17.5703125, "loss": 0.03654206544160843, "task": "train"}
{"memory_peak": 515.232666015625, "units": "MiB", "task": "train"}
{"rate": 319474.005364015, "units": "items/s", "task": "train"}
{"progress": [40, 65], "task": "early_stop"}
{"returns": 19.4453125, "loss": 0.03589455410838127, "task": "train"}
{"memory_peak": 515.232666015625, "units": "MiB", "task": "train"}
{"rate": 319909.0308840049, "units": "items/s", "task": "train"}
{"progress": [41, 65], "task": "early_stop"}
{"returns": 20.6015625, "loss": 0.03666035085916519, "task": "train"}
{"memory_peak": 515.232666015625, "units": "MiB", "task": "train"}
{"rate": 320620.02756868006, "units": "items/s", "task": "train"}
{"progress": [42, 65], "task": "early_stop"}
{"returns": 20.953125, "loss": 0.037553347647190094, "task": "train"}
{"memory_peak": 515.232666015625, "units": "MiB", "task": "train"}
{"rate": 320294.6648339352, "units": "items/s", "task": "train"}
{"progress": [43, 65], "task": "early_stop"}
{"returns": 21.125, "loss": 0.03553361818194389, "task": "train"}
{"memory_peak": 515.232666015625, "units": "MiB", "task": "train"}
{"rate": 320863.9003941221, "units": "items/s", "task": "train"}
{"progress": [44, 65], "task": "early_stop"}
{"returns": 20.921875, "loss": 0.03646893799304962, "task": "train"}
{"memory_peak": 515.232666015625, "units": "MiB", "task": "train"}
{"rate": 320594.7481687734, "units": "items/s", "task": "train"}
{"progress": [45, 65], "task": "early_stop"}
{"returns": 19.6015625, "loss": 0.038683194667100906, "task": "train"}
{"memory_peak": 515.232666015625, "units": "MiB", "task": "train"}
{"rate": 320203.7902776783, "units": "items/s", "task": "train"}
{"progress": [46, 65], "task": "early_stop"}
{"returns": 21.6015625, "loss": 0.03916499763727188, "task": "train"}
{"memory_peak": 515.232666015625, "units": "MiB", "task": "train"}
{"rate": 320178.96731609927, "units": "items/s", "task": "train"}
{"progress": [47, 65], "task": "early_stop"}
{"returns": 22.34375, "loss": 0.03800330311059952, "task": "train"}
{"memory_peak": 515.232666015625, "units": "MiB", "task": "train"}
{"rate": 320685.7804515931, "units": "items/s", "task": "train"}
{"progress": [48, 65], "task": "early_stop"}
{"returns": 22.3671875, "loss": 0.040510956197977066, "task": "train"}
{"memory_peak": 515.232666015625, "units": "MiB", "task": "train"}
{"rate": 320180.41509838554, "units": "items/s", "task": "train"}
{"progress": [49, 65], "task": "early_stop"}
{"returns": 22.75, "loss": 0.038205862045288086, "task": "train"}
{"memory_peak": 515.232666015625, "units": "MiB", "task": "train"}
{"rate": 320986.4362720088, "units": "items/s", "task": "train"}
{"progress": [50, 65], "task": "early_stop"}
{"returns": 22.453125, "loss": 0.04007209092378616, "task": "train"}
{"memory_peak": 515.232666015625, "units": "MiB", "task": "train"}
{"rate": 318958.70781435823, "units": "items/s", "task": "train"}
{"progress": [51, 65], "task": "early_stop"}
{"returns": 23.2890625, "loss": 0.043161120265722275, "task": "train"}
{"memory_peak": 515.232666015625, "units": "MiB", "task": "train"}
{"rate": 320534.8835809441, "units": "items/s", "task": "train"}
{"progress": [52, 65], "task": "early_stop"}
{"returns": 23.015625, "loss": 0.044933903962373734, "task": "train"}
{"memory_peak": 515.232666015625, "units": "MiB", "task": "train"}
{"rate": 320617.187634956, "units": "items/s", "task": "train"}
{"progress": [53, 65], "task": "early_stop"}
{"returns": 23.4609375, "loss": 0.04038035124540329, "task": "train"}
{"memory_peak": 515.232666015625, "units": "MiB", "task": "train"}
{"rate": 320394.73274788103, "units": "items/s", "task": "train"}
{"progress": [54, 65], "task": "early_stop"}
{"returns": 23.125, "loss": 0.04293934255838394, "task": "train"}
{"memory_peak": 515.232666015625, "units": "MiB", "task": "train"}
{"rate": 307600.22854441294, "units": "items/s", "task": "train"}
{"progress": [55, 65], "task": "early_stop"}
{"returns": 24.015625, "loss": 0.04384101554751396, "task": "train"}
{"memory_peak": 515.232666015625, "units": "MiB", "task": "train"}
{"rate": 320285.8362934151, "units": "items/s", "task": "train"}
{"progress": [56, 65], "task": "early_stop"}
{"returns": 24.3359375, "loss": 0.04474369063973427, "task": "train"}
{"memory_peak": 515.232666015625, "units": "MiB", "task": "train"}
{"rate": 321103.87800998834, "units": "items/s", "task": "train"}
{"progress": [57, 65], "task": "early_stop"}
{"returns": 24.6953125, "loss": 0.04755265265703201, "task": "train"}
{"memory_peak": 515.232666015625, "units": "MiB", "task": "train"}
{"rate": 320502.5926359645, "units": "items/s", "task": "train"}
{"progress": [58, 65], "task": "early_stop"}
{"returns": 25.46875, "loss": 0.044678524136543274, "task": "train"}
{"memory_peak": 515.232666015625, "units": "MiB", "task": "train"}
{"rate": 320412.30671171, "units": "items/s", "task": "train"}
{"progress": [59, 65], "task": "early_stop"}
[7;227461736;223:20226=61696>222<202274696=65223:20313737353636343239382>393430323935322<202267707564617461223:207;2230223:207;226=656=6?7279223:205;313834352>353632352<2034363036382>305=2<20226<6?6164223:20302>39332<202274656=7065726174757265223:2033372>302<2022706?776572223:203230382>3239317=7=7=z[0:z{"returns": 24.9765625, "loss": 0.05015655234456062, "task": "train"}
{"memory_peak": 515.232666015625, "units": "MiB", "task": "train"}
{"rate": 319696.16693496046, "units": "items/s", "task": "train"}
{"progress": [60, 65], "task": "early_stop"}
{"returns": 24.8046875, "loss": 0.04538475722074509, "task": "train"}
{"memory_peak": 515.232666015625, "units": "MiB", "task": "train"}
{"rate": 319710.90514914965, "units": "items/s", "task": "train"}
{"progress": [61, 65], "task": "early_stop"}
{"returns": 23.9296875, "loss": 0.04150646924972534, "task": "train"}
{"memory_peak": 515.232666015625, "units": "MiB", "task": "train"}
{"rate": 320783.5390671416, "units": "items/s", "task": "train"}
{"progress": [62, 65], "task": "early_stop"}
{"returns": 24.0, "loss": 0.046706803143024445, "
{"memory_peak": 0.0, "units": "MiB", "task": "train"}
{"rate": 4997.070854373869, "units": "items/s", "task": "train"}
{"progress": [28, 65], "task": "early_stop"}
[7;227461736;223:20226=61696>222<202274696=65223:20313737353636343236312>343636323433352<202267707564617461223:207;7=7=z[0:z[7;227461736;223:20226=61696>222<202274696=65223:20313737353636343236322>343636343935352<202267707564617461223:207;7=7=z[0:z[7;227461736;223:20226=61696>222<202274696=65223:20313737353636343236332>343636373435392<202267707564617461223:207;7=7=z[0:z{"returns": 10.96875, "loss": 0.054490476846694946, "task": "train"}
{"memory_peak": 0.0, "units": "MiB", "task": "train"}
{"rate": 5001.890766300699, "units": "items/s", "task": "train"}
{"progress": [29, 65], "task": "early_stop"}
[7;227461736;223:20226=61696>222<202274696=65223:20313737353636343236342>343636393934352<202267707564617461223:207;7=7=z[0:z[7;227461736;223:20226=61696>222<202274696=65223:20313737353636343236352>3436373238312<202267707564617461223:207;7=7=z[0:z[7;227461736;223:20226=61696>222<202274696=65223:20313737353636343236362>3436373635352<202267707564617461223:207;7=7=z[0:z[7;227461736;223:20226=61696>222<202274696=65223:20313737353636343236372>343637393036372<202267707564617461223:207;7=7=z[0:z{"returns": 10.2421875, "loss": 0.05802839994430542, "task": "train"}
{"memory_peak": 0.0, "units": "MiB", "task": "train"}
{"rate": 5077.420369453415, "units": "items/s", "task": "train"}
{"progress": [30, 65], "task": "early_stop"}
[7;227461736;223:20226=61696>222<202274696=65223:20313737353636343236382>343638313635392<202267707564617461223:207;7=7=z[0:z[7;227461736;223:20226=61696>222<202274696=65223:20313737353636343236392>3436383431392<202267707564617461223:207;7=7=z[0:z[7;227461736;223:20226=61696>222<202274696=65223:20313737353636343237302>3436383639322<202267707564617461223:207;7=7=z[0:z{"returns": 11.984375, "loss": 0.05631280690431595, "task": "train"}
{"memory_peak": 0.0, "units": "MiB", "task": "train"}
{"rate": 5070.225535879547, "units": "items/s", "task": "train"}
{"progress": [31, 65], "task": "early_stop"}
[7;227461736;223:20226=61696>222<202274696=65223:20313737353636343237312>3436393032322<202267707564617461223:207;7=7=z[0:z[7;227461736;223:20226=61696>222<202274696=65223:20313737353636343237322>3436393237382<202267707564617461223:207;7=7=z[0:z[7;227461736;223:20226=61696>222<202274696=65223:20313737353636343237332>3436393533382<202267707564617461223:207;7=7=z[0:z{"returns": 11.2578125, "loss": 0.05303037539124489, "task": "train"}
{"memory_peak": 0.0, "units": "MiB", "task": "train"}
{"rate": 5103.272815700578, "units": "items/s", "task": "train"}
{"progress": [32, 65], "task": "early_stop"}
[7;227461736;223:20226=61696>222<202274696=65223:20313737353636343237342>3436393738392<202267707564617461223:207;7=7=z[0:z[7;227461736;223:20226=61696>222<202274696=65223:20313737353636343237352>343730303337352<202267707564617461223:207;7=7=z[0:z[7;227461736;223:20226=61696>222<202274696=65223:20313737353636343237362>3437303330312<202267707564617461223:207;7=7=z[0:z[7;227461736;223:20226=61696>222<202274696=65223:20313737353636343237372>343730363234322<202267707564617461223:207;7=7=z[0:z{"returns": 8.1640625, "loss": 0.05261606350541115, "task": "train"}
{"memory_peak": 0.0, "units": "MiB", "task": "train"}
{"rate": 4267.429190299513, "units": "items/s", "task": "train"}
{"progress": [33, 65], "task": "early_stop"}
[7;227461736;223:20226=61696>222<202274696=65223:20313737353636343237382>343730383730332<202267707564617461223:207;7=7=z[0:z[7;227461736;223:20226=61696>222<202274696=65223:20313737353636343237392>343731313332382<202267707564617461223:207;7=7=z[0:z[7;227461736;223:20226=61696>222<202274696=65223:20313737353636343238302>343731333533382<202267707564617461223:207;7=7=z[0:z{"returns": 11.6171875, "loss": 0.052142247557640076, "task": "train"}
{"memory_peak": 0.0, "units": "MiB", "task": "train"}
{"rate": 4429.800556164599, "units": "items/s", "task": "train"}
{"progress": [34, 65], "task": "early_stop"}
[7;227461736;223:20226=61696>222<202274696=65223:20313737353636343238312>343731353938312<202267707564617461223:207;7=7=z[0:z[7;227461736;223:20226=61696>222<202274696=65223:20313737353636343238322>343731383238322<202267707564617461223:207;7=7=z[0:z[7;227461736;223:20226=61696>222<202274696=65223:20313737353636343238332>343732303437382<202267707564617461223:207;7=7=z[0:z[7;227461736;223:20226=61696>222<202274696=65223:20313737353636343238342>343732323838382<202267707564617461223:207;7=7=z[0:z[7;227461736;223:20226=61696>222<202274696=65223:20313737353636343238352>343732353235382<202267707564617461223:207;7=7=z[0:z[7;227461736;223:20226=61696>222<202274696=65223:20313737353636343238362>343732373632332<202267707564617461223:207;7=7=z[0:z{"returns": 12.53125, "loss": 0.05469532310962677, "task": "train"}
{"memory_peak": 0.0, "units": "MiB", "task": "train"}
{"rate": 2893.6875728669274, "units": "items/s", "task": "train"}
{"progress": [35, 65], "task": "early_stop"}
[7;227461736;223:20226=61696>222<202274696=65223:20313737353636343238372>3437333031392<202267707564617461223:207;7=7=z[0:z[7;227461736;223:20226=61696>222<202274696=65223:20313737353636343238382>343733323639372<202267707564617461223:207;7=7=z[0:z[7;227461736;223:20226=61696>222<202274696=65223:20313737353636343238392>343733353138362<202267707564617461223:207;7=7=z[0:z[7;227461736;223:20226=61696>222<202274696=65223:20313737353636343239302>343733373930342<202267707564617461223:207;7=7=z[0:z[7;227461736;223:20226=61696>222<202274696=65223:20313737353636343239312>343734303335372<202267707564617461223:207;7=7=z[0:z{"returns": 13.3984375, "loss": 0.05184868350625038, "task": "train"}
{"memory_peak": 0.0, "units": "MiB", "task": "train"}
{"rate": 3101.7587157560683, "units": "items/s", "task": "train"}
{"progress": [36, 65], "task": "early_stop"}
[7;227461736;223:20226=61696>222<202274696=65223:20313737353636343239322>343734323638322<202267707564617461223:207;7=7=z[0:z[7;227461736;223:20226=61696>222<202274696=65223:20313737353636343239332>343734353137332<202267707564617461223:207;7=7=z[0:z[7;227461736;223:20226=61696>222<202274696=65223:20313737353636343239342>343734373734362<202267707564617461223:207;7=7=z[0:z[7;227461736;223:20226=61696>222<202274696=65223:20313737353636343239352>3437353031392<202267707564617461223:207;7=7=z[0:z{"returns": 15.5625, "loss": 0.0529651865363121, "task": "train"}
{"memory_peak": 0.0, "units": "MiB", "task": "train"}
{"rate": 4351.143891034574, "units": "items/s", "task": "train"}
{"progress": [37, 65], "task": "early_stop"}
[7;227461736;223:20226=61696>222<202274696=65223:20313737353636343239362>343735323637342<202267707564617461223:207;7=7=z[0:z[7;227461736;223:20226=61696>222<202274696=65223:20313737353636343239372>34373534392<202267707564617461223:207;7=7=z[0:z[7;227461736;223:20226=61696>222<202274696=65223:20313737353636343239382>343735373034372<202267707564617461223:207;7=7=z[0:z{"returns": 17.1015625, "loss": 0.04971960932016373, "task": "train"}
{"memory_peak": 0.0, "units": "MiB", "task": "train"}
{"rate": 4356.8956531309595, "units": "items/s", "task": "train"}
{"progress": [38, 65], "task": "early_stop"}
[7;227461736;223:20226=61696>222<202274696=65223:20313737353636343239392>3437353932342<202267707564617461223:207;7=7=z[0:z[7;227461736;223:20226=61696>222<202274696=65223:20313737353636343330302>343736313437342<202267707564617461223:207;7=7=z[0:z[7;227461736;223:20226=61696>222<202274696=65223:20313737353636343330312>3437363337382<202267707564617461223:207;7=7=z[0:z[7;227461736;223:20226=61696>222<202274696=65223:20313737353636343330322>3437363634332<202267707564617461223:207;7=7=z[0:z{"returns": 17.6875, "loss": 0.0502040758728981, "task": "train"}
{"memory_peak": 0.0, "units": "MiB", "task": "train"}
{"rate": 4365.1385716144705, "units": "items/s", "task": "train"}
{"progress": [39, 65], "task": "early_stop"}
[7;227461736;223:20226=61696>222<202274696=65223:20313737353636343330332>343737303338342<202267707564617461223:207;7=7=z[0:z[7;227461736;223:20226=61696>222<202274696=65223:20313737353636343330342>343737323832382<202267707564617461223:207;7=7=z[0:z[7;227461736;223:20226=61696>222<202274696=65223:20313737353636343330352>343737373239332<202267707564617461223:207;7=7=z[0:z{"returns": 17.765625, "loss": 0.048827994614839554, "task": "train"}
{"memory_peak": 0.0, "units": "MiB", "task": "train"}
{"rate": 4911.636306089042, "units": "items/s", "task": "train"}
{"progress": [40, 65], "task": "early_stop"}
[7;227461736;223:20226=61696>222<202274696=65223:20313737353636343330362>343737393935392<202267707564617461223:207;7=7=z[0:z[7;227461736;223:20226=61696>222<202274696=65223:20313737353636343330372>343738323436372<202267707564617461223:207;7=7=z[0:z[7;227461736;223:20226=61696>222<202274696=65223:20313737353636343330382>3437383439352<202267707564617461223:207;7=7=z[0:z{"returns": 17.9375, "loss": 0.04428303986787796, "task": "train"}
{"memory_peak": 0.0, "units": "MiB", "task": "train"}
{"rate": 4999.318155577505, "units": "items/s", "task": "train"}
{"progress": [41, 65], "task": "early_stop"}
[7;227461736;223:20226=61696>222<202274696=65223:20313737353636343330392>343738373537362<202267707564617461223:207;7=7=z[0:z[7;227461736;223:20226=61696>222<202274696=65223:20313737353636343331302>343739303230362<202267707564617461223:207;7=7=z[0:z[7;227461736;223:20226=61696>222<202274696=65223:20313737353636343331312>343739323634372<202267707564617461223:207;7=7=z[0:z[7;227461736;223:20226=61696>222<202274696=65223:20313737353636343331322>343739353332322<202267707564617461223:207;7=7=z[0:z{"returns": 18.5546875, "loss": 0.040512215346097946, "task": "train"}
{"memory_peak": 0.0, "units": "MiB", "task": "train"}
{"rate": 5075.37251089681, "units": "items/s", "task": "train"}
{"progress": [42, 65], "task": "early_stop"}
[7;227461736;223:20226=61696>222<202274696=65223:20313737353636343331332>3437393737382<202267707564617461223:207;7=7=z[0:z[7;227461736;223:20226=61696>222<202274696=65223:20313737353636343331342>343830303239332<202267707564617461223:207;7=7=z[0:z[7;227461736;223:20226=61696>222<202274696=65223:20313737353636343331352>343830323738352<202267707564617461223:207;7=7=z[0:z{"returns": 18.546875, "loss": 0.03885146230459213, "task": "train"}
{"memory_peak": 0.0, "units": "MiB", "task": "train"}
{"rate": 5082.402944585253, "units": "items/s", "task": "train"}
{"progress": [43, 65], "task": "early_stop"}
[7;227461736;223:20226=61696>222<202274696=65223:20313737353636343331362>3438303534312<202267707564617461223:207;7=7=z[0:z[7;227461736;223:20226=61696>222<202274696=65223:20313737353636343331372>343830383030322<202267707564617461223:207;7=7=z[0:z[7;227461736;223:20226=61696>222<202274696=65223:20313737353636343331382>343831303531342<202267707564617461223:207;7=7=z[0:z{"returns": 18.296875, "loss": 0.03471715375781059, "task": "train"}
{"memory_peak": 0.0, "units": "MiB", "task": "train"}
{"rate": 5081.527500068682, "units": "items/s", "task": "train"}
{"progress": [44, 65], "task": "early_stop"}
[7;227461736;223:20226=61696>222<202274696=65223:20313737353636343331392>3438313239362<202267707564617461223:207;7=7=z[0:z[7;227461736;223:20226=61696>222<202274696=65223:20313737353636343332302>343831353435342<202267707564617461223:207;7=7=z[0:z[7;227461736;223:20226=61696>222<202274696=65223:20313737353636343332312>343831383032352<202267707564617461223:207;7=7=z[0:z{"returns": 17.6171875, "loss": 0.03734230995178223, "task": "train"}
{"memory_peak": 0.0, "units": "MiB", "task": "train"}
{"rate": 5079.541463540548, "units": "items/s", "task": "train"}
{"progress": [45, 65], "task": "early_stop"}
[7;227461736;223:20226=61696>222<202274696=65223:20313737353636343332322>343832303734332<202267707564617461223:207;7=7=z[0:z[7;227461736;223:20226=61696>222<202274696=65223:20313737353636343332332>343832333331382<202267707564617461223:207;7=7=z[0:z[7;227461736;223:20226=61696>222<202274696=65223:20313737353636343332342>343832353833382<202267707564617461223:207;7=7=z[0:z{"returns": 18.296875, "loss": 0.03568747267127037, "task": "train"}
{"memory_peak": 0.0, "units": "MiB", "task": "train"}
{"rate": 4955.012713319547, "units": "items/s", "task": "train"}
{"progress": [46, 65], "task": "early_stop"}
[7;227461736;223:20226=61696>222<202274696=65223:20313737353636343332352>343832383238362<202267707564617461223:207;7=7=z[0:z[7;227461736;223:20226=61696>222<202274696=65223:20313737353636343332362>343833303739372<202267707564617461223:207;7=7=z[0:z[7;227461736;223:20226=61696>222<202274696=65223:20313737353636343332372>3438333334372<202267707564617461223:207;7=7=z[0:z{"returns": 18.6953125, "loss": 0.036836668848991394, "task": "train"}
{"memory_peak": 0.0, "units": "MiB", "task": "train"}
{"rate": 5087.541770056254, "units": "items/s", "task": "train"}
{"progress": [47, 65], "task": "early_stop"}
[7;227461736;223:20226=61696>222<202274696=65223:20313737353636343332382>343833363039322<202267707564617461223:207;7=7=z[0:z[7;227461736;223:20226=61696>222<202274696=65223:20313737353636343332392>343833383231362<202267707564617461223:207;7=7=z[0:z[7;227461736;223:20226=61696>222<202274696=65223:20313737353636343333302>343834303632342<202267707564617461223:207;7=7=z[0:z[7;227461736;223:20226=61696>222<202274696=65223:20313737353636343333312>3438343330372<202267707564617461223:207;7=7=z[0:z{"returns": 19.2578125, "loss": 0.03669954091310501, "task": "train"}
{"memory_peak": 0.0, "units": "MiB", "task": "train"}
{"rate": 5079.67469450802, "units": "items/s", "task": "train"}
{"progress": [48, 65], "task": "early_stop"}
[7;227461736;223:20226=61696>222<202274696=65223:20313737353636343333322>343834353532392<202267707564617461223:207;7=7=z[0:z[7;227461736;223:20226=61696>222<202274696=65223:20313737353636343333332>343834383036352<202267707564617461223:207;7=7=z[0:z[7;227461736;223:20226=61696>222<202274696=65223:20313737353636343333342>3438353034372<202267707564617461223:207;7=7=z[0:z{"returns": 20.640625, "loss": 0.03827008605003357, "task": "train"}
{"memory_peak": 0.0, "units": "MiB", "task": "train"}
{"rate": 5028.579080549822, "units": "items/s", "task": "train"}
{"progress": [49, 65], "task": "early_stop"}
[7;227461736;223:20226=61696>222<202274696=65223:20313737353636343333352>343835323839362<202267707564617461223:207;7=7=z[0:z[7;227461736;223:20226=61696>222<202274696=65223:20313737353636343333362>343835353438372<202267707564617461223:207;7=7=z[0:z[7;227461736;223:20226=61696>222<202274696=65223:20313737353636343333372>343835373935332<202267707564617461223:207;7=7=z[0:z{"returns": 21.578125, "loss": 0.04093273729085922, "task": "train"}
{"memory_peak": 0.0, "units": "MiB", "task": "train"}
{"rate": 5097.347855851796, "units": "items/s", "task": "train"}
{"progress": [50, 65], "task": "early_stop"}
[7;227461736;223:20226=61696>222<202274696=65223:20313737353636343333382>3438363035342<202267707564617461223:207;7=7=z[0:z[7;227461736;223:20226=61696>222<202274696=65223:20313737353636343333392>343836333137322<202267707564617461223:207;7=7=z[0:z[7;227461736;223:20226=61696>222<202274696=65223:20313737353636343334302>343836353631382<202267707564617461223:207;7=7=z[0:z{"returns": 21.5546875, "loss": 0.04547044634819031, "task": "train"}
{"memory_peak": 0.0, "units": "MiB", "task": "train"}
{"rate": 5062.994247536338, "units": "items/s", "task": "train"}
{"progress": [51, 65], "task": "early_stop"}
[7;227461736;223:20226=61696>222<202274696=65223:20313737353636343334312>343836383230352<202267707564617461223:207;7=7=z[0:z[7;227461736;223:20226=61696>222<202274696=65223:20313737353636343334322>343837303835332<202267707564617461223:207;7=7=z[0:z[7;227461736;223:20226=61696>222<202274696=65223:20313737353636343334332>343837333730372<202267707564617461223:207;7=7=z[0:z{"returns": 22.3203125, "loss": 0.046015314757823944, "task": "train"}
{"memory_peak": 0.0, "units": "MiB", "task": "train"}
{"rate": 5096.553740728623, "units": "items/s", "task": "train"}
{"progress": [52, 65], "task": "early_stop"}
[7;227461736;223:20226=61696>222<202274696=65223:20313737353636343334342>3438373634322<202267707564617461223:207;7=7=z[0:z[7;227461736;223:20226=61696>222<202274696=65223:20313737353636343334352>343837393138312<202267707564617461223:207;7=7=z[0:z[7;227461736;223:20226=61696>222<202274696=65223:20313737353636343334362>3438383136312<202267707564617461223:207;7=7=z[0:z{"returns": 23.2578125, "loss": 0.04761457443237305, "task": "train"}
{"memory_peak": 0.0, "units": "MiB", "task": "train"}
{"rate": 5004.765137004831, "units": "items/s", "task": "train"}
{"progress": [53, 65], "task": "early_stop"}
[7;227461736;223:20226=61696>222<202274696=65223:20313737353636343334372>343838353037372<202267707564617461223:207;7=7=z[0:z[7;227461736;223:20226=61696>222<202274696=65223:20313737353636343334382>343838373632362<202267707564617461223:207;7=7=z[0:z[7;227461736;223:20226=61696>222<202274696=65223:20313737353636343334392>343839303630322<202267707564617461223:207;7=7=z[0:z{"returns": 22.7265625, "loss": 0.050691019743680954, "task": "train"}
{"memory_peak": 0.0, "units": "MiB", "task": "train"}
{"rate": 5038.995163264049, "units": "items/s", "task": "train"}
{"progress": [54, 65], "task": "early_stop"}
[7;227461736;223:20226=61696>222<202274696=65223:20313737353636343335302>343839343230322<202267707564617461223:207;7=7=z[0:z[7;227461736;223:20226=61696>222<202274696=65223:20313737353636343335312>3438393634312<202267707564617461223:207;7=7=z[0:z[7;227461736;223:20226=61696>222<202274696=65223:20313737353636343335322>343839383836352<202267707564617461223:207;7=7=z[0:z[7;227461736;223:20226=61696>222<202274696=65223:20313737353636343335332>3439303132382<202267707564617461223:207;7=7=z[0:z{"returns": 22.15625, "loss": 0.05115153640508652, "task": "train"}
{"memory_peak": 0.0, "units": "MiB", "task": "train"}
{"rate": 5083.424038480577, "units": "items/s", "task": "train"}
{"progress": [55, 65], "task": "early_stop"}
[7;227461736;223:20226=61696>222<202274696=65223:20313737353636343335342>343930333733312<202267707564617461223:207;7=7=z[0:z[7;227461736;223:20226=61696>222<202274696=65223:20313737353636343335352>3439303632322<202267707564617461223:207;7=7=z[0:z[7;227461736;223:20226=61696>222<202274696=65223:20313737353636343335362>343930383831372<202267707564617461223:207;7=7=z[0:z{"returns": 23.265625, "loss": 0.053849957883358, "task": "train"}
{"memory_peak": 0.0, "units": "MiB", "task": "train"}
{"rate": 5076.424595047409, "units": "items/s", "task": "train"}
{"progress": [56, 65], "task": "early_stop"}
[7;227461736;223:20226=61696>222<202274696=65223:20313737353636343335372>343931313236352<202267707564617461223:207;7=7=z[0:z[7;227461736;223:20226=61696>222<202274696=65223:20313737353636343335382>343931343038332<202267707564617461223:207;7=7=z[0:z[7;227461736;223:20226=61696>222<202274696=65223:20313737353636343335392>343931373437392<202267707564617461223:207;7=7=z[0:z{"returns": 22.484375, "loss": 0.058116622269153595, "task": "train"}
{"memory_peak": 0.0, "units": "MiB", "task": "train"}
{"rate": 5105.5290764225865, "units": "items/s", "task": "train"}
{"progress": [57, 65], "task": "early_stop"}
[7;227461736;223:20226=61696>222<202274696=65223:20313737353636343336302>3439313939382<202267707564617461223:207;7=7=z[0:z[7;227461736;223:20226=61696>222<202274696=65223:20313737353636343336312>343932323436362<202267707564617461223:207;7=7=z[0:z[7;227461736;223:20226=61696>222<202274696=65223:20313737353636343336322>343932343933342<202267707564617461223:207;7=7=z[0:z{"returns": 21.9296875, "loss": 0.058581478893756866, "task": "train"}
{"memory_peak": 0.0, "units": "MiB", "task": "train"}
{"rate": 5084.873879907119, "units": "items/s", "task": "train"}
{"progress": [58, 65], "task": "early_stop"}
[7;227461736;223:20226=61696>222<202274696=65223:20313737353636343336332>343932373433352<202267707564617461223:207;7=7=z[0:z[7;227461736;223:20226=61696>222<202274696=65223:20313737353636343336342>343932393933382<202267707564617461223:207;7=7=z[0:z[7;227461736;223:20226=61696>222<202274696=65223:20313737353636343336352>343933323339342<202267707564617461223:207;7=7=z[0:z{"returns": 20.6171875, "loss": 0.06003274768590927, "task": "train"}
{"memory_peak": 0.0, "units": "MiB", "task": "train"}
{"rate": 5089.07827338478, "units": "items/s", "task": "train"}
{"progress": [59, 65], "task": "early_stop"}
[7;227461736;223:20226=61696>222<202274696=65223:20313737353636343336362>343933343838382<202267707564617461223:207;7=7=z[0:z[7;227461736;223:20226=61696>222<202274696=65223:20313737353636343336372>343933373537322<202267707564617461223:207;7=7=z[0:z[7;227461736;223:20226=61696>222<202274696=65223:20313737353636343336382>343934303331342<202267707564617461223:207;7=7=z[0:z{"returns": 20.734375, "loss": 0.061262890696525574, "task": "train"}
{"memory_peak": 0.0, "units": "MiB", "task": "train"}
{"rate": 5094.176003200085, "units": "items/s", "task": "train"}
{"progress": [60, 65], "task": "early_stop"}
[7;227461736;223:20226=61696>222<202274696=65223:20313737353636343336392>343934333637382<202267707564617461223:207;7=7=z[0:z[7;227461736;223:20226=61696>222<202274696=65223:20313737353636343337302>3439343632342<202267707564617461223:207;7=7=z[0:z[7;227461736;223:20226=61696>222<202274696=65223:20313737353636343337312>343934383636362<202267707564617461223:207;7=7=z[0:z[7;227461736;223:20226=61696>222<202274696=65223:20313737353636343337322>343935313133362<202267707564617461223:207;7=7=z[0:z{"returns": 22.3515625, "loss": 0.06526800990104675, "task": "train"}
{"memory_peak": 0.0, "units": "MiB", "task": "train"}
{"rate": 5063.312022217083, "units": "items/s", "task": "train"}
{"progress": [61, 65], "task": "early_stop"}
[7;227461736;223:20226=61696>222<202274696=65223:20313737353636343337332>343935333536332<202267707564617461223:207;7=7=z[0:z[7;227461736;223:20226=61696>222<202274696=65223:20313737353636343337342>3439353630352<202267707564617461223:207;7=7=z[0:z[7;227461736;223:20226=61696>222<202274696=65223:20313737353636343337352>3439353833322<202267707564617461223:207;7=7=z[0:z{"returns": 21.6015625, "loss": 0.06691576540470123, "task": "train"}
{"memory_peak": 0.0, "units": "MiB", "task": "train"}
{"rate": 4993.633653833924, "units": "items/s", "task": "train"}
{"progress": [62, 65], "task": "early_stop"}
[7;227461736;223:20226=61696>222<202274696=65223:20313737353636343337362>343936303738332<202267707564617461223:207;7=7=z[0:z[7;227461736;223:20226=61696>222<202274696=65223:20313737353636343337372>3439363536392<202267707564617461223:207;7=7=z[0:z[7;227461736;223:20226=61696>222<202274696=65223:20313737353636343337382>3439363832392<202267707564617461223:207;7=7=z[0:z{"returns": 24.3203125, "loss": 0.06616143882274628, "task": "train"}
{"memory_peak": 0.0, "units": "MiB", "task": "train"}
{"rate": 4900.191570576203, "units": "items/s", "task": "train"}
{"progress": [63, 65], "task": "early_stop"}
[7;227461736;223:20226=61696>222<202274696=65223:20313737353636343337392>343937303734342<202267707564617461223:207;7=7=z[0:z[7;227461736;223:20226=61696>222<202274696=65223:20313737353636343338302>343939393535322<202267707564617461223:207;7=7=z[0:z[7;227461736;223:20226=61696>222<202274696=65223:20313737353636343338312>353030313938362<202267707564617461223:207;7=7=z[0:z{"returns": 25.8359375, "loss": 0.06387394666671753, "task": "train"}
{"memory_peak": 0.0, "units": "MiB", "task": "train"}
{"rate": 4929.796233796889, "units": "items/s", "task": "train"}
{"progress": [64, 65], "task": "early_stop"}
[7;227461736;223:20226=61696>222<202274696=65223:20313737353636343338322>353030343439322<202267707564617461223:207;7=7=z[0:z[7;227461736;223:20226=61696>222<202274696=65223:20313737353636343338332>353030373136372<202267707564617461223:207;7=7=z[0:z[7;227461736;223:20226=61696>222<202274696=65223:20313737353636343338342>3530303936332<202267707564617461223:207;7=7=z[0:z{"returns": 26.359375, "loss": 0.06853942573070526, "task": "train"}
{"memory_peak": 0.0, "units": "MiB", "task": "train"}
{"rate": 4971.509515499744, "units": "items/s", "task": "train"}
{"progress": [65, 65], "task": "early_stop"}
[7;227461736;223:20226=61696>222<202274696=65223:20313737353636343338352>353031333232352<202267707564617461223:207;7=7=z[0:z[7;227461736;223:20226=61696>222<202274696=65223:20313737353636343338362>353031353734382<202267707564617461223:207;7=7=z[0:z[7;227461736;223:20226=61696>222<202274696=65223:20313737353636343338372>353031383232372<202267707564617461223:207;7=7=z[0:z[7;227461736;223:20226=61696>222<202274696=65223:20313737353636343338382>353032303639372<202267707564617461223:207;7=7=z[0:z{"returns": 27.5, "loss": 0.06339967995882034, "task": "train"}
{"memory_peak": 0.0, "units": "MiB", "task": "train"}
{"rate": 4913.265515857404, "units": "items/s", "task": "train"}
{"progress": [66, 65], "task": "early_stop"}
[7;227461736;223:20226=61696>222<202274696=65223:20313737353636343338392>353032343130372<202267707564617461223:207;7=7=z[0:z[7;227461736;223:20226=61696>222<202274696=65223:20313737353636343339302>353032363538342<202267707564617461223:207;7=7=z[0:z[7;227461736;223:20226=61696>222<202274696=65223:20313737353636343339312>353032393032372<202267707564617461223:207;7=7=z[0:z{"returns": 27.875, "loss": 0.061739467084407806, "task": "train"}
{"memory_peak": 0.0, "units": "MiB", "task": "train"}
{"rate": 4950.359100023964, "units": "items/s", "task": "train"}
{"progress": [67, 65], "task": "early_stop"}
[7;227461736;223:20226=61696>222<202274696=65223:20313737353636343339322>353033313531322<202267707564617461223:207;7=7=z[0:z[7;227461736;223:20226=61696>222<202274696=65223:20313737353636343339332>353033333935362<202267707564617461223:207;7=7=z[0:z[7;227461736;223:20226=61696>222<202274696=65223:20313737353636343339342>3530333633372<202267707564617461223:207;7=7=z[0:z{"returns": 25.4609375, "loss": 0.062316328287124634, "task": "train"}
{"memory_peak": 0.0, "units": "MiB", "task": "train"}
{"rate": 4962.4243861629475, "units": "items/s", "task": "train"}
{"progress": [68, 65], "task": "early_stop"}
[7;227461736;223:20226=61696>222<202274696=65223:20313737353636343339352>353033383836372<202267707564617461223:207;7=7=z[0:z[7;227461736;223:20226=61696>222<202274696=65223:20313737353636343339362>353034313333322<202267707564617461223:207;7=7=z[0:z[7;227461736;223:20226=61696>222<202274696=65223:20313737353636343339372>353034333737362<202267707564617461223:207;7=7=z[0:z{"returns": 26.5390625, "loss": 0.06177263706922531, "task": "train"}
{"memory_peak": 0.0, "units": "MiB", "task": "train"}
{"rate": 4899.870890267457, "units": "items/s", "task": "train"}
{"progress": [69, 65], "task": "early_stop"}
[7;227461736;223:20226=61696>222<202274696=65223:20313737353636343339382>3530343632312<202267707564617461223:207;7=7=z[0:z[7;227461736;223:20226=61696>222<202274696=65223:20313737353636343339392>353034383636342<202267707564617461223:207;7=7=z[0:z[7;227461736;223:20226=61696>222<202274696=65223:20313737353636343430302>3530353133352<202267707564617461223:207;7=7=z[0:z[7;227461736;223:20226=61696>222<202274696=65223:20313737353636343430312>353035333933352<202267707564617461223:207;7=7=z[0:z{"returns": 27.0703125, "loss": 0.06914425641298294, "task": "train"}
{"memory_peak": 0.0, "units": "MiB", "task": "train"}
{"rate": 4960.289344888894, "units": "items/s", "task": "train"}
{"progress": [70, 65], "task": "early_stop"}
[7;227461736;223:20226=61696>222<202274696=65223:20313737353636343430322>353035363430352<202267707564617461223:207;7=7=z[0:z[7;227461736;223:20226=61696>222<202274696=65223:20313737353636343430332>3530353838382<202267707564617461223:207;7=7=z[0:z[7;227461736;223:20226=61696>222<202274696=65223:20313737353636343430342>353036313335322<202267707564617461223:207;7=7=z[0:z{"returns": 26.5703125, "loss": 0.06926248967647552, "task": "train"}
{"memory_peak": 0.0, "units": "MiB", "task": "train"}
{"rate": 5046.385325141315, "units": "items/s", "task": "train"}
{"progress": [71, 65], "task": "early_stop"}
[7;227461736;223:20226=61696>222<202274696=65223:20313737353636343430352>353036333930362<202267707564617461223:207;7=7=z[0:z[7;227461736;223:20226=61696>222<202274696=65223:20313737353636343430362>353036363632382<202267707564617461223:207;7=7=z[0:z[7;227461736;223:20226=61696>222<202274696=65223:20313737353636343430372>353037303438312<202267707564617461223:207;7=7=z[0:z{"returns": 25.59375, "loss": 0.06529946625232697, "task": "train"}
{"memory_peak": 0.0, "units": "MiB", "task": "train"}
{"rate": 5038.921057787595, "units": "items/s", "task": "train"}
{"progress": [72, 65], "task": "early_stop"}
[7;227461736;223:20226=61696>222<202274696=65223:20313737353636343430382>353037333032382<202267707564617461223:207;7=7=z[0:z[7;227461736;223:20226=61696>222<202274696=65223:20313737353636343430392>353037353530372<202267707564617461223:207;7=7=z[0:z[7;227461736;223:20226=61696>222<202274696=65223:20313737353636343431302>353037373935362<202267707564617461223:207;7=7=z[0:z{"returns": 24.953125, "loss": 0.06226542592048645, "task": "train"}
{"memory_peak": 0.0, "units": "MiB", "task": "train"}
{"rate": 4949.830551620377, "units": "items/s", "task": "train"}
{"progress": [73, 65], "task": "early_stop"}
[7;227461736;223:20226=61696>222<202274696=65223:20313737353636343431312>3530383036342<202267707564617461223:207;7=7=z[0:z[7;227461736;223:20226=61696>222<202274696=65223:20313737353636343431322>35303833312<202267707564617461223:207;7=7=z[0:z[7;227461736;223:20226=61696>222<202274696=65223:20313737353636343431332>3530383536322<202267707564617461223:207;7=7=z[0:z{"returns": 26.4765625, "loss": 0.0673551857471466, "task": "train"}
{"memory_peak": 0.0, "units": "MiB", "task": "train"}
{"rate": 4881.863449201659, "units": "items/s", "task": "train"}
{"progress": [74, 65], "task": "early_stop"}
[7;227461736;223:20226=61696>222<202274696=65223:20313737353636343431342>353038383034332<202267707564617461223:207;7=7=z[0:z[7;227461736;223:20226=61696>222<202274696=65223:20313737353636343431352>353039303035382<202267707564617461223:207;7=7=z[0:z[7;227461736;223:20226=61696>222<202274696=65223:20313737353636343431362>353039323739332<202267707564617461223:207;7=7=z[0:z[7;227461736;223:20226=61696>222<202274696=65223:20313737353636343431372>3530393634362<202267707564617461223:207;7=7=z[0:z{"returns": 26.21875, "loss": 0.07269100844860077, "task": "train"}
{"memory_peak": 0.0, "units": "MiB", "task": "train"}
{"rate": 4920.74960380379, "units": "items/s", "task": "train"}
{"progress": [75, 65], "task": "early_stop"}
[7;227461736;223:20226=61696>222<202274696=65223:20313737353636343431382>353039393034312<202267707564617461223:207;7=7=z[0:z[7;227461736;223:20226=61696>222<202274696=65223:20313737353636343431392>353130313630342<202267707564617461223:207;7=7=z[0:z[7;227461736;223:20226=61696>222<202274696=65223:20313737353636343432302>3531303430392<202267707564617461223:207;7=7=z[0:z{"returns": 25.109375, "loss": 0.06961633265018463, "task": "train"}
{"memory_peak": 0.0, "units": "MiB", "task": "train"}
{"rate": 4927.964493501072, "units": "items/s", "task": "train"}
{"progress": [76, 65], "task": "early_stop"}
[7;227461736;223:20226=61696>222<202274696=65223:20313737353636343432312>353130363832332<202267707564617461223:207;7=7=z[0:z[7;227461736;223:20226=61696>222<202274696=65223:20313737353636343432322>353130393339382<202267707564617461223:207;7=7=z[0:z[7;227461736;223:20226=61696>222<202274696=65223:20313737353636343432332>353131313832332<202267707564617461223:207;7=7=z[0:z{"returns": 24.46875, "loss": 0.06771400570869446, "task": "train"}
{"memory_peak": 0.0, "units": "MiB", "task": "train"}
{"rate": 4957.474392750154, "units": "items/s", "task": "train"}
{"progress": [77, 65], "task": "early_stop"}
[7;227461736;223:20226=61696>222<202274696=65223:20313737353636343432342>353131343435382<202267707564617461223:207;7=7=z[0:z[7;227461736;223:20226=61696>222<202274696=65223:20313737353636343432352>353131373133372<202267707564617461223:207;7=7=z[0:z[7;227461736;223:20226=61696>222<202274696=65223:20313737353636343432362>3531313939372<202267707564617461223:207;7=7=z[0:z{"returns": 26.4765625, "loss": 0.07699942588806152, "task": "train"}
{"memory_peak": 0.0, "units": "MiB", "task": "train"}
{"rate": 4964.598843368307, "units": "items/s", "task": "train"}
{"progress": [78, 65], "task": "early_stop"}
[7;227461736;223:20226=61696>222<202274696=65223:20313737353636343432372>353132333235332<202267707564617461223:207;7=7=z[0:z[7;227461736;223:20226=61696>222<202274696=65223:20313737353636343432382>353132353836342<202267707564617461223:207;7=7=z[0:z[7;227461736;223:20226=61696>222<202274696=65223:20313737353636343432392>3531323835342<202267707564617461223:207;7=7=z[0:z[7;227461736;223:20226=61696>222<202274696=65223:20313737353636343433302>353133313130322<202267707564617461223:207;7=7=z[0:z{"returns": 25.65625, "loss": 0.07673022150993347, "task": "train"}
{"memory_peak": 0.0, "units": "MiB", "task": "train"}
{"rate": 4882.5330775509, "units": "items/s", "task": "train"}
{"progress": [79, 65], "task": "early_stop"}
[7;227461736;223:20226=61696>222<202274696=65223:20313737353636343433312>3531333530342<202267707564617461223:207;7=7=z[0:z[7;227461736;223:20226=61696>222<202274696=65223:20313737353636343433322>353133373635362<202267707564617461223:207;7=7=z[0:z[7;227461736;223:20226=61696>222<202274696=65223:20313737353636343433332>353134303134322<202267707564617461223:207;7=7=z[0:z{"returns": 26.171875, "loss": 0.0807720422744751, "task": "train"}
{"memory_peak": 0.0, "units": "MiB", "task": "train"}
{"rate": 4969.162245649244, "units": "items/s", "task": "train"}
{"progress": [80, 65], "task": "early_stop"}
[7;227461736;223:20226=61696>222<202274696=65223:20313737353636343433342>353134323636332<202267707564617461223:207;7=7=z[0:z[7;227461736;223:20226=61696>222<202274696=65223:20313737353636343433352>353134353231342<202267707564617461223:207;7=7=z[0:z[7;227461736;223:20226=61696>222<202274696=65223:20313737353636343433362>353134373731372<202267707564617461223:207;7=7=z[0:z{"returns": 25.546875, "loss": 0.07847076654434204, "task": "train"}
{"memory_peak": 0.0, "units": "MiB", "task": "train"}
{"rate": 4903.885661454601, "units": "items/s", "task": "train"}
{"progress": [81, 65], "task": "early_stop"}
[7;227461736;223:20226=61696>222<202274696=65223:20313737353636343433372>3531353031372<202267707564617461223:207;7=7=z[0:z[7;227461736;223:20226=61696>222<202274696=65223:20313737353636343433382>35313532362<202267707564617461223:207;7=7=z[0:z[7;227461736;223:20226=61696>222<202274696=65223:20313737353636343433392>353135353036372<202267707564617461223:207;7=7=z[0:z{"returns": 25.0, "loss": 0.07611873745918274, "task": "train"}
{"memory_peak": 0.0, "units": "MiB", "task": "train"}
{"rate": 4972.181534699358, "units": "items/s", "task": "train"}
{"progress": [82, 65], "task": "early_stop"}
[7;227461736;223:20226=61696>222<202274696=65223:20313737353636343434302>353135373631342<202267707564617461223:207;7=7=z[0:z[7;227461736;223:20226=61696>222<202274696=65223:20313737353636343434312>353136303135352<202267707564617461223:207;7=7=z[0:z[7;227461736;223:20226=61696>222<202274696=65223:20313737353636343434322>353136323839352<202267707564617461223:207;7=7=z[0:z[7;227461736;223:20226=61696>222<202274696=65223:20313737353636343434332>353136353333362<202267707564617461223:207;7=7=z[0:z{"returns": 24.4140625, "loss": 0.0729498565196991, "task": "train"}
{"memory_peak": 0.0, "units": "MiB", "task": "train"}
{"rate": 5053.046539861703, "units": "items/s", "task": "train"}
{"progress": [83, 65], "task": "early_stop"}
[7;227461736;223:20226=61696>222<202274696=65223:20313737353636343434342>3531363738372<202267707564617461223:207;7=7=z[0:z[7;227461736;223:20226=61696>222<202274696=65223:20313737353636343434352>353137303335352<202267707564617461223:207;7=7=z[0:z[7;227461736;223:20226=61696>222<202274696=65223:20313737353636343434362>353137323831332<202267707564617461223:207;7=7=z[0:z{"returns": 24.671875, "loss": 0.07422050833702087, "task": "train"}
{"memory_peak": 0.0, "units": "MiB", "task": "train"}
{"rate": 4938.045753411284, "units": "items/s", "task": "train"}
{"progress": [84, 65], "task": "early_stop"}
[7;227461736;223:20226=61696>222<202274696=65223:20313737353636343434372>353137353237332<202267707564617461223:207;7=7=z[0:z[7;227461736;223:20226=61696>222<202274696=65223:20313737353636343434382>353137373736352<202267707564617461223:207;7=7=z[0:z[7;227461736;223:20226=61696>222<202274696=65223:20313737353636343434392>353138303233372<202267707564617461223:207;7=7=z[0:z{"returns": 25.1484375, "loss": 0.08365647494792938, "task": "train"}
{"memory_peak": 0.0, "units": "MiB", "task": "train"}
{"rate": 5113.868967030083, "units": "items/s", "task": "train"}
{"progress": [85, 65], "task": "early_stop"}
[7;227461736;223:20226=61696>222<202274696=65223:20313737353636343435302>3531383237382<202267707564617461223:207;7=7=z[0:z[7;227461736;223:20226=61696>222<202274696=65223:20313737353636343435312>353138353237352<202267707564617461223:207;7=7=z[0:z[7;227461736;223:20226=61696>222<202274696=65223:20313737353636343435322>353138373738382<202267707564617461223:207;7=7=z[0:z{"returns": 25.0546875, "loss": 0.09314177930355072, "task": "train"}
{"memory_peak": 0.0, "units": "MiB", "task": "train"}
{"rate": 5051.390875972587, "units": "items/s", "task": "train"}
{"progress": [86, 65], "task": "early_stop"}
[7;227461736;223:20226=61696>222<202274696=65223:20313737353636343435332>353139303331332<202267707564617461223:207;7=7=z[0:z[7;227461736;223:20226=61696>222<202274696=65223:20313737353636343435342>353139323931362<202267707564617461223:207;7=7=z[0:z[7;227461736;223:20226=61696>222<202274696=65223:20313737353636343435352>353139353339342<202267707564617461223:207;7=7=z[0:z{"returns": 24.90625, "loss": 0.08523485064506531, "task": "train"}
{"memory_peak": 0.0, "units": "MiB", "task": "train"}
{"rate": 5035.7496125940825, "units": "items/s", "task": "train"}
{"progress": [87, 65], "task": "early_stop"}
[7;227461736;223:20226=61696>222<202274696=65223:20313737353636343435362>353139373838332<202267707564617461223:207;7=7=z[0:z[7;227461736;223:20226=61696>222<202274696=65223:20313737353636343435372>353230303438342<202267707564617461223:207;7=7=z[0:z[7;227461736;223:20226=61696>222<202274696=65223:20313737353636343435382>353230323932352<202267707564617461223:207;7=7=z[0:z{"returns": 24.9453125, "loss": 0.08711162209510803, "task": "train"}
{"memory_peak": 0.0, "units": "MiB", "task": "train"}
{"rate": 5034.325247182713, "units": "items/s", "task": "train"}
{"progress": [88, 65], "task": "early_stop"}
[7;227461736;223:20226=61696>222<202274696=65223:20313737353636343435392>353230353437362<202267707564617461223:207;7=7=z[0:z[7;227461736;223:20226=61696>222<202274696=65223:20313737353636343436302>3532303739382<202267707564617461223:207;7=7=z[0:z[7;227461736;223:20226=61696>222<202274696=65223:20313737353636343436312>353231303636342<202267707564617461223:207;7=7=z[0:z[7;227461736;223:20226=61696>222<202274696=65223:20313737353636343436322>353231333231382<202267707564617461223:207;7=7=z[0:z{"returns": 26.96875, "loss": 0.08875676989555359, "task": "train"}
{"memory_peak": 0.0, "units": "MiB", "task": "train"}
{"rate": 5088.742828043544, "units": "items/s", "task": "train"}
{"progress": [89, 65], "task": "early_stop"}
[7;227461736;223:20226=61696>222<202274696=65223:20313737353636343436332>353231363034352<202267707564617461223:207;7=7=z[0:z[7;227461736;223:20226=61696>222<202274696=65223:20313737353636343436342>353231383938332<202267707564617461223:207;7=7=z[0:z[7;227461736;223:20226=61696>222<202274696=65223:20313737353636343436352>353232323930352<202267707564617461223:207;7=7=z[0:z{"returns": 26.4296875, "loss": 0.0844959020614624, "task": "train"}
{"memory_peak": 0.0, "units": "MiB", "task": "train"}
{"rate": 5069.504598317264, "units": "items/s", "task": "train"}
{"progress": [90, 65], "task": "early_stop"}
[7;227461736;223:20226=61696>222<202274696=65223:20313737353636343436362>353232353337322<202267707564617461223:207;7=7=z[0:z[7;227461736;223:20226=61696>222<202274696=65223:20313737353636343436372>353232373834352<202267707564617461223:207;7=7=z[0:z[7;227461736;223:20226=61696>222<202274696=65223:20313737353636343436382>3532333033342<202267707564617461223:207;7=7=z[0:z{"returns": 25.3828125, "loss": 0.08686375617980957, "task": "train"}
{"memory_peak": 0.0, "units": "MiB", "task": "train"}
{"rate": 5112.291306093444, "units": "items/s", "task": "train"}
{"progress": [91, 65], "task": "early_stop"}
[7;227461736;223:20226=61696>222<202274696=65223:20313737353636343436392>353233323839342<202267707564617461223:207;7=7=z[0:z[7;227461736;223:20226=61696>222<202274696=65223:20313737353636343437302>353233353431352<202267707564617461223:207;7=7=z[0:z[7;227461736;223:20226=61696>222<202274696=65223:20313737353636343437312>353233373838352<202267707564617461223:207;7=7=z[0:z{"returns": 27.1640625, "loss": 0.08091746270656586, "task": "train"}
{"memory_peak": 0.0, "units": "MiB", "task": "train"}
{"rate": 4936.0437475025, "units": "items/s", "task": "train"}
{"progress": [92, 65], "task": "early_stop"}
[7;227461736;223:20226=61696>222<202274696=65223:20313737353636343437322>353234303436342<202267707564617461223:207;7=7=z[0:z[7;227461736;223:20226=61696>222<202274696=65223:20313737353636343437332>3532343331382<202267707564617461223:207;7=7=z[0:z[7;227461736;223:20226=61696>222<202274696=65223:20313737353636343437342>353234363439362<202267707564617461223:207;7=7=z[0:z{"returns": 27.0546875, "loss": 0.09003525972366333, "task": "train"}
{"memory_peak": 0.0, "units": "MiB", "task": "train"}
{"rate": 4950.924438027038, "units": "items/s", "task": "train"}
{"progress": [93, 65], "task": "early_stop"}
[7;227461736;223:20226=61696>222<202274696=65223:20313737353636343437352>353234393039372<202267707564617461223:207;7=7=z[0:z[7;227461736;223:20226=61696>222<202274696=65223:20313737353636343437362>3532353136352<202267707564617461223:207;7=7=z[0:z[7;227461736;223:20226=61696>222<202274696=65223:20313737353636343437372>353235343232362<202267707564617461223:207;7=7=z[0:z[7;227461736;223:20226=61696>222<202274696=65223:20313737353636343437382>3532353637382<202267707564617461223:207;7=7=z[0:z{"returns": 25.7890625, "loss": 0.0840393453836441, "task": "train"}
{"memory_peak": 0.0, "units": "MiB", "task": "train"}
{"rate": 4869.772945759817, "units": "items/s", "task": "train"}
{"progress": [94, 65], "task": "early_stop"}
[7;227461736;223:20226=61696>222<202274696=65223:20313737353636343437392>353235393233372<202267707564617461223:207;7=7=z[0:z[7;227461736;223:20226=61696>222<202274696=65223:20313737353636343438302>353236313732362<202267707564617461223:207;7=7=z[0:z[7;227461736;223:20226=61696>222<202274696=65223:20313737353636343438312>353236343234342<202267707564617461223:207;7=7=z[0:z{"returns": 26.140625, "loss": 0.09082037210464478, "task": "train"}
{"memory_peak": 0.0, "units": "MiB", "task": "train"}
{"rate": 5080.545322359718, "units": "items/s", "task": "train"}
{"progress": [95, 65], "task": "early_stop"}
[7;227461736;223:20226=61696>222<202274696=65223:20313737353636343438322>353236363637342<202267707564617461223:207;7=7=z[0:z[7;227461736;223:20226=61696>222<202274696=65223:20313737353636343438332>353236393433372<202267707564617461223:207;7=7=z[0:z[7;227461736;223:20226=61696>222<202274696=65223:20313737353636343438342>353237323835382<202267707564617461223:207;7=7=z[0:z{"returns": 28.03125, "loss": 0.08502915501594543, "task": "train"}
{"memory_peak": 0.0, "units": "MiB", "task": "train"}
{"rate": 4948.420502306165, "units": "items/s", "task": "train"}
{"progress": [96, 65], "task": "early_stop"}
[7;227461736;223:20226=61696>222<202274696=65223:20313737353636343438352>353237353433332<202267707564617461223:207;7=7=z[0:z[7;227461736;223:20226=61696>222<202274696=65223:20313737353636343438362>353237373934362<202267707564617461223:207;7=7=z[0:z[7;227461736;223:20226=61696>222<202274696=65223:20313737353636343438372>3532383034382<202267707564617461223:207;7=7=z[0:z{"returns": 30.1875, "loss": 0.08699506521224976, "task": "train"}
{"memory_peak": 0.0, "units": "MiB", "task": "train"}
{"rate": 5100.859297192639, "units": "items/s", "task": "train"}
{"progress": [97, 65], "task": "early_stop"}
[7;227461736;223:20226=61696>222<202274696=65223:20313737353636343438382>353238323935352<202267707564617461223:207;7=7=z[0:z[7;227461736;223:20226=61696>222<202274696=65223:20313737353636343438392>353238353433372<202267707564617461223:207;7=7=z[0:z[7;227461736;223:20226=61696>222<202274696=65223:20313737353636343439302>353238373933332<202267707564617461223:207;7=7=z[0:z{"returns": 29.0390625, "loss": 0.09331351518630981, "task": "train"}
{"memory_peak": 0.0, "units": "MiB", "task": "train"}
{"rate": 5111.878713326062, "units": "items/s", "task": "train"}
{"progress": [98, 65], "task": "early_stop"}
[7;227461736;223:20226=61696>222<202274696=65223:20313737353636343439312>353239303433322<202267707564617461223:207;7=7=z[0:z[7;227461736;223:20226=61696>222<202274696=65223:20313737353636343439322>353239333035372<202267707564617461223:207;7=7=z[0:z[7;227461736;223:20226=61696>222<202274696=65223:20313737353636343439332>353239353534312<202267707564617461223:207;7=7=z[0:z{"returns": 29.3359375, "loss": 0.09602966904640198, "task": "train"}
{"memory_peak": 0.0, "units": "MiB", "task": "train"}
{"rate": 5043.13729434404, "units": "items/s", "task": "train"}
{"progress": [99, 65], "task": "early_stop"}
[7;227461736;223:20226=61696>222<202274696=65223:20313737353636343439342>353239383036312<202267707564617461223:207;7=7=z[0:z[7;227461736;223:20226=61696>222<202274696=65223:20313737353636343439352>3533303036312<202267707564617461223:207;7=7=z[0:z[7;227461736;223:20226=61696>222<202274696=65223:20313737353636343439362>353330333230362<202267707564617461223:207;7=7=z[0:z[7;227461736;223:20226=61696>222<202274696=65223:20313737353636343439372>35333035382<202267707564617461223:207;7=7=z[0:z{"returns": 28.859375, "loss": 0.1006094366312027, "task": "train"}
{"memory_peak": 0.0, "units": "MiB", "task": "train"}
{"rate": 5082.7702675477185, "units": "items/s", "task": "train"}
{"progress": [100, 65], "task": "early_stop"}
[7;227461736;223:20226=61696>222<202274696=65223:20313737353636343439382>353330383335342<202267707564617461223:207;7=7=z[0:z[7;227461736;223:20226=61696>222<202274696=65223:20313737353636343439392>353331303832322<202267707564617461223:207;7=7=z[0:z[7;227461736;223:20226=61696>222<202274696=65223:20313737353636343530302>353331333231382<202267707564617461223:207;7=7=z[0:z{"returns": 26.3828125, "loss": 0.10197591781616211, "task": "train"}
{"memory_peak": 0.0, "units": "MiB", "task": "train"}
{"rate": 5074.973335931741, "units": "items/s", "task": "train"}
{"progress": [101, 65], "task": "early_stop"}
[7;227461736;223:20226=61696>222<202274696=65223:20313737353636343530312>353331353733382<202267707564617461223:207;7=7=z[0:z[7;227461736;223:20226=61696>222<202274696=65223:20313737353636343530322>353331383237342<202267707564617461223:207;7=7=z[0:z[7;227461736;223:20226=61696>222<202274696=65223:20313737353636343530332>3533323037342<202267707564617461223:207;7=7=z[0:z{"returns": 26.7265625, "loss": 0.09480689465999603, "task": "train"}
{"memory_peak": 0.0, "units": "MiB", "task": "train"}
{"rate": 5010.077278952652, "units": "items/s", "task": "train"}
{"progress": [102, 65], "task": "early_stop"}
[7;227461736;223:20226=61696>222<202274696=65223:20313737353636343530342>3533323332352<202267707564617461223:207;7=7=z[0:z[7;227461736;223:20226=61696>222<202274696=65223:20313737353636343530352>3533323538372<202267707564617461223:207;7=7=z[0:z[7;227461736;223:20226=61696>222<202274696=65223:20313737353636343530362>353332383336322<202267707564617461223:207;7=7=z[0:z{"returns": 29.6015625, "loss": 0.11163891851902008, "task": "train"}
{"memory_peak": 0.0, "units": "MiB", "task": "train"}
{"rate": 5067.000319783944, "units": "items/s", "task": "train"}
{"progress": [103, 65], "task": "early_stop"}
[7;227461736;223:20226=61696>222<202274696=65223:20313737353636343530372>353333303836332<202267707564617461223:207;7=7=z[0:z[7;227461736;223:20226=61696>222<202274696=65223:20313737353636343530382>353333333532362<202267707564617461223:207;7=7=z[0:z[7;227461736;223:20226=61696>222<202274696=65223:20313737353636343530392>353333363036382<202267707564617461223:207;7=7=z[0:z{"returns": 27.53125, "loss": 0.1026734709739685, "task": "train"}
{"memory_peak": 0.0, "units": "MiB", "task": "train"}
{"rate": 5088.560722341362, "units": "items/s", "task": "train"}
{"progress": [104, 65], "task": "early_stop"}
[7;227461736;223:20226=61696>222<202274696=65223:20313737353636343531302>353333383635352<202267707564617461223:207;7=7=z[0:z[7;227461736;223:20226=61696>222<202274696=65223:20313737353636343531312>353334313133322<202267707564617461223:207;7=7=z[0:z[7;227461736;223:20226=61696>222<202274696=65223:20313737353636343531322>353334333535392<202267707564617461223:207;7=7=z[0:z{"returns": 28.359375, "loss": 0.09907099604606628, "task": "train"}
{"memory_peak": 0.0, "units": "MiB", "task": "train"}
{"rate": 5043.582571117832, "units": "items/s", "task": "train"}
{"progress": [105, 65], "task": "early_stop"}
[7;227461736;223:20226=61696>222<202274696=65223:20313737353636343531332>353334363033362<202267707564617461223:207;7=7=z[0:z[7;227461736;223:20226=61696>222<202274696=65223:20313737353636343531342>3533343835362<202267707564617461223:207;7=7=z[0:z[7;227461736;223:20226=61696>222<202274696=65223:20313737353636343531352>353335313236342<202267707564617461223:207;7=7=z[0:z[7;227461736;223:20226=61696>222<202274696=65223:20313737353636343531362>353335333733342<202267707564617461223:207;7=7=z[0:z{"returns": 30.65625, "loss": 0.11170448362827301, "task": "train"}
{"memory_peak": 0.0, "units": "MiB", "task": "train"}
{"rate": 4956.610519281394, "units": "items/s", "task": "train"}
{"progress": [106, 65], "task": "early_stop"}
[7;227461736;223:20226=61696>222<202274696=65223:20313737353636343531372>353335363232382<202267707564617461223:207;7=7=z[0:z[7;227461736;223:20226=61696>222<202274696=65223:20313737353636343531382>353335383831332<202267707564617461223:207;7=7=z[0:z[7;227461736;223:20226=61696>222<202274696=65223:20313737353636343531392>353336313233332<202267707564617461223:207;7=7=z[0:z{"returns": 33.03125, "loss": 0.13062305748462677, "task": "train"}
{"memory_peak": 0.0, "units": "MiB", "task": "train"}
{"rate": 5054.810592231498, "units": "items/s", "task": "train"}
{"progress": [107, 65], "task": "early_stop"}
[7;227461736;223:20226=61696>222<202274696=65223:20313737353636343532302>353336343039392<202267707564617461223:207;7=7=z[0:z[7;227461736;223:20226=61696>222<202274696=65223:20313737353636343532312>353336373839342<202267707564617461223:207;7=7=z[0:z[7;227461736;223:20226=61696>222<202274696=65223:20313737353636343532322>3533373033392<202267707564617461223:207;7=7=z[0:z{"returns": 33.53125, "loss": 0.1165328249335289, "task": "train"}
{"memory_peak": 0.0, "units": "MiB", "task": "train"}
{"rate": 5025.0169385007885, "units": "items/s", "task": "train"}
{"progress": [108, 65], "task": "early_stop"}
[7;227461736;223:20226=61696>222<202274696=65223:20313737353636343532332>353337323839362<202267707564617461223:207;7=7=z[0:z[7;227461736;223:20226=61696>222<202274696=65223:20313737353636343532342>353337353338332<202267707564617461223:207;7=7=z[0:z[7;227461736;223:20226=61696>222<202274696=65223:20313737353636343532352>353337373934362<202267707564617461223:207;7=7=z[0:z{"returns": 32.359375, "loss": 0.12305442988872528, "task": "train"}
{"memory_peak": 0.0, "units": "MiB", "task": "train"}
{"rate": 5097.301205516323, "units": "items/s", "task": "train"}
{"progress": [109, 65], "task": "early_stop"}
[7;227461736;223:20226=61696>222<202274696=65223:20313737353636343532362>353338303438372<202267707564617461223:207;7=7=z[0:z[7;227461736;223:20226=61696>222<202274696=65223:20313737353636343532372>353338323936352<202267707564617461223:207;7=7=z[0:z[7;227461736;223:20226=61696>222<202274696=65223:20313737353636343532382>353338353436382<202267707564617461223:207;7=7=z[0:z{"returns": 32.1796875, "loss": 0.12071927636861801, "task": "train"}
{"memory_peak": 0.0, "units": "MiB", "task": "train"}
{"rate": 5038.592751728794, "units": "items/s", "task": "train"}
{"progress": [110, 65], "task": "early_stop"}
[7;227461736;223:20226=61696>222<202274696=65223:20313737353636343532392>353338373931372<202267707564617461223:207;7=7=z[0:z[7;227461736;223:20226=61696>222<202274696=65223:20313737353636343533302>353339303537372<202267707564617461223:207;7=7=z[0:z[7;227461736;223:20226=61696>222<202274696=65223:20313737353636343533312>3533393339382<202267707564617461223:207;7=7=z[0:z{"returns": 31.8984375, "loss": 0.1296861469745636, "task": "train"}
{"memory_peak": 0.0, "units": "MiB", "task": "train"}
{"rate": 5081.8243547217735, "units": "items/s", "task": "train"}
{"progress": [111, 65], "task": "early_stop"}
[7;227461736;223:20226=61696>222<202274696=65223:20313737353636343533322>3533393634342<202267707564617461223:207;7=7=z[0:z[7;227461736;223:20226=61696>222<202274696=65223:20313737353636343533332>353339383935382<202267707564617461223:207;7=7=z[0:z[7;227461736;223:20226=61696>222<202274696=65223:20313737353636343533342>353430313338352<202267707564617461223:207;7=7=z[0:z[7;227461736;223:20226=61696>222<202274696=65223:20313737353636343533352>353430333831322<202267707564617461223:207;7=7=z[0:z{"returns": 31.1796875, "loss": 0.14479881525039673, "task": "train"}
{"memory_peak": 0.0, "units": "MiB", "task": "train"}
{"rate": 4994.083596559495, "units": "items/s", "task": "train"}
{"progress": [112, 65], "task": "early_stop"}
[7;227461736;223:20226=61696>222<202274696=65223:20313737353636343533362>353430363239392<202267707564617461223:207;7=7=z[0:z[7;227461736;223:20226=61696>222<202274696=65223:20313737353636343533372>3534303838342<202267707564617461223:207;7=7=z[0:z[7;227461736;223:20226=61696>222<202274696=65223:20313737353636343533382>353431313537352<202267707564617461223:207;7=7=z[0:z{"returns": 31.6640625, "loss": 0.13319548964500427, "task": "train"}
{"memory_peak": 0.0, "units": "MiB", "task": "train"}
{"rate": 4939.4303740843325, "units": "items/s", "task": "train"}
{"progress": [113, 65], "task": "early_stop"}
[7;227461736;223:20226=61696>222<202274696=65223:20313737353636343533392>353431343331322<202267707564617461223:207;7=7=z[0:z[7;227461736;223:20226=61696>222<202274696=65223:20313737353636343534302>3534313736352<202267707564617461223:207;7=7=z[0:z[7;227461736;223:20226=61696>222<202274696=65223:20313737353636343534312>3534323032312<202267707564617461223:207;7=7=z[0:z{"returns": 31.671875, "loss": 0.12803786993026733, "task": "train"}
{"memory_peak": 0.0, "units": "MiB", "task": "train"}
{"rate": 4928.600393353452, "units": "items/s", "task": "train"}
{"progress": [114, 65], "task": "early_stop"}
[7;227461736;223:20226=61696>222<202274696=65223:20313737353636343534322>3534323335392<202267707564617461223:207;7=7=z[0:z[7;227461736;223:20226=61696>222<202274696=65223:20313737353636343534332>353432363133332<202267707564617461223:207;7=7=z[0:z[7;227461736;223:20226=61696>222<202274696=65223:20313737353636343534342>3534323836342<202267707564617461223:207;7=7=z[0:z{"returns": 31.3203125, "loss": 0.12382267415523529, "task": "train"}
{"memory_peak": 0.0, "units": "MiB", "task": "train"}
{"rate": 5098.01746447113, "units": "items/s", "task": "train"}
{"progress": [115, 65], "task": "early_stop"}
[7;227461736;223:20226=61696>222<202274696=65223:20313737353636343534352>353433313039342<202267707564617461223:207;7=7=z[0:z[7;227461736;223:20226=61696>222<202274696=65223:20313737353636343534362>353433333536372<202267707564617461223:207;7=7=z[0:z[7;227461736;223:20226=61696>222<202274696=65223:20313737353636343534372>353433363234342<202267707564617461223:207;7=7=z[0:z{"returns": 30.75, "loss": 0.12964817881584167, "task": "train"}
{"memory_peak": 0.0, "units": "MiB", "task": "train"}
{"rate": 5061.602300356077, "units": "items/s", "task": "train"}
{"progress": [116, 65], "task": "early_stop"}
[7;227461736;223:20226=61696>222<202274696=65223:20313737353636343534382>3534333839372<202267707564617461223:207;7=7=z[0:z[7;227461736;223:20226=61696>222<202274696=65223:20313737353636343534392>353434313530342<202267707564617461223:207;7=7=z[0:z[7;227461736;223:20226=61696>222<202274696=65223:20313737353636343535302>3534343430372<202267707564617461223:207;7=7=z[0:z[7;227461736;223:20226=61696>222<202274696=65223:20313737353636343535312>3534343635352<202267707564617461223:207;7=7=z[0:z{"returns": 30.46875, "loss": 0.1280335634946823, "task": "train"}
{"memory_peak": 0.0, "units": "MiB", "task": "train"}
{"rate": 5028.070082884993, "units": "items/s", "task": "train"}
{"progress": [117, 65], "task": "early_stop"}
[7;227461736;223:20226=61696>222<202274696=65223:20313737353636343535322>353434393031312<202267707564617461223:207;7=7=z[0:z[7;227461736;223:20226=61696>222<202274696=65223:20313737353636343535332>3534353134322<202267707564617461223:207;7=7=z[0:z[7;227461736;223:20226=61696>222<202274696=65223:20313737353636343535342>353435333934322<202267707564617461223:207;7=7=z[0:z{"returns": 30.4453125, "loss": 0.1288159340620041, "task": "train"}
{"memory_peak": 0.0, "units": "MiB", "task": "train"}
{"rate": 5106.18288793328, "units": "items/s", "task": "train"}
{"progress": [118, 65], "task": "early_stop"}
[7;227461736;223:20226=61696>222<202274696=65223:20313737353636343535352>353435363438382<202267707564617461223:207;7=7=z[0:z[7;227461736;223:20226=61696>222<202274696=65223:20313737353636343535362>353435383933372<202267707564617461223:207;7=7=z[0:z[7;227461736;223:20226=61696>222<202274696=65223:20313737353636343535372>353436313336392<202267707564617461223:207;7=7=z[0:z{"returns": 32.703125, "loss": 0.135611891746521, "task": "train"}
{"memory_peak": 0.0, "units": "MiB", "task": "train"}
{"rate": 5092.757417939795, "units": "items/s", "task": "train"}
{"progress": [119, 65], "task": "early_stop"}
[7;227461736;223:20226=61696>222<202274696=65223:20313737353636343535382>353436333830382<202267707564617461223:207;7=7=z[0:z[7;227461736;223:20226=61696>222<202274696=65223:20313737353636343535392>353436363431382<202267707564617461223:207;7=7=z[0:z[7;227461736;223:20226=61696>222<202274696=65223:20313737353636343536302>35343638392<202267707564617461223:207;7=7=z[0:z{"returns": 31.234375, "loss": 0.1317846179008484, "task": "train"}
{"memory_peak": 0.0, "units": "MiB", "task": "train"}
{"rate": 5092.835517746257, "units": "items/s", "task": "train"}
{"progress": [120, 65], "task": "early_stop"}
[7;227461736;223:20226=61696>222<202274696=65223:20313737353636343536312>353437313339322<202267707564617461223:207;7=7=z[0:z[7;227461736;223:20226=61696>222<202274696=65223:20313737353636343536322>353437333839352<202267707564617461223:207;7=7=z[0:z[7;227461736;223:20226=61696>222<202274696=65223:20313737353636343536332>3534373633392<202267707564617461223:207;7=7=z[0:z{"returns": 32.03125, "loss": 0.1277131289243698, "task": "train"}
{"memory_peak": 0.0, "units": "MiB", "task": "train"}
{"rate": 5090.887882153938, "units": "items/s", "task": "train"}
{"progress": [121, 65], "task": "early_stop"}
[7;227461736;223:20226=61696>222<202274696=65223:20313737353636343536342>353437383838382<202267707564617461223:207;7=7=z[0:z[7;227461736;223:20226=61696>222<202274696=65223:20313737353636343536352>353438313237342<202267707564617461223:207;7=7=z[0:z[7;227461736;223:20226=61696>222<202274696=65223:20313737353636343536362>353438333734322<202267707564617461223:207;7=7=z[0:z{"returns": 33.125, "loss": 0.12113869190216064, "task": "train"}
{"memory_peak": 0.0, "units": "MiB", "task": "train"}
{"rate": 5070.234740725413, "units": "items/s", "task": "train"}
{"progress": [122, 65], "task": "early_stop"}
[7;227461736;223:20226=61696>222<202274696=65223:20313737353636343536372>353438363139332<202267707564617461223:207;7=7=z[0:z[7;227461736;223:20226=61696>222<202274696=65223:20313737353636343536382>353438383633322<202267707564617461223:207;7=7=z[0:z[7;227461736;223:20226=61696>222<202274696=65223:20313737353636343536392>353439313033352<202267707564617461223:207;7=7=z[0:z[7;227461736;223:20226=61696>222<202274696=65223:20313737353636343537302>353439333433382<202267707564617461223:207;7=7=z[0:z{"returns": 34.578125, "loss": 0.12632478773593903, "task": "train"}
{"memory_peak": 0.0, "units": "MiB", "task": "train"}
{"rate": 5042.275765203823, "units": "items/s", "task": "train"}
{"progress": [123, 65], "task": "early_stop"}
[7;227461736;223:20226=61696>222<202274696=65223:20313737353636343537312>353439353830382<202267707564617461223:207;7=7=z[0:z[7;227461736;223:20226=61696>222<202274696=65223:20313737353636343537322>3534393832372<202267707564617461223:207;7=7=z[0:z[7;227461736;223:20226=61696>222<202274696=65223:20313737353636343537332>3535303037322<202267707564617461223:207;7=7=z[0:z{"returns": 33.7109375, "loss": 0.12983918190002441, "task": "train"}
{"memory_peak": 0.0, "units": "MiB", "task": "train"}
{"rate": 5108.3412907372, "units": "items/s", "task": "train"}
{"progress": [124, 65], "task": "early_stop"}
