Failed to import warp: No module named 'warp'
Failed to import mujoco_warp: No module named 'warp'
No overseer found
{"returns": 3.8359375, "loss": 0.0, "task": "train"}
{"memory_peak": 637.89404296875, "units": "MiB", "task": "train"}
{"rate": 102240.18922148908, "units": "items/s", "task": "train"}
{"progress": [0, 65], "task": "early_stop"}
{"returns": 4.234375, "loss": 0.0, "task": "train"}
{"memory_peak": 637.89404296875, "units": "MiB", "task": "train"}
{"rate": 387207.92824863, "units": "items/s", "task": "train"}
{"progress": [1, 65], "task": "early_stop"}
{"returns": 3.8671875, "loss": 0.0, "task": "train"}
{"memory_peak": 637.89404296875, "units": "MiB", "task": "train"}
{"rate": 845610.7182712987, "units": "items/s", "task": "train"}
{"progress": [2, 65], "task": "early_stop"}
{"returns": 4.3359375, "loss": 0.0, "task": "train"}
{"memory_peak": 637.89404296875, "units": "MiB", "task": "train"}
{"rate": 853838.2612758513, "units": "items/s", "task": "train"}
{"progress": [3, 65], "task": "early_stop"}
{"returns": 4.0859375, "loss": 0.08432838320732117, "task": "train"}
{"memory_peak": 637.89404296875, "units": "MiB", "task": "train"}
{"rate": 231506.29641028916, "units": "items/s", "task": "train"}
{"progress": [4, 65], "task": "early_stop"}
{"returns": 3.5859375, "loss": 0.07837304472923279, "task": "train"}
{"memory_peak": 637.89404296875, "units": "MiB", "task": "train"}
{"rate": 216824.33551003181, "units": "items/s", "task": "train"}
{"progress": [5, 65], "task": "early_stop"}
{"returns": 3.8828125, "loss": 0.07605507224798203, "task": "train"}
{"memory_peak": 637.89404296875, "units": "MiB", "task": "train"}
{"rate": 215925.28886641157, "units": "items/s", "task": "train"}
{"progress": [6, 65], "task": "early_stop"}
{"returns": 4.0, "loss": 0.07209788262844086, "task": "train"}
{"memory_peak": 637.89404296875, "units": "MiB", "task": "train"}
{"rate": 215639.62222713168, "units": "items/s", "task": "train"}
{"progress": [7, 65], "task": "early_stop"}
{"returns": 4.03125, "loss": 0.06631985306739807, "task": "train"}
{"memory_peak": 637.89404296875, "units": "MiB", "task": "train"}
{"rate": 215124.68779447608, "units": "items/s", "task": "train"}
{"progress": [8, 65], "task": "early_stop"}
{"returns": 3.3515625, "loss": 0.06263002753257751, "task": "train"}
{"memory_peak": 637.89404296875, "units": "MiB", "task": "train"}
{"rate": 215164.28677978288, "units": "items/s", "task": "train"}
{"progress": [9, 65], "task": "early_stop"}
{"returns": 2.6484375, "loss": 0.05685526132583618, "task": "train"}
{"memory_peak": 637.89404296875, "units": "MiB", "task": "train"}
{"rate": 215253.74696447462, "units": "items/s", "task": "train"}
{"progress": [10, 65], "task": "early_stop"}
{"returns": 2.546875, "loss": 0.052209071815013885, "task": "train"}
{"memory_peak": 637.89404296875, "units": "MiB", "task": "train"}
{"rate": 215051.46572819146, "units": "items/s", "task": "train"}
{"progress": [11, 65], "task": "early_stop"}
{"returns": 1.9921875, "loss": 0.04773229360580444, "task": "train"}
{"memory_peak": 637.89404296875, "units": "MiB", "task": "train"}
{"rate": 215023.95764676653, "units": "items/s", "task": "train"}
{"progress": [12, 65], "task": "early_stop"}
{"returns": 1.734375, "loss": 0.04207215458154678, "task": "train"}
{"memory_peak": 637.89404296875, "units": "MiB", "task": "train"}
{"rate": 215130.38055642575, "units": "items/s", "task": "train"}
{"progress": [13, 65], "task": "early_stop"}
{"returns": 1.3125, "loss": 0.04088185355067253, "task": "train"}
{"memory_peak": 637.89404296875, "units": "MiB", "task": "train"}
{"rate": 215144.09210278513, "units": "items/s", "task": "train"}
{"progress": [14, 65], "task": "early_stop"}
{"returns": 1.203125, "loss": 0.03653306886553764, "task": "train"}
{"memory_peak": 637.89404296875, "units": "MiB", "task": "train"}
{"rate": 215408.19679348698, "units": "items/s", "task": "train"}
{"progress": [15, 65], "task": "early_stop"}
[7;227461736;223:20226=61696>222<202274696=65223:20313737353636323437392>303231343938372<202267707564617461223:207;2230223:207;226=656=6?7279223:205;323836332>353632352<2034363036382>305=2<20226<6?6164223:20302>39362<202274656=7065726174757265223:2034302>302<2022706?776572223:203231312>3935317=7=7=z[0:z{"returns": 1.4921875, "loss": 0.03323457017540932, "task": "train"}
{"memory_peak": 637.89404296875, "units": "MiB", "task": "train"}
{"rate": 215683.23942020105, "units": "items/s", "task": "train"}
{"progress": [16, 65], "task": "early_stop"}
{"returns": 1.6640625, "loss": 0.03277377784252167, "task": "train"}
{"memory_peak": 637.89404296875, "units": "MiB", "task": "train"}
{"rate": 215279.71752604868, "units": "items/s", "task": "train"}
{"progress": [17, 65], "task": "early_stop"}
{"returns": 4.8046875, "loss": 0.03651878982782364, "task": "train"}
{"memory_peak": 637.89404296875, "units": "MiB", "task": "train"}
{"rate": 215398.21245642868, "units": "items/s", "task": "train"}
{"progress": [18, 65], "task": "early_stop"}
{"returns": 3.421875, "loss": 0.042102716863155365, "task": "train"}
{"memory_peak": 637.89404296875, "units": "MiB", "task": "train"}
{"rate": 215260.83627291492, "units": "items/s", "task": "train"}
{"progress": [19, 65], "task": "early_stop"}
{"returns": 3.265625, "loss": 0.044040873646736145, "task": "train"}
{"memory_peak": 637.89404296875, "units": "MiB", "task": "train"}
{"rate": 215270.94983059156, "units": "items/s", "task": "train"}
{"progress": [20, 65], "task": "early_stop"}
{"returns": 3.546875, "loss": 0.04606279730796814, "task": "train"}
{"memory_peak": 637.89404296875, "units": "MiB", "task": "train"}
{"rate": 215291.57976784982, "units": "items/s", "task": "train"}
{"progress": [21, 65], "task": "early_stop"}
{"returns": 4.640625, "loss": 0.051291823387145996, "task": "train"}
{"memory_peak": 637.89404296875, "units": "MiB", "task": "train"}
{"rate": 215041.0803986471, "units": "items/s", "task": "train"}
{"progress": [22, 65], "task": "early_stop"}
{"returns": 3.375, "loss": 0.05491623654961586, "task": "train"}
{"memory_peak": 637.89404296875, "units": "MiB", "task": "train"}
{"rate": 215167.43195064843, "units": "items/s", "task": "train"}
{"progress": [23, 65], "task": "early_stop"}
{"returns": 3.203125, "loss": 0.05414793640375137, "task": "train"}
{"memory_peak": 637.89404296875, "units": "MiB", "task": "train"}
{"rate": 215287.40814023302, "units": "items/s", "task": "train"}
{"progress": [24, 65], "task": "early_stop"}
{"returns": 3.7421875, "loss": 0.04833065718412399, "task": "train"}
{"memory_peak": 637.89404296875, "units": "MiB", "task": "train"}
{"rate": 215196.8868940381, "units": "items/s", "task": "train"}
{"progress": [25, 65], "task": "early_stop"}
{"returns": 5.484375, "loss": 0.04681809991598129, "task": "train"}
{"memory_peak": 637.89404296875, "units": "MiB", "task": "train"}
{"rate": 215416.74067742043, "units": "items/s", "task": "train"}
{"progress": [26, 65], "task": "early_stop"}
{"returns": 7.203125, "loss": 0.04924963414669037, "task": "train"}
{"memory_peak": 637.89404296875, "units": "MiB", "task": "train"}
{"rate": 215214.81297882166, "units": "items/s", "task": "train"}
{"progress": [27, 65], "task": "early_stop"}
{"returns": 9.2265625, "loss": 0.0522070936858654, "task": "train"}
{"memory_peak": 637.89404296875, "units": "MiB", "task": "train"}
{"rate": 215267.04266679153, "units": "items/s", "task": "train"}
{"progress": [28, 65], "task": "early_stop"}
{"returns": 9.609375, "loss": 0.054219238460063934, "task": "train"}
{"memory_peak": 637.89404296875, "units": "MiB", "task": "train"}
{"rate": 215203.1040904113, "units": "items/s", "task": "train"}
{"progress": [29, 65], "task": "early_stop"}
[7;227461736;223:20226=61696>222<202274696=65223:20313737353636323438302>313239343332322<202267707564617461223:207;2230223:207;226=656=6?7279223:205;323836332>353632352<2034363036382>305=2<20226<6?6164223:20302>39362<202274656=7065726174757265223:2034312>302<2022706?776572223:203235322>3633327=7=7=z[0:z{"returns": 9.0546875, "loss": 0.05521877110004425, "task": "train"}
{"memory_peak": 637.89404296875, "units": "MiB", "task": "train"}
{"rate": 215510.21631262562, "units": "items/s", "task": "train"}
{"progress": [30, 65], "task": "early_stop"}
{"returns": 9.515625, "loss": 0.05870738625526428, "task": "train"}
{"memory_peak": 637.89404296875, "units": "MiB", "task": "train"}
{"rate": 215429.73741821112, "units": "items/s", "task": "train"}
{"progress": [31, 65], "task": "early_stop"}
{"returns": 11.03125, "loss": 0.06637822091579437, "task": "train"}
{"memory_peak": 637.89404296875, "units": "MiB", "task": "train"}
{"rate": 215323.3258548955, "units": "items/s", "task": "train"}
{"progress": [32, 65], "task": "early_stop"}
{"returns": 11.6796875, "loss": 0.07091574370861053, "task": "train"}
{"memory_peak": 637.89404296875, "units": "MiB", "task": "train"}
{"rate": 215230.65162637702, "units": "items/s", "task": "train"}
{"progress": [33, 65], "task": "early_stop"}
{"returns": 13.875, "loss": 0.07081897556781769, "task": "train"}
{"memory_peak": 637.89404296875, "units": "MiB", "task": "train"}
{"rate": 214757.01783002936, "units": "items/s", "task": "train"}
{"progress": [34, 65], "task": "early_stop"}
{"returns": 15.3203125, "loss": 0.06766330450773239, "task": "train"}
{"memory_peak": 637.89404296875, "units": "MiB", "task": "train"}
{"rate": 215154.81982135383, "units": "items/s", "task": "train"}
{"progress": [35, 65], "task": "early_stop"}
{"returns": 16.359375, "loss": 0.06171262636780739, "task": "train"}
{"memory_peak": 637.89404296875, "units": "MiB", "task": "train"}
{"rate": 215325.2844889482, "units": "items/s", "task": "train"}
{"progress": [36, 65], "task": "early_stop"}
{"returns": 16.859375, "loss": 0.05547129362821579, "task": "train"}
{"memory_peak": 637.89404296875, "units": "MiB", "task": "train"}
{"rate": 215477.61714695886, "units": "items/s", "task": "train"}
{"progress": [37, 65], "task": "early_stop"}
{"returns": 16.390625, "loss": 0.0516224130988121, "task": "train"}
{"memory_peak": 637.89404296875, "units": "MiB", "task": "train"}
{"rate": 215269.80005502893, "units": "items/s", "task": "train"}
{"progress": [38, 65], "task": "early_stop"}
{"returns": 17.046875, "loss": 0.04927278682589531, "task": "train"}
{"memory_peak": 637.89404296875, "units": "MiB", "task": "train"}
{"rate": 215248.160939945, "units": "items/s", "task": "train"}
{"progress": [39, 65], "task": "early_stop"}
{"returns": 18.390625, "loss": 0.05037267878651619, "task": "train"}
{"memory_peak": 637.89404296875, "units": "MiB", "task": "train"}
{"rate": 215189.65388699222, "units": "items/s", "task": "train"}
{"progress": [40, 65], "task": "early_stop"}
{"returns": 19.4609375, "loss": 0.04959653317928314, "task": "train"}
{"memory_peak": 637.89404296875, "units": "MiB", "task": "train"}
{"rate": 215328.4866591205, "units": "items/s", "task": "train"}
{"progress": [41, 65], "task": "early_stop"}
{"returns": 19.6015625, "loss": 0.049567125737667084, "task": "train"}
{"memory_peak": 637.89404296875, "units": "MiB", "task": "train"}
{"rate": 215311.49182140653, "units": "items/s", "task": "train"}
{"progress": [42, 65], "task": "early_stop"}
[7;227461736;223:20226=61696>222<202274696=65223:20313737353636323438312>31323937332<202267707564617461223:207;2230223:207;226=656=6?7279223:205;323836332>353632352<2034363036382>305=2<20226<6?6164223:20302>39362<202274656=7065726174757265223:2034322>302<2022706?776572223:203235332>3336367=7=7=z[0:z{"returns": 19.9140625, "loss": 0.048287585377693176, "task": "train"}
{"memory_peak": 637.89404296875, "units": "MiB", "task": "train"}
{"rate": 215225.19150372545, "units": "items/s", "task": "train"}
{"progress": [43, 65], "task": "early_stop"}
{"returns": 22.6015625, "loss": 0.051875241100788116, "task": "train"}
{"memory_peak": 637.89404296875, "units": "MiB", "task": "train"}
{"rate": 215006.96778999327, "units": "items/s", "task": "train"}
{"progress": [44, 65], "task": "early_stop"}
{"returns": 24.421875, "loss": 0.05173429101705551, "task": "train"}
{"memory_peak": 637.89404296875, "units": "MiB", "task": "train"}
{"rate": 215671.2845691521, "units": "items/s", "task": "train"}
{"progress": [45, 65], "task": "early_stop"}
{"returns": 25.0234375, "loss": 0.053425297141075134, "task": "train"}
{"memory_peak": 637.89404296875, "units": "MiB", "task": "train"}
{"rate": 215979.68659122524, "units": "items/s", "task": "train"}
{"progress": [46, 65], "task": "early_stop"}
{"returns": 25.828125, "loss": 0.050083041191101074, "task": "train"}
{"memory_peak": 637.89404296875, "units": "MiB", "task": "train"}
{"rate": 215307.820641154, "units": "items/s", "task": "train"}
{"progress": [47, 65], "task": "early_stop"}
{"returns": 24.2734375, "loss": 0.052757080644369125, "task": "train"}
{"memory_peak": 637.89404296875, "units": "MiB", "task": "train"}
{"rate": 215383.27093298352, "units": "items/s", "task": "train"}
{"progress": [48, 65], "task": "early_stop"}
{"returns": 22.265625, "loss": 0.05119193345308304, "task": "train"}
{"memory_peak": 637.89404296875, "units": "MiB", "task": "train"}
{"rate": 214076.3983861395, "units": "items/s", "task": "train"}
{"progress": [49, 65], "task": "early_stop"}
{"returns": 22.46875, "loss": 0.0544872023165226, "task": "train"}
{"memory_peak": 637.89404296875, "units": "MiB", "task": "train"}
{"rate": 215176.76122255906, "units": "items/s", "task": "train"}
{"progress": [50, 65], "task": "early_stop"}
{"returns": 23.109375, "loss": 0.05406506732106209, "task": "train"}
{"memory_peak": 637.89404296875, "units": "MiB", "task": "train"}
{"rate": 215336.3777904969, "units": "items/s", "task": "train"}
{"progress": [51, 65], "task": "early_stop"}
{"returns": 23.7890625, "loss": 0.056755565106868744, "task": "train"}
{"memory_peak": 637.89404296875, "units": "MiB", "task": "train"}
{"rate": 215170.3026688148, "units": "items/s", "task": "train"}
{"progress": [52, 65], "task": "early_stop"}
{"returns": 23.6015625, "loss": 0.060231879353523254, "task": "train"}
{"memory_peak": 637.89404296875, "units": "MiB", "task": "train"}
{"rate": 215368.9170195124, "units": "items/s", "task": "train"}
{"progress": [53, 65], "task": "early_stop"}
{"returns": 23.8046875, "loss": 0.05743308737874031, "task": "train"}
{"memory_peak": 637.89404296875, "units": "MiB", "task": "train"}
{"rate": 215309.82014387092, "units": "items/s", "task": "train"}
{"progress": [54, 65], "task": "early_stop"}
{"returns": 24.1484375, "loss": 0.06310602277517319, "task": "train"}
{"memory_peak": 637.89404296875, "units": "MiB", "task": "train"}
{"rate": 215277.24077021916, "units": "items/s", "task": "train"}
{"progress": [55, 65], "task": "early_stop"}
{"returns": 24.7734375, "loss": 0.060695722699165344, "task": "train"}
{"memory_peak": 637.89404296875, "units": "MiB", "task": "train"}
{"rate": 215304.57591314602, "units": "items/s", "task": "train"}
{"progress": [56, 65], "task": "early_stop"}
[7;227461736;223:20226=61696>222<202274696=65223:20313737353636323438322>313330303136332<202267707564617461223:207;2230223:207;226=656=6?7279223:205;323836332>353632352<2034363036382>305=2<20226<6?6164223:20302>39362<202274656=7065726174757265223:2034322>302<2022706?776572223:203235312>3234367=7=7=z[0:z{"returns": 23.53125, "loss": 0.06175269931554794, "task": "train"}
{"memory_peak": 637.89404296875, "units": "MiB", "task": "train"}
{"rate": 215120.25393899705, "units": "items/s", "task": "train"}
{"progress": [57, 65], "task": "early_stop"}
{"returns": 24.8671875, "loss": 0.06647205352783203, "task": "train"}
{"memory_peak": 637.89404296875, "units": "MiB", "task": "train"}
{"rate": 215188.95679191104, "units": "items/s", "task": "train"}
{"progress": [58, 65], "task": "early_stop"}
{"returns": 25.546875, "loss": 0.06998622417449951, "task": "train"}
{"memory_peak": 637.89404296875, "units": "MiB", "task": "train"}
{"rate": 215151.89158556398, "units": "items/s", "task": "train"}
{"progress": [59, 65], "task": "early_stop"}
{"returns": 25.21875, "loss": 0.06574884802103043, "task": "train"}
{"memory_peak": 637.89404296875, "units": "MiB", "task": "train"}
{"rate": 215607.39925425188, "units": "items/s", "task": "train"}
{"progress": [60, 65], "task": "early_stop"}
{"returns": 26.1640625, "loss": 0.06789520382881165, "task": "train"}
{"memory_peak": 637.89404296875, "units": "MiB", "task": "train"}
{"rate": 215831.03939184532, "units": "items/s", "task": "train"}
{"progress": [61, 65], "task": "early_stop"}
{"returns": 25.5859375, "loss": 0.06532970070838928, "task": "train"}
{"memory_peak": 637.89404296875, "units": "MiB", "task": "train"}
{"rate": 214869.50419766345, "units": "items/s", "task": "train"}
{"progress": [62, 65], "task": "early_stop"}
{"returns": 24.375, "loss": 0.06694968044757843, "task": "train"}
{"memory_peak": 637.89404296875, "units": "MiB", "task": "train"}
{"rate": 215256.65167695886, "units": "items/s", "task": "train"}
{"progress": [63, 65], "task": "early_stop"}
{"returns": 24.5078125, "loss": 0.07111270725727081, "task": "train"}
{"memory_peak": 637.89404296875, "units": "MiB", "task": "train"}
{"rate": 209713.0595418468, "units": "items/s", "task": "train"}
{"progress": [64, 65], "task": "early_stop"}
{"returns": 24.9609375, "loss": 0.06825722754001617, "task": "train"}
{"memory_peak": 637.89404296875, "units": "MiB", "task": "train"}
{"rate": 215077.7543644552, "units": "items/s", "task": "train"}
{"progress": [65, 65], "task": "early_stop"}
{"returns": 23.4921875, "loss": 0.07001501321792603, "task": "train"}
{"memory_peak": 637.89404296875, "units": "MiB", "task": "train"}
{"rate": 215085.05491211463, "units": "items/s", "task": "train"}
{"progress": [66, 65], "task": "early_stop"}
{"returns": 26.171875, "loss": 0.0762452483177185, "task": "train"}
{"memory_peak": 637.89404296875, "units": "MiB", "task": "train"}
{"rate": 215251.56612172592, "units": "items/s", "task": "train"}
{"progress": [67, 65], "task": "early_stop"}
{"returns": 25.203125, "loss": 0.07243825495243073, "task": "train"}
{"memory_peak": 637.89404296875, "units": "MiB", "task": "train"}
{"rate": 215143.67853515243, "units": "items/s", "task": "train"}
{"progress": [68, 65], "task": "early_stop"}
{"returns": 24.671875, "loss": 0.07332625240087509, "task": "train"}
{"memory_peak": 637.89404296875, "units": "MiB", "task": "train"}
{"rate": 215051.51754799948, "units": "items/s", "task": "train"}
{"progress": [69, 65], "task": "early_stop"}
[7;227461736;223:20226=61696>222<202274696=65223:20313737353636323438332>313330333436332<202267707564617461223:207;2230223:207;226=656=6?7279223:205;323836332>353632352<2034363036382>305=2<20226<6?6164223:20302>39362<202274656=7065726174757265223:2034332>302<2022706?776572223:203235302>3336397=7=7=z[0:z{"returns": 23.6953125, "loss": 0.07572337239980698, "task": "train"}
{"memory_peak": 637.89404296875, "units": "MiB", "task": "train"}
{"rate": 215286.31619197284, "units": "items/s", "task": "train"}
{"progress": [70, 65], "task": "early_stop"}
{"returns": 26.421875, "loss": 0.0762646272778511, "task": "train"}
{"memory_peak": 637.89404296875, "units": "MiB", "task": "train"}
{"rate": 215128.80126126044, "units": "items/s", "task": "train"}
{"progress": [71, 65], "task": "early_stop"}
{"returns": 26.015625, "loss": 0.07501371949911118, "task": "train"}
{"memory_peak": 637.89404296875, "units": "MiB", "task": "train"}
{"rate": 215242.4680106053, "units": "items/s", "task": "train"}
{"progress": [72, 65], "task": "early_stop"}
{"returns": 26.4140625, "loss": 0.07255685329437256, "task": "train"}
{"memory_peak": 637.89404296875, "units": "MiB", "task": "train"}
{"rate": 215329.7558136022, "units": "items/s", "task": "train"}
{"progress": [73, 65], "task": "early_stop"}
{"returns": 28.15625, "loss": 0.07837110757827759, "task": "train"}
{"memory_peak": 637.89404296875, "units": "MiB", "task": "train"}
{"rate": 215377.8172397741, "units": "items/s", "task": "train"}
{"progress": [74, 65], "task": "early_stop"}
{"returns": 27.8828125, "loss": 0.07354608178138733, "task": "train"}
{"memory_peak": 637.89404296875, "units": "MiB", "task": "train"}
{"rate": 215671.74721029986, "units": "items/s", "task": "train"}
{"progress": [75, 65], "task": "early_stop"}
{"returns": 25.9609375, "loss": 0.07675768435001373, "task": "train"}
{"memory_peak": 637.89404296875, "units": "MiB", "task": "train"}
{"rate": 215652.59647397255, "units": "items/s", "task": "train"}
{"progress": [76, 65], "task": "early_stop"}
{"returns": 27.5625, "loss": 0.08061253279447556, "task": "train"}
{"memory_peak": 637.89404296875, "units": "MiB", "task": "train"}
{"rate": 215128.31232425955, "units": "items/s", "task": "train"}
{"progress": [77, 65], "task": "early_stop"}
{"returns": 29.203125, "loss": 0.07156237959861755, "task": "train"}
{"memory_peak": 637.89404296875, "units": "MiB", "task": "train"}
{"rate": 215270.06945881704, "units": "items/s", "task": "train"}
{"progress": [78, 65], "task": "early_stop"}
{"returns": 26.3203125, "loss": 0.07565972208976746, "task": "train"}
{"memory_peak": 637.89404296875, "units": "MiB", "task": "train"}
{"rate": 213973.044173091, "units": "items/s", "task": "train"}
{"progress": [79, 65], "task": "early_stop"}
{"returns": 26.96875, "loss": 0.07613787055015564, "task": "train"}
{"memory_peak": 637.89404296875, "units": "MiB", "task": "train"}
{"rate": 215105.34253510204, "units": "items/s", "task": "train"}
{"progress": [80, 65], "task": "early_stop"}
{"returns": 28.0546875, "loss": 0.07853493839502335, "task": "train"}
{"memory_peak": 637.89404296875, "units": "MiB", "task": "train"}
{"rate": 215120.1643748447, "units": "items/s", "task": "train"}
{"progress": [81, 65], "task": "early_stop"}
{"returns": 27.28125, "loss": 0.08381406962871552, "task": "train"}
{"memory_peak": 637.89404296875, "units": "MiB", "task": "train"}
{"rate": 215141.09208960723, "units": "items/s", "task": "train"}
{"progress": [82, 65], "task": "early_stop"}
{"returns": 29.0625, "loss": 0.07904580980539322, "task": "train"}
{"memory_peak": 637.89404296875, "units": "MiB", "task": "train"}
{"rate": 215206.6325285135, "units": "items/s", "task": "train"}
{"progress": [83, 65], "task": "early_stop"}
[7;227461736;223:20226=61696>222<202274696=65223:20313737353636323438342>313330363237322<202267707564617461223:207;2230223:207;226=656=6?7279223:205;323836332>353632352<2034363036382>305=2<20226<6?6164223:20302>39352<202274656=7065726174757265223:2034332>302<2022706?776572223:203235312>3033347=7=7=z[0:z{"returns": 24.9765625, "loss": 0.07630851864814758, "task": "train"}
{"memory_peak": 637.89404296875, "units": "MiB", "task": "train"}
{"rate": 214974.78060560906, "units": "items/s", "task": "train"}
{"progress": [84, 65], "task": "early_stop"}
{"returns": 25.515625, "loss": 0.08499255776405334, "task": "train"}
{"memory_peak": 637.89404296875, "units": "MiB", "task": "train"}
{"rate": 215109.3852339971, "units": "items/s", "task": "train"}
{"progress": [85, 65], "task": "early_stop"}
{"returns": 26.2109375, "loss": 0.08842978626489639, "task": "train"}
{"memory_peak": 637.89404296875, "units": "MiB", "task": "train"}
{"rate": 215192.76812766664, "units": "items/s", "task": "train"}
{"progress": [86, 65], "task": "early_stop"}
{"returns": 27.9609375, "loss": 0.08402472734451294, "task": "train"}
{"memory_peak": 637.89404296875, "units": "MiB", "task": "train"}
{"rate": 215135.9113029208, "units": "items/s", "task": "train"}
{"progress": [87, 65], "task": "early_stop"}
{"returns": 28.515625, "loss": 0.0799698457121849, "task": "train"}
{"memory_peak": 637.89404296875, "units": "MiB", "task": "train"}
{"rate": 215118.6084621296, "units": "items/s", "task": "train"}
{"progress": [88, 65], "task": "early_stop"}
{"returns": 27.328125, "loss": 0.08473315089941025, "task": "train"}
{"memory_peak": 637.89404296875, "units": "MiB", "task": "train"}
{"rate": 215348.81449684605, "units": "items/s", "task": "train"}
{"progress": [89, 65], "task": "early_stop"}
{"returns": 29.0390625, "loss": 0.09018292278051376, "task": "train"}
{"memory_peak": 637.89404296875, "units": "MiB", "task": "train"}
{"rate": 215480.391418847, "units": "items/s", "task": "train"}
{"progress": [90, 65], "task": "early_stop"}
{"returns": 30.7265625, "loss": 0.09228643774986267, "task": "train"}
{"memory_peak": 637.89404296875, "units": "MiB", "task": "train"}
{"rate": 215709.75588119653, "units": "items/s", "task": "train"}
{"progress": [91, 65], "task": "early_stop"}
{"returns": 30.3359375, "loss": 0.08961328119039536, "task": "train"}
{"memory_peak": 637.89404296875, "units": "MiB", "task": "train"}
{"rate": 215135.9661942436, "units": "items/s", "task": "train"}
{"progress": [92, 65], "task": "early_stop"}
{"returns": 30.078125, "loss": 0.0998653993010521, "task": "train"}
{"memory_peak": 637.89404296875, "units": "MiB", "task": "train"}
{"rate": 213656.71286653617, "units": "items/s", "task": "train"}
{"progress": [93, 65], "task": "early_stop"}
{"returns": 30.6953125, "loss": 0.10029080510139465, "task": "train"}
{"memory_peak": 637.89404296875, "units": "MiB", "task": "train"}
{"rate": 214983.7518535529, "units": "items/s", "task": "train"}
{"progress": [94, 65], "task": "early_stop"}
{"returns": 31.578125, "loss": 0.1039983406662941, "task": "train"}
{"memory_peak": 637.89404296875, "units": "MiB", "task": "train"}
{"rate": 215137.82645415998, "units": "items/s", "task": "train"}
{"progress": [95, 65], "task": "early_stop"}
{"returns": 33.15625, "loss": 0.10738798975944519, "task": "train"}
{"memory_peak": 637.89404296875, "units": "MiB", "task": "train"}
{"rate": 215276.04473168284, "units": "items/s", "task": "train"}
{"progress": [96, 65], "task": "early_stop"}
[7;227461736;223:20226=61696>222<202274696=65223:20313737353636323438352>313330393233332<202267707564617461223:207;2230223:207;226=656=6?7279223:205;323836332>353632352<2034363036382>305=2<20226<6?6164223:20302>39362<202274656=7065726174757265223:2034332>302<2022706?776572223:203235322>3035317=7=7=z[0:z{"returns": 34.125, "loss": 0.10308920592069626, "task": "train"}
{"memory_peak": 637.89404296875, "units": "MiB", "task": "train"}
{"rate": 215184.6557241931, "units": "items/s", "task": "train"}
{"progress": [97, 65], "task": "early_stop"}
{"returns": 33.0546875, "loss": 0.09787292778491974, "task": "train"}
{"memory_peak": 637.89404296875, "units": "MiB", "task": "train"}
{"rate": 215106.53970757898, "units": "items/s", "task": "train"}
{"progress": [98, 65], "task": "early_stop"}
{"returns": 33.203125, "loss": 0.09934690594673157, "task": "train"}
{"memory_peak": 637.89404296875, "units": "MiB", "task": "train"}
{"rate": 215137.41560470522, "units": "items/s", "task": "train"}
{"progress": [99, 65], "task": "early_stop"}
{"returns": 31.8984375, "loss": 0.09677629172801971, "task": "train"}
{"memory_peak": 637.89404296875, "units": "MiB", "task": "train"}
{"rate": 215315.02651319094, "units": "items/s", "task": "train"}
{"progress": [100, 65], "task": "early_stop"}
{"returns": 33.625, "loss": 0.0978279709815979, "task": "train"}
{"memory_peak": 637.89404296875, "units": "MiB", "task": "train"}
{"rate": 215121.57013658874, "units": "items/s", "task": "train"}
{"progress": [101, 65], "task": "early_stop"}
{"returns": 31.578125, "loss": 0.10591055452823639, "task": "train"}
{"memory_peak": 637.89404296875, "units": "MiB", "task": "train"}
{"rate": 215223.9380739265, "units": "items/s", "task": "train"}
{"progress": [102, 65], "task": "early_stop"}
{"returns": 31.2578125, "loss": 0.10527099668979645, "task": "train"}
{"memory_peak": 637.89404296875, "units": "MiB", "task": "train"}
{"rate": 215298.41929372502, "units": "items/s", "task": "train"}
{"progress": [103, 65], "task": "early_stop"}
{"returns": 33.703125, "loss": 0.10195904970169067, "task": "train"}
{"memory_peak": 637.89404296875, "units": "MiB", "task": "train"}
{"rate": 215090.2275272394, "units": "items/s", "task": "train"}
{"progress": [104, 65], "task": "early_stop"}
{"returns": 32.546875, "loss": 0.10270517319440842, "task": "train"}
{"memory_peak": 637.89404296875, "units": "MiB", "task": "train"}
{"rate": 215547.07076600817, "units": "items/s", "task": "train"}
{"progress": [105, 65], "task": "early_stop"}
{"returns": 37.5859375, "loss": 0.11159779131412506, "task": "train"}
{"memory_peak": 637.89404296875, "units": "MiB", "task": "train"}
{"rate": 215646.51907403592, "units": "items/s", "task": "train"}
{"progress": [106, 65], "task": "early_stop"}
{"returns": 39.671875, "loss": 0.10513319075107574, "task": "train"}
{"memory_peak": 637.89404296875, "units": "MiB", "task": "train"}
{"rate": 215206.02462203652, "units": "items/s", "task": "train"}
{"progress": [107, 65], "task": "early_stop"}
{"returns": 37.4296875, "loss": 0.1003091111779213, "task": "train"}
{"memory_peak": 637.89404296875, "units": "MiB", "task": "train"}
{"rate": 214817.44404826532, "units": "items/s", "task": "train"}
{"progress": [108, 65], "task": "early_stop"}
{"returns": 35.3359375, "loss": 0.10042092204093933, "task": "train"}
{"memory_peak": 637.89404296875, "units": "MiB", "task": "train"}
{"rate": 215312.79855432772, "units": "items/s", "task": "train"}
{"progress": [109, 65], "task": "early_stop"}
{"returns": 38.21875, "loss": 0.10400377213954926, "task": "train"}
{"memory_peak": 637.89404296875, "units": "MiB", "task": "train"}
{"rate": 215280.5140115788, "units": "items/s", "task": "train"}
{"progress": [110, 65], "task": "early_stop"}
[7;227461736;223:20226=61696>222<202274696=65223:20313737353636323438362>31333132352<202267707564617461223:207;2230223:207;226=656=6?7279223:205;323836332>353632352<2034363036382>305=2<20226<6?6164223:20302>39362<202274656=7065726174757265223:2034332>302<2022706?776572223:203235312>39367=7=7=z[0:z{"returns": 35.8203125, "loss": 0.10102646797895432, "task": "train"}
{"memory_peak": 637.89404296875, "units": "MiB", "task": "train"}
{"rate": 215248.75728564998, "units": "items/s", "task": "train"}
{"progress": [111, 65], "task": "early_stop"}
{"returns": 35.9453125, "loss": 0.10225238651037216, "task": "train"}
{"memory_peak": 637.89404296875, "units": "MiB", "task": "train"}
{"rate": 215139.31899587598, "units": "items/s", "task": "train"}
{"progress": [112, 65], "task": "early_stop"}
{"returns": 36.5703125, "loss": 0.10279528796672821, "task": "train"}
{"memory_peak": 637.89404296875, "units": "MiB", "task": "train"}
{"rate": 215188.499252017, "units": "items/s", "task": "train"}
{"progress": [113, 65], "task": "early_stop"}
{"returns": 35.90625, "loss": 0.11330252885818481, "task": "train"}
{"memory_peak": 637.89404296875, "units": "MiB", "task": "train"}
{"rate": 215107.722416646, "units": "items/s", "task": "train"}
{"progress": [114, 65], "task": "early_stop"}
{"returns": 33.9375, "loss": 0.11875001341104507, "task": "train"}
{"memory_peak": 637.89404296875, "units": "MiB", "task": "train"}
{"rate": 215286.7825786485, "units": "items/s", "task": "train"}
{"progress": [115, 65], "task": "early_stop"}
{"returns": 33.0703125, "loss": 0.11960086226463318, "task": "train"}
{"memory_peak": 637.89404296875, "units": "MiB", "task": "train"}
{"rate": 215142.17987097657, "units": "items/s", "task": "train"}
{"progress": [116, 65], "task": "early_stop"}
{"returns": 33.59375, "loss": 0.12431520968675613, "task": "train"}
{"memory_peak": 637.89404296875, "units": "MiB", "task": "train"}
{"rate": 215180.8271571394, "units": "items/s", "task": "train"}
{"progress": [117, 65], "task": "early_stop"}
{"returns": 33.578125, "loss": 0.11995583772659302, "task": "train"}
{"memory_peak": 637.89404296875, "units": "MiB", "task": "train"}
{"rate": 215021.88574155944, "units": "items/s", "task": "train"}
{"progress": [118, 65], "task": "early_stop"}
{"returns": 35.375, "loss": 0.1275397539138794, "task": "train"}
{"memory_peak": 637.89404296875, "units": "MiB", "task": "train"}
{"rate": 215137.7018521104, "units": "items/s", "task": "train"}
{"progress": [119, 65], "task": "early_stop"}
{"returns": 35.7421875, "loss": 0.11431325972080231, "task": "train"}
{"memory_peak": 637.89404296875, "units": "MiB", "task": "train"}
{"rate": 215496.8006775858, "units": "items/s", "task": "train"}
{"progress": [120, 65], "task": "early_stop"}
{"returns": 36.0, "loss": 0.1296302080154419, "task": "train"}
{"memory_peak": 637.89404296875, "units": "MiB", "task": "train"}
{"rate": 215742.9461867898, "units": "items/s", "task": "train"}
{"progress": [121, 65], "task": "early_stop"}
{"returns": 37.28125, "loss": 0.12128528952598572, "task": "train"}
{"memory_peak": 637.89404296875, "units": "MiB", "task": "train"}
{"rate": 215095.59126036358, "units": "items/s", "task": "train"}
{"progress": [122, 65], "task": "early_stop"}
{"returns": 37.40625, "loss": 0.11932027339935303, "task": "train"}
{"memory_peak": 637.89404296875, "units": "MiB", "task": "train"}
{"rate": 215267.18764876184, "units": "items/s", "task": "train"}
{"progress": [123, 65], "task": "early_stop"}
[7;227461736;223:20226=61696>222<202274696=65223:20313737353636323438372>313331353335352<202267707564617461223:207;2230223:207;226=656=6?7279223:205;323836332>353632352<2034363036382>305=2<20226<6?6164223:20302>39362<202274656=7065726174757265223:2034342>302<2022706?776572223:203235332>3731387=7=7=z[0:z{"returns": 35.1484375, "loss": 0.11919939517974854, "task": "train"}
{"memory_peak": 637.89404296875, "units": "MiB", "task": "train"}
{"rate": 215053.7750988142, "units": "items/s", "task": "train"}
{"progress": [124, 65], "task": "early_stop"}
