/tmp/results/venv/torch/lib/python3.12/site-packages/jax/_src/ops/scatter.py:104: FutureWarning: scatter inputs have incompatible types: cannot safely cast value from dtype=int32 to dtype=bool with jax_numpy_dtype_promotion=standard. In future JAX releases this will result in an error.
  warnings.warn(
/tmp/results/venv/torch/lib/python3.12/site-packages/jax/_src/ops/scatter.py:104: FutureWarning: scatter inputs have incompatible types: cannot safely cast value from dtype=float32 to dtype=bool with jax_numpy_dtype_promotion=standard. In future JAX releases this will result in an error.
  warnings.warn(
/tmp/results/venv/torch/lib/python3.12/site-packages/jax/_src/numpy/array_methods.py:125: UserWarning: Explicitly requested dtype int64 requested in astype is not available, and will be truncated to dtype int32. To enable more dtypes, set the jax_enable_x64 configuration option or the JAX_ENABLE_X64 shell environment variable. See https://github.com/jax-ml/jax#current-gotchas for more.
  return lax_numpy.astype(self, dtype, copy=copy, device=device)
E0408 11:58:57.945046 2425698 xtile_compiler.cc:399] Fusion: gemm_fusion_dot_general.18 = f32[65536,84]{1,0} fusion(add.1174, get-tuple-element.181), kind=kCustom, calls=gemm_fusion_dot_general.18_computation.clone, backend_config={"operation_queue_id":"0","wait_on_operation_queues":[],"fusion_backend_config":{"kind":"__triton_nested_gemm_fusion","block_level_fusion_config":{"num_warps":"8","output_tiles":[{"sizes":["128","128"]}],"num_ctas":1,"num_stages":4,"is_tma_allowed":false,"is_warp_specialization_allowed":false}},"force_earliest_schedule":false,"reification_cost":[],"device_type":"DEVICE_TYPE_INVALID"}
E0408 11:58:57.945112 2425698 xtile_compiler.cc:401] Computation: gemm_fusion_dot_general.18_computation.clone {
  parameter_0.1 = f32[65536,120]{1,0} parameter(0)
  constant_4879 = f32[] constant(0)
  broadcast.2733 = f32[65536,120]{1,0} broadcast(constant_4879), dimensions={}
  max.172 = f32[65536,120]{1,0} maximum(parameter_0.1, broadcast.2733)
  parameter_1.1 = f32[120,84]{1,0} parameter(1)
  ROOT dot_general.30 = f32[65536,84]{1,0} dot(max.172, parameter_1.1), lhs_contracting_dims={1}, rhs_contracting_dims={0}, backend_config={"sizes":["32"]}
}
E0408 11:58:58.716721 2425693 xtile_compiler.cc:399] Fusion: gemm_fusion_dot_general.17 = f32[65536,120]{1,0} fusion(bitcast.355, get-tuple-element.179), kind=kCustom, calls=gemm_fusion_dot_general.17_computation.clone, backend_config={"operation_queue_id":"0","wait_on_operation_queues":[],"fusion_backend_config":{"kind":"__triton_nested_gemm_fusion","block_level_fusion_config":{"num_warps":"2","output_tiles":[{"sizes":["64","32"]}],"num_ctas":1,"num_stages":3,"is_tma_allowed":false,"is_warp_specialization_allowed":false}},"force_earliest_schedule":false,"reification_cost":[],"device_type":"DEVICE_TYPE_INVALID"}
E0408 11:58:58.716851 2425693 xtile_compiler.cc:401] Computation: gemm_fusion_dot_general.17_computation.clone {
  parameter_0 = f32[65536,600]{1,0} parameter(0)
  parameter_1 = f32[600,120]{1,0} parameter(1)
  ROOT dot_general.29 = f32[65536,120]{1,0} dot(parameter_0, parameter_1), lhs_contracting_dims={1}, rhs_contracting_dims={0}, backend_config={"sizes":["128"]}
}
E0408 11:58:58.791303 2425693 xtile_compiler.cc:399] Fusion: gemm_fusion_dot_general.17 = f32[65536,120]{1,0} fusion(bitcast.355, get-tuple-element.179), kind=kCustom, calls=gemm_fusion_dot_general.17_computation.clone, backend_config={"operation_queue_id":"0","wait_on_operation_queues":[],"fusion_backend_config":{"kind":"__triton_nested_gemm_fusion","block_level_fusion_config":{"num_warps":"4","output_tiles":[{"sizes":["64","128"]}],"num_ctas":1,"num_stages":3,"is_tma_allowed":false,"is_warp_specialization_allowed":false}},"force_earliest_schedule":false,"reification_cost":[],"device_type":"DEVICE_TYPE_INVALID"}
E0408 11:58:58.791388 2425693 xtile_compiler.cc:401] Computation: gemm_fusion_dot_general.17_computation.clone {
  parameter_0 = f32[65536,600]{1,0} parameter(0)
  parameter_1 = f32[600,120]{1,0} parameter(1)
  ROOT dot_general.29 = f32[65536,120]{1,0} dot(parameter_0, parameter_1), lhs_contracting_dims={1}, rhs_contracting_dims={0}, backend_config={"sizes":["64"]}
}
E0408 11:58:58.980638 2425696 xtile_compiler.cc:399] Fusion: gemm_fusion_dot_general.17 = f32[65536,120]{1,0} fusion(bitcast.355, get-tuple-element.179), kind=kCustom, calls=gemm_fusion_dot_general.17_computation.clone, backend_config={"operation_queue_id":"0","wait_on_operation_queues":[],"fusion_backend_config":{"kind":"__triton_nested_gemm_fusion","block_level_fusion_config":{"num_warps":"4","output_tiles":[{"sizes":["64","64"]}],"num_ctas":1,"num_stages":4,"is_tma_allowed":false,"is_warp_specialization_allowed":false}},"force_earliest_schedule":false,"reification_cost":[],"device_type":"DEVICE_TYPE_INVALID"}
E0408 11:58:58.980700 2425696 xtile_compiler.cc:401] Computation: gemm_fusion_dot_general.17_computation.clone {
  parameter_0 = f32[65536,600]{1,0} parameter(0)
  parameter_1 = f32[600,120]{1,0} parameter(1)
  ROOT dot_general.29 = f32[65536,120]{1,0} dot(parameter_0, parameter_1), lhs_contracting_dims={1}, rhs_contracting_dims={0}, backend_config={"sizes":["64"]}
}
E0408 11:58:59.037185 2425695 xtile_compiler.cc:399] Fusion: gemm_fusion_dot_general.13 = f32[192,84]{1,0} fusion(add.6781, get-tuple-element.1682), kind=kCustom, calls=gemm_fusion_dot_general.13_computation.clone, backend_config={"operation_queue_id":"0","wait_on_operation_queues":[],"fusion_backend_config":{"kind":"__triton_nested_gemm_fusion","block_level_fusion_config":{"num_warps":"4","output_tiles":[{"sizes":["64","64"]}],"num_ctas":1,"num_stages":4,"is_tma_allowed":false,"is_warp_specialization_allowed":false}},"force_earliest_schedule":false,"reification_cost":[],"device_type":"DEVICE_TYPE_INVALID"}
E0408 11:58:59.037251 2425695 xtile_compiler.cc:401] Computation: gemm_fusion_dot_general.13_computation.clone {
  parameter_0.12 = f32[192,120]{1,0} parameter(0)
  constant_4885 = f32[] constant(0)
  max.178 = f32[192,120]{1,0} broadcast(constant_4885), dimensions={}
  max.179 = f32[192,120]{1,0} maximum(parameter_0.12, max.178)
  parameter_1.12 = f32[120,84]{1,0} parameter(1)
  ROOT dot_general.38 = f32[192,84]{1,0} dot(max.179, parameter_1.12), lhs_contracting_dims={1}, rhs_contracting_dims={0}, backend_config={"sizes":["64"]}
}
E0408 11:58:59.113750 2425693 xtile_compiler.cc:399] Fusion: gemm_fusion_dot_general.13 = f32[192,84]{1,0} fusion(add.6781, get-tuple-element.1682), kind=kCustom, calls=gemm_fusion_dot_general.13_computation.clone, backend_config={"operation_queue_id":"0","wait_on_operation_queues":[],"fusion_backend_config":{"kind":"__triton_nested_gemm_fusion","block_level_fusion_config":{"num_warps":"4","output_tiles":[{"sizes":["32","256"]}],"num_ctas":1,"num_stages":3,"is_tma_allowed":false,"is_warp_specialization_allowed":false}},"force_earliest_schedule":false,"reification_cost":[],"device_type":"DEVICE_TYPE_INVALID"}
E0408 11:58:59.113818 2425693 xtile_compiler.cc:401] Computation: gemm_fusion_dot_general.13_computation.clone {
  parameter_0.12 = f32[192,120]{1,0} parameter(0)
  constant_4885 = f32[] constant(0)
  max.178 = f32[192,120]{1,0} broadcast(constant_4885), dimensions={}
  max.179 = f32[192,120]{1,0} maximum(parameter_0.12, max.178)
  parameter_1.12 = f32[120,84]{1,0} parameter(1)
  ROOT dot_general.38 = f32[192,84]{1,0} dot(max.179, parameter_1.12), lhs_contracting_dims={1}, rhs_contracting_dims={0}, backend_config={"sizes":["32"]}
}
E0408 11:58:59.199595 2425693 xtile_compiler.cc:399] Fusion: gemm_fusion_dot_general.13 = f32[192,84]{1,0} fusion(add.6781, get-tuple-element.1682), kind=kCustom, calls=gemm_fusion_dot_general.13_computation.clone, backend_config={"operation_queue_id":"0","wait_on_operation_queues":[],"fusion_backend_config":{"kind":"__triton_nested_gemm_fusion","block_level_fusion_config":{"num_warps":"8","output_tiles":[{"sizes":["128","256"]}],"num_ctas":1,"num_stages":4,"is_tma_allowed":false,"is_warp_specialization_allowed":false}},"force_earliest_schedule":false,"reification_cost":[],"device_type":"DEVICE_TYPE_INVALID"}
E0408 11:58:59.199686 2425693 xtile_compiler.cc:401] Computation: gemm_fusion_dot_general.13_computation.clone {
  parameter_0.12 = f32[192,120]{1,0} parameter(0)
  constant_4885 = f32[] constant(0)
  max.178 = f32[192,120]{1,0} broadcast(constant_4885), dimensions={}
  max.179 = f32[192,120]{1,0} maximum(parameter_0.12, max.178)
  parameter_1.12 = f32[120,84]{1,0} parameter(1)
  ROOT dot_general.38 = f32[192,84]{1,0} dot(max.179, parameter_1.12), lhs_contracting_dims={1}, rhs_contracting_dims={0}, backend_config={"sizes":["32"]}
}
E0408 11:58:59.659881 2425698 xtile_compiler.cc:399] Fusion: gemm_fusion_dot_general.17 = f32[65536,120]{1,0} fusion(bitcast.355, get-tuple-element.179), kind=kCustom, calls=gemm_fusion_dot_general.17_computation.clone, backend_config={"operation_queue_id":"0","wait_on_operation_queues":[],"fusion_backend_config":{"kind":"__triton_nested_gemm_fusion","block_level_fusion_config":{"num_warps":"8","output_tiles":[{"sizes":["128","128"]}],"num_ctas":1,"num_stages":4,"is_tma_allowed":false,"is_warp_specialization_allowed":false}},"force_earliest_schedule":false,"reification_cost":[],"device_type":"DEVICE_TYPE_INVALID"}
E0408 11:58:59.659940 2425698 xtile_compiler.cc:401] Computation: gemm_fusion_dot_general.17_computation.clone {
  parameter_0 = f32[65536,600]{1,0} parameter(0)
  parameter_1 = f32[600,120]{1,0} parameter(1)
  ROOT dot_general.29 = f32[65536,120]{1,0} dot(parameter_0, parameter_1), lhs_contracting_dims={1}, rhs_contracting_dims={0}, backend_config={"sizes":["32"]}
}
E0408 11:58:59.764848 2425694 xtile_compiler.cc:399] Fusion: gemm_fusion_dot_general.17 = f32[4,65536,120]{2,1,0} fusion(bitcast.355, get-tuple-element.179), kind=kCustom, calls=gemm_fusion_dot_general.17_computation.clone, backend_config={"operation_queue_id":"0","wait_on_operation_queues":[],"fusion_backend_config":{"kind":"__triton_nested_gemm_fusion","block_level_fusion_config":{"num_warps":"8","output_tiles":[{"sizes":["1","128","128"]}],"num_ctas":1,"num_stages":4,"is_tma_allowed":false,"is_warp_specialization_allowed":false}},"force_earliest_schedule":false,"reification_cost":[],"device_type":"DEVICE_TYPE_INVALID"}
E0408 11:58:59.764914 2425694 xtile_compiler.cc:401] Computation: gemm_fusion_dot_general.17_computation.clone {
  parameter_0 = f32[65536,600]{1,0} parameter(0)
  constant = f32[] constant(0)
  pad = f32[65536,608]{1,0} pad(parameter_0, constant), padding=0_0x0_8
  bitcast = f32[65536,4,152]{2,1,0} bitcast(pad)
  parameter_1 = f32[600,120]{1,0} parameter(1)
  constant_1 = f32[] constant(0)
  pad.1 = f32[608,120]{1,0} pad(parameter_1, constant_1), padding=0_8x0_0
  bitcast.1 = f32[4,152,120]{2,1,0} bitcast(pad.1)
  ROOT dot = f32[4,65536,120]{2,1,0} dot(bitcast, bitcast.1), lhs_batch_dims={1}, lhs_contracting_dims={2}, rhs_batch_dims={0}, rhs_contracting_dims={1}, backend_config={"sizes":["32"]}
}
E0408 11:58:59.871786 2425698 xtile_compiler.cc:399] Fusion: gemm_fusion_dot_general.13 = f32[192,84]{1,0} fusion(add.6781, get-tuple-element.1682), kind=kCustom, calls=gemm_fusion_dot_general.13_computation.clone, backend_config={"operation_queue_id":"0","wait_on_operation_queues":[],"fusion_backend_config":{"kind":"__triton_nested_gemm_fusion","block_level_fusion_config":{"num_warps":"4","output_tiles":[{"sizes":["64","128"]}],"num_ctas":1,"num_stages":3,"is_tma_allowed":false,"is_warp_specialization_allowed":false}},"force_earliest_schedule":false,"reification_cost":[],"device_type":"DEVICE_TYPE_INVALID"}
E0408 11:58:59.871882 2425698 xtile_compiler.cc:401] Computation: gemm_fusion_dot_general.13_computation.clone {
  parameter_0.12 = f32[192,120]{1,0} parameter(0)
  constant_4885 = f32[] constant(0)
  max.178 = f32[192,120]{1,0} broadcast(constant_4885), dimensions={}
  max.179 = f32[192,120]{1,0} maximum(parameter_0.12, max.178)
  parameter_1.12 = f32[120,84]{1,0} parameter(1)
  ROOT dot_general.38 = f32[192,84]{1,0} dot(max.179, parameter_1.12), lhs_contracting_dims={1}, rhs_contracting_dims={0}, backend_config={"sizes":["64"]}
}
E0408 11:58:59.957374 2425698 xtile_compiler.cc:399] Fusion: gemm_fusion_dot_general.13 = f32[192,84]{1,0} fusion(add.6781, get-tuple-element.1682), kind=kCustom, calls=gemm_fusion_dot_general.13_computation.clone, backend_config={"operation_queue_id":"0","wait_on_operation_queues":[],"fusion_backend_config":{"kind":"__triton_nested_gemm_fusion","block_level_fusion_config":{"num_warps":"4","output_tiles":[{"sizes":["64","256"]}],"num_ctas":1,"num_stages":4,"is_tma_allowed":false,"is_warp_specialization_allowed":false}},"force_earliest_schedule":false,"reification_cost":[],"device_type":"DEVICE_TYPE_INVALID"}
E0408 11:58:59.957485 2425698 xtile_compiler.cc:401] Computation: gemm_fusion_dot_general.13_computation.clone {
  parameter_0.12 = f32[192,120]{1,0} parameter(0)
  constant_4885 = f32[] constant(0)
  max.178 = f32[192,120]{1,0} broadcast(constant_4885), dimensions={}
  max.179 = f32[192,120]{1,0} maximum(parameter_0.12, max.178)
  parameter_1.12 = f32[120,84]{1,0} parameter(1)
  ROOT dot_general.38 = f32[192,84]{1,0} dot(max.179, parameter_1.12), lhs_contracting_dims={1}, rhs_contracting_dims={0}, backend_config={"sizes":["32"]}
}
E0408 11:59:00.060166 2425698 xtile_compiler.cc:399] Fusion: gemm_fusion_dot_general.13 = f32[192,84]{1,0} fusion(add.6781, get-tuple-element.1682), kind=kCustom, calls=gemm_fusion_dot_general.13_computation.clone, backend_config={"operation_queue_id":"0","wait_on_operation_queues":[],"fusion_backend_config":{"kind":"__triton_nested_gemm_fusion","block_level_fusion_config":{"num_warps":"8","output_tiles":[{"sizes":["128","256"]}],"num_ctas":1,"num_stages":4,"is_tma_allowed":false,"is_warp_specialization_allowed":false}},"force_earliest_schedule":false,"reification_cost":[],"device_type":"DEVICE_TYPE_INVALID"}
E0408 11:59:00.060296 2425698 xtile_compiler.cc:401] Computation: gemm_fusion_dot_general.13_computation.clone {
  parameter_0.12 = f32[192,120]{1,0} parameter(0)
  constant_4885 = f32[] constant(0)
  max.178 = f32[192,120]{1,0} broadcast(constant_4885), dimensions={}
  max.179 = f32[192,120]{1,0} maximum(parameter_0.12, max.178)
  parameter_1.12 = f32[120,84]{1,0} parameter(1)
  ROOT dot_general.38 = f32[192,84]{1,0} dot(max.179, parameter_1.12), lhs_contracting_dims={1}, rhs_contracting_dims={0}, backend_config={"sizes":["64"]}
}
