/tmp/results/venv/torch/lib/python3.12/site-packages/jax/_src/ops/scatter.py:104: FutureWarning: scatter inputs have incompatible types: cannot safely cast value from dtype=int32 to dtype=bool with jax_numpy_dtype_promotion=standard. In future JAX releases this will result in an error.
  warnings.warn(
/tmp/results/venv/torch/lib/python3.12/site-packages/jax/_src/ops/scatter.py:104: FutureWarning: scatter inputs have incompatible types: cannot safely cast value from dtype=float32 to dtype=bool with jax_numpy_dtype_promotion=standard. In future JAX releases this will result in an error.
  warnings.warn(
/tmp/results/venv/torch/lib/python3.12/site-packages/jax/_src/numpy/array_methods.py:125: UserWarning: Explicitly requested dtype int64 requested in astype is not available, and will be truncated to dtype int32. To enable more dtypes, set the jax_enable_x64 configuration option or the JAX_ENABLE_X64 shell environment variable. See https://github.com/jax-ml/jax#current-gotchas for more.
  return lax_numpy.astype(self, dtype, copy=copy, device=device)
E0408 13:05:19.876051 2443013 xtile_compiler.cc:399] Fusion: gemm_fusion_dot_general.13 = f32[128,84]{1,0} fusion(add.6781, get-tuple-element.1682), kind=kCustom, calls=gemm_fusion_dot_general.13_computation.clone, backend_config={"operation_queue_id":"0","wait_on_operation_queues":[],"fusion_backend_config":{"kind":"__triton_nested_gemm_fusion","block_level_fusion_config":{"num_warps":"4","output_tiles":[{"sizes":["32","256"]}],"num_ctas":1,"num_stages":3,"is_tma_allowed":false,"is_warp_specialization_allowed":false}},"force_earliest_schedule":false,"reification_cost":[],"device_type":"DEVICE_TYPE_INVALID"}
E0408 13:05:19.876124 2443013 xtile_compiler.cc:401] Computation: gemm_fusion_dot_general.13_computation.clone {
  parameter_0.12 = f32[128,120]{1,0} parameter(0)
  constant_4905 = f32[] constant(0)
  max.178 = f32[128,120]{1,0} broadcast(constant_4905), dimensions={}
  max.179 = f32[128,120]{1,0} maximum(parameter_0.12, max.178)
  parameter_1.12 = f32[120,84]{1,0} parameter(1)
  ROOT dot_general.38 = f32[128,84]{1,0} dot(max.179, parameter_1.12), lhs_contracting_dims={1}, rhs_contracting_dims={0}, backend_config={"sizes":["32"]}
}
E0408 13:05:20.232623 2443011 xtile_compiler.cc:399] Fusion: gemm_fusion_dot_general.13 = f32[128,84]{1,0} fusion(add.6781, get-tuple-element.1682), kind=kCustom, calls=gemm_fusion_dot_general.13_computation.clone, backend_config={"operation_queue_id":"0","wait_on_operation_queues":[],"fusion_backend_config":{"kind":"__triton_nested_gemm_fusion","block_level_fusion_config":{"num_warps":"4","output_tiles":[{"sizes":["64","128"]}],"num_ctas":1,"num_stages":3,"is_tma_allowed":false,"is_warp_specialization_allowed":false}},"force_earliest_schedule":false,"reification_cost":[],"device_type":"DEVICE_TYPE_INVALID"}
E0408 13:05:20.232715 2443011 xtile_compiler.cc:401] Computation: gemm_fusion_dot_general.13_computation.clone {
  parameter_0.12 = f32[128,120]{1,0} parameter(0)
  constant_4905 = f32[] constant(0)
  max.178 = f32[128,120]{1,0} broadcast(constant_4905), dimensions={}
  max.179 = f32[128,120]{1,0} maximum(parameter_0.12, max.178)
  parameter_1.12 = f32[120,84]{1,0} parameter(1)
  ROOT dot_general.38 = f32[128,84]{1,0} dot(max.179, parameter_1.12), lhs_contracting_dims={1}, rhs_contracting_dims={0}, backend_config={"sizes":["64"]}
}
E0408 13:05:20.247675 2443013 xtile_compiler.cc:399] Fusion: gemm_fusion_dot_general.13 = f32[128,84]{1,0} fusion(add.6781, get-tuple-element.1682), kind=kCustom, calls=gemm_fusion_dot_general.13_computation.clone, backend_config={"operation_queue_id":"0","wait_on_operation_queues":[],"fusion_backend_config":{"kind":"__triton_nested_gemm_fusion","block_level_fusion_config":{"num_warps":"4","output_tiles":[{"sizes":["64","64"]}],"num_ctas":1,"num_stages":4,"is_tma_allowed":false,"is_warp_specialization_allowed":false}},"force_earliest_schedule":false,"reification_cost":[],"device_type":"DEVICE_TYPE_INVALID"}
E0408 13:05:20.247735 2443013 xtile_compiler.cc:401] Computation: gemm_fusion_dot_general.13_computation.clone {
  parameter_0.12 = f32[128,120]{1,0} parameter(0)
  constant_4905 = f32[] constant(0)
  max.178 = f32[128,120]{1,0} broadcast(constant_4905), dimensions={}
  max.179 = f32[128,120]{1,0} maximum(parameter_0.12, max.178)
  parameter_1.12 = f32[120,84]{1,0} parameter(1)
  ROOT dot_general.38 = f32[128,84]{1,0} dot(max.179, parameter_1.12), lhs_contracting_dims={1}, rhs_contracting_dims={0}, backend_config={"sizes":["64"]}
}
E0408 13:05:20.260677 2443009 xtile_compiler.cc:399] Fusion: gemm_fusion_dot_general.13 = f32[128,84]{1,0} fusion(add.6781, get-tuple-element.1682), kind=kCustom, calls=gemm_fusion_dot_general.13_computation.clone, backend_config={"operation_queue_id":"0","wait_on_operation_queues":[],"fusion_backend_config":{"kind":"__triton_nested_gemm_fusion","block_level_fusion_config":{"num_warps":"8","output_tiles":[{"sizes":["128","256"]}],"num_ctas":1,"num_stages":4,"is_tma_allowed":false,"is_warp_specialization_allowed":false}},"force_earliest_schedule":false,"reification_cost":[],"device_type":"DEVICE_TYPE_INVALID"}
E0408 13:05:20.260751 2443009 xtile_compiler.cc:401] Computation: gemm_fusion_dot_general.13_computation.clone {
  parameter_0.12 = f32[128,120]{1,0} parameter(0)
  constant_4905 = f32[] constant(0)
  max.178 = f32[128,120]{1,0} broadcast(constant_4905), dimensions={}
  max.179 = f32[128,120]{1,0} maximum(parameter_0.12, max.178)
  parameter_1.12 = f32[120,84]{1,0} parameter(1)
  ROOT dot_general.38 = f32[128,84]{1,0} dot(max.179, parameter_1.12), lhs_contracting_dims={1}, rhs_contracting_dims={0}, backend_config={"sizes":["32"]}
}
E0408 13:05:20.335132 2443013 xtile_compiler.cc:399] Fusion: gemm_fusion_dot_general.13 = f32[128,84]{1,0} fusion(add.6781, get-tuple-element.1682), kind=kCustom, calls=gemm_fusion_dot_general.13_computation.clone, backend_config={"operation_queue_id":"0","wait_on_operation_queues":[],"fusion_backend_config":{"kind":"__triton_nested_gemm_fusion","block_level_fusion_config":{"num_warps":"4","output_tiles":[{"sizes":["64","256"]}],"num_ctas":1,"num_stages":4,"is_tma_allowed":false,"is_warp_specialization_allowed":false}},"force_earliest_schedule":false,"reification_cost":[],"device_type":"DEVICE_TYPE_INVALID"}
E0408 13:05:20.335224 2443013 xtile_compiler.cc:401] Computation: gemm_fusion_dot_general.13_computation.clone {
  parameter_0.12 = f32[128,120]{1,0} parameter(0)
  constant_4905 = f32[] constant(0)
  max.178 = f32[128,120]{1,0} broadcast(constant_4905), dimensions={}
  max.179 = f32[128,120]{1,0} maximum(parameter_0.12, max.178)
  parameter_1.12 = f32[120,84]{1,0} parameter(1)
  ROOT dot_general.38 = f32[128,84]{1,0} dot(max.179, parameter_1.12), lhs_contracting_dims={1}, rhs_contracting_dims={0}, backend_config={"sizes":["32"]}
}
E0408 13:05:20.433194 2443013 xtile_compiler.cc:399] Fusion: gemm_fusion_dot_general.13 = f32[128,84]{1,0} fusion(add.6781, get-tuple-element.1682), kind=kCustom, calls=gemm_fusion_dot_general.13_computation.clone, backend_config={"operation_queue_id":"0","wait_on_operation_queues":[],"fusion_backend_config":{"kind":"__triton_nested_gemm_fusion","block_level_fusion_config":{"num_warps":"8","output_tiles":[{"sizes":["128","256"]}],"num_ctas":1,"num_stages":4,"is_tma_allowed":false,"is_warp_specialization_allowed":false}},"force_earliest_schedule":false,"reification_cost":[],"device_type":"DEVICE_TYPE_INVALID"}
E0408 13:05:20.433317 2443013 xtile_compiler.cc:401] Computation: gemm_fusion_dot_general.13_computation.clone {
  parameter_0.12 = f32[128,120]{1,0} parameter(0)
  constant_4905 = f32[] constant(0)
  max.178 = f32[128,120]{1,0} broadcast(constant_4905), dimensions={}
  max.179 = f32[128,120]{1,0} maximum(parameter_0.12, max.178)
  parameter_1.12 = f32[120,84]{1,0} parameter(1)
  ROOT dot_general.38 = f32[128,84]{1,0} dot(max.179, parameter_1.12), lhs_contracting_dims={1}, rhs_contracting_dims={0}, backend_config={"sizes":["64"]}
}
E0408 13:05:20.893738 2443010 xtile_compiler.cc:399] Fusion: gemm_fusion_dot_general.17 = f32[65536,120]{1,0} fusion(bitcast.352, get-tuple-element.179), kind=kCustom, calls=gemm_fusion_dot_general.17_computation.clone, backend_config={"operation_queue_id":"0","wait_on_operation_queues":[],"fusion_backend_config":{"kind":"__triton_nested_gemm_fusion","block_level_fusion_config":{"num_warps":"2","output_tiles":[{"sizes":["64","32"]}],"num_ctas":1,"num_stages":3,"is_tma_allowed":false,"is_warp_specialization_allowed":false}},"force_earliest_schedule":false,"reification_cost":[],"device_type":"DEVICE_TYPE_INVALID"}
E0408 13:05:20.893867 2443010 xtile_compiler.cc:401] Computation: gemm_fusion_dot_general.17_computation.clone {
  parameter_0 = f32[65536,600]{1,0} parameter(0)
  parameter_1 = f32[600,120]{1,0} parameter(1)
  ROOT dot_general.29 = f32[65536,120]{1,0} dot(parameter_0, parameter_1), lhs_contracting_dims={1}, rhs_contracting_dims={0}, backend_config={"sizes":["128"]}
}
E0408 13:05:20.950269 2443009 xtile_compiler.cc:399] Fusion: gemm_fusion_dot_general.17 = f32[4,65536,120]{2,1,0} fusion(bitcast.352, get-tuple-element.179), kind=kCustom, calls=gemm_fusion_dot_general.17_computation.clone, backend_config={"operation_queue_id":"0","wait_on_operation_queues":[],"fusion_backend_config":{"kind":"__triton_nested_gemm_fusion","block_level_fusion_config":{"num_warps":"8","output_tiles":[{"sizes":["1","128","128"]}],"num_ctas":1,"num_stages":4,"is_tma_allowed":false,"is_warp_specialization_allowed":false}},"force_earliest_schedule":false,"reification_cost":[],"device_type":"DEVICE_TYPE_INVALID"}
E0408 13:05:20.950328 2443009 xtile_compiler.cc:401] Computation: gemm_fusion_dot_general.17_computation.clone {
  parameter_0 = f32[65536,600]{1,0} parameter(0)
  constant = f32[] constant(0)
  pad = f32[65536,608]{1,0} pad(parameter_0, constant), padding=0_0x0_8
  bitcast = f32[65536,4,152]{2,1,0} bitcast(pad)
  parameter_1 = f32[600,120]{1,0} parameter(1)
  constant_1 = f32[] constant(0)
  pad.1 = f32[608,120]{1,0} pad(parameter_1, constant_1), padding=0_8x0_0
  bitcast.1 = f32[4,152,120]{2,1,0} bitcast(pad.1)
  ROOT dot = f32[4,65536,120]{2,1,0} dot(bitcast, bitcast.1), lhs_batch_dims={1}, lhs_contracting_dims={2}, rhs_batch_dims={0}, rhs_contracting_dims={1}, backend_config={"sizes":["32"]}
}
E0408 13:05:20.973244 2443013 xtile_compiler.cc:399] Fusion: gemm_fusion_dot_general.18 = f32[65536,84]{1,0} fusion(add.1174, get-tuple-element.181), kind=kCustom, calls=gemm_fusion_dot_general.18_computation.clone, backend_config={"operation_queue_id":"0","wait_on_operation_queues":[],"fusion_backend_config":{"kind":"__triton_nested_gemm_fusion","block_level_fusion_config":{"num_warps":"8","output_tiles":[{"sizes":["128","128"]}],"num_ctas":1,"num_stages":4,"is_tma_allowed":false,"is_warp_specialization_allowed":false}},"force_earliest_schedule":false,"reification_cost":[],"device_type":"DEVICE_TYPE_INVALID"}
E0408 13:05:20.973302 2443013 xtile_compiler.cc:401] Computation: gemm_fusion_dot_general.18_computation.clone {
  parameter_0.1 = f32[65536,120]{1,0} parameter(0)
  constant_4899 = f32[] constant(0)
  broadcast.2744 = f32[65536,120]{1,0} broadcast(constant_4899), dimensions={}
  max.172 = f32[65536,120]{1,0} maximum(parameter_0.1, broadcast.2744)
  parameter_1.1 = f32[120,84]{1,0} parameter(1)
  ROOT dot_general.30 = f32[65536,84]{1,0} dot(max.172, parameter_1.1), lhs_contracting_dims={1}, rhs_contracting_dims={0}, backend_config={"sizes":["32"]}
}
E0408 13:05:21.273526 2443010 xtile_compiler.cc:399] Fusion: gemm_fusion_dot_general.17 = f32[65536,120]{1,0} fusion(bitcast.352, get-tuple-element.179), kind=kCustom, calls=gemm_fusion_dot_general.17_computation.clone, backend_config={"operation_queue_id":"0","wait_on_operation_queues":[],"fusion_backend_config":{"kind":"__triton_nested_gemm_fusion","block_level_fusion_config":{"num_warps":"8","output_tiles":[{"sizes":["128","128"]}],"num_ctas":1,"num_stages":4,"is_tma_allowed":false,"is_warp_specialization_allowed":false}},"force_earliest_schedule":false,"reification_cost":[],"device_type":"DEVICE_TYPE_INVALID"}
E0408 13:05:21.273591 2443010 xtile_compiler.cc:401] Computation: gemm_fusion_dot_general.17_computation.clone {
  parameter_0 = f32[65536,600]{1,0} parameter(0)
  parameter_1 = f32[600,120]{1,0} parameter(1)
  ROOT dot_general.29 = f32[65536,120]{1,0} dot(parameter_0, parameter_1), lhs_contracting_dims={1}, rhs_contracting_dims={0}, backend_config={"sizes":["32"]}
}
E0408 13:05:21.338021 2443010 xtile_compiler.cc:399] Fusion: gemm_fusion_dot_general.12 = f32[128,120]{1,0} fusion(get-tuple-element.1636, get-tuple-element.1684), kind=kCustom, calls=gemm_fusion_dot_general.12_computation.clone, backend_config={"operation_queue_id":"0","wait_on_operation_queues":[],"fusion_backend_config":{"kind":"__triton_nested_gemm_fusion","block_level_fusion_config":{"num_warps":"4","output_tiles":[{"sizes":["32","256"]}],"num_ctas":1,"num_stages":3,"is_tma_allowed":false,"is_warp_specialization_allowed":false}},"force_earliest_schedule":false,"reification_cost":[],"device_type":"DEVICE_TYPE_INVALID"}
E0408 13:05:21.338086 2443010 xtile_compiler.cc:401] Computation: gemm_fusion_dot_general.12_computation.clone {
  parameter_0.11 = f32[128,600]{1,0} parameter(0)
  parameter_1.11 = f32[600,120]{1,0} parameter(1)
  ROOT dot_general.37 = f32[128,120]{1,0} dot(parameter_0.11, parameter_1.11), lhs_contracting_dims={1}, rhs_contracting_dims={0}, backend_config={"sizes":["32"]}
}
E0408 13:05:21.403281 2443009 xtile_compiler.cc:399] Fusion: gemm_fusion_dot_general.12 = f32[8,128,120]{2,1,0} fusion(get-tuple-element.1636, get-tuple-element.1684), kind=kCustom, calls=gemm_fusion_dot_general.12_computation.clone, backend_config={"operation_queue_id":"0","wait_on_operation_queues":[],"fusion_backend_config":{"kind":"__triton_nested_gemm_fusion","block_level_fusion_config":{"num_warps":"8","output_tiles":[{"sizes":["1","128","128"]}],"num_ctas":1,"num_stages":4,"is_tma_allowed":false,"is_warp_specialization_allowed":false}},"force_earliest_schedule":false,"reification_cost":[],"device_type":"DEVICE_TYPE_INVALID"}
E0408 13:05:21.403345 2443009 xtile_compiler.cc:401] Computation: gemm_fusion_dot_general.12_computation.clone {
  parameter_0.11 = f32[128,600]{1,0} parameter(0)
  constant = f32[] constant(0)
  pad = f32[128,608]{1,0} pad(parameter_0.11, constant), padding=0_0x0_8
  bitcast = f32[128,8,76]{2,1,0} bitcast(pad)
  parameter_1.11 = f32[600,120]{1,0} parameter(1)
  constant_1 = f32[] constant(0)
  pad.1 = f32[608,120]{1,0} pad(parameter_1.11, constant_1), padding=0_8x0_0
  bitcast.1 = f32[8,76,120]{2,1,0} bitcast(pad.1)
  ROOT dot = f32[8,128,120]{2,1,0} dot(bitcast, bitcast.1), lhs_batch_dims={1}, lhs_contracting_dims={2}, rhs_batch_dims={0}, rhs_contracting_dims={1}, backend_config={"sizes":["32"]}
}
E0408 13:05:21.544058 2443011 xtile_compiler.cc:399] Fusion: gemm_fusion_dot_general.12 = f32[128,120]{1,0} fusion(get-tuple-element.1636, get-tuple-element.1684), kind=kCustom, calls=gemm_fusion_dot_general.12_computation.clone, backend_config={"operation_queue_id":"0","wait_on_operation_queues":[],"fusion_backend_config":{"kind":"__triton_nested_gemm_fusion","block_level_fusion_config":{"num_warps":"2","output_tiles":[{"sizes":["64","16"]}],"num_ctas":1,"num_stages":4,"is_tma_allowed":false,"is_warp_specialization_allowed":false}},"force_earliest_schedule":false,"reification_cost":[],"device_type":"DEVICE_TYPE_INVALID"}
E0408 13:05:21.544155 2443011 xtile_compiler.cc:401] Computation: gemm_fusion_dot_general.12_computation.clone {
  parameter_0.11 = f32[128,600]{1,0} parameter(0)
  parameter_1.11 = f32[600,120]{1,0} parameter(1)
  ROOT dot_general.37 = f32[128,120]{1,0} dot(parameter_0.11, parameter_1.11), lhs_contracting_dims={1}, rhs_contracting_dims={0}, backend_config={"sizes":["128"]}
}
E0408 13:05:21.622178 2443011 xtile_compiler.cc:399] Fusion: gemm_fusion_dot_general.12 = f32[4,128,120]{2,1,0} fusion(get-tuple-element.1636, get-tuple-element.1684), kind=kCustom, calls=gemm_fusion_dot_general.12_computation.clone, backend_config={"operation_queue_id":"0","wait_on_operation_queues":[],"fusion_backend_config":{"kind":"__triton_nested_gemm_fusion","block_level_fusion_config":{"num_warps":"4","output_tiles":[{"sizes":["1","64","64"]}],"num_ctas":1,"num_stages":4,"is_tma_allowed":false,"is_warp_specialization_allowed":false}},"force_earliest_schedule":false,"reification_cost":[],"device_type":"DEVICE_TYPE_INVALID"}
E0408 13:05:21.622260 2443011 xtile_compiler.cc:401] Computation: gemm_fusion_dot_general.12_computation.clone {
  parameter_0.11 = f32[128,600]{1,0} parameter(0)
  constant = f32[] constant(0)
  pad = f32[128,608]{1,0} pad(parameter_0.11, constant), padding=0_0x0_8
  bitcast = f32[128,4,152]{2,1,0} bitcast(pad)
  parameter_1.11 = f32[600,120]{1,0} parameter(1)
  constant_1 = f32[] constant(0)
  pad.1 = f32[608,120]{1,0} pad(parameter_1.11, constant_1), padding=0_8x0_0
  bitcast.1 = f32[4,152,120]{2,1,0} bitcast(pad.1)
  ROOT dot = f32[4,128,120]{2,1,0} dot(bitcast, bitcast.1), lhs_batch_dims={1}, lhs_contracting_dims={2}, rhs_batch_dims={0}, rhs_contracting_dims={1}, backend_config={"sizes":["64"]}
}
E0408 13:05:21.697644 2443013 xtile_compiler.cc:399] Fusion: gemm_fusion_dot_general.17 = f32[65536,120]{1,0} fusion(bitcast.352, get-tuple-element.179), kind=kCustom, calls=gemm_fusion_dot_general.17_computation.clone, backend_config={"operation_queue_id":"0","wait_on_operation_queues":[],"fusion_backend_config":{"kind":"__triton_nested_gemm_fusion","block_level_fusion_config":{"num_warps":"4","output_tiles":[{"sizes":["64","64"]}],"num_ctas":1,"num_stages":4,"is_tma_allowed":false,"is_warp_specialization_allowed":false}},"force_earliest_schedule":false,"reification_cost":[],"device_type":"DEVICE_TYPE_INVALID"}
E0408 13:05:21.697703 2443013 xtile_compiler.cc:401] Computation: gemm_fusion_dot_general.17_computation.clone {
  parameter_0 = f32[65536,600]{1,0} parameter(0)
  parameter_1 = f32[600,120]{1,0} parameter(1)
  ROOT dot_general.29 = f32[65536,120]{1,0} dot(parameter_0, parameter_1), lhs_contracting_dims={1}, rhs_contracting_dims={0}, backend_config={"sizes":["64"]}
}
E0408 13:05:21.976698 2443012 xtile_compiler.cc:399] Fusion: gemm_fusion_dot_general.17 = f32[65536,120]{1,0} fusion(bitcast.352, get-tuple-element.179), kind=kCustom, calls=gemm_fusion_dot_general.17_computation.clone, backend_config={"operation_queue_id":"0","wait_on_operation_queues":[],"fusion_backend_config":{"kind":"__triton_nested_gemm_fusion","block_level_fusion_config":{"num_warps":"4","output_tiles":[{"sizes":["64","128"]}],"num_ctas":1,"num_stages":3,"is_tma_allowed":false,"is_warp_specialization_allowed":false}},"force_earliest_schedule":false,"reification_cost":[],"device_type":"DEVICE_TYPE_INVALID"}
E0408 13:05:21.976787 2443012 xtile_compiler.cc:401] Computation: gemm_fusion_dot_general.17_computation.clone {
  parameter_0 = f32[65536,600]{1,0} parameter(0)
  parameter_1 = f32[600,120]{1,0} parameter(1)
  ROOT dot_general.29 = f32[65536,120]{1,0} dot(parameter_0, parameter_1), lhs_contracting_dims={1}, rhs_contracting_dims={0}, backend_config={"sizes":["64"]}
}
E0408 13:05:22.387829 2443008 xtile_compiler.cc:399] Fusion: gemm_fusion_dot_general.12 = f32[128,120]{1,0} fusion(get-tuple-element.1636, get-tuple-element.1684), kind=kCustom, calls=gemm_fusion_dot_general.12_computation.clone, backend_config={"operation_queue_id":"0","wait_on_operation_queues":[],"fusion_backend_config":{"kind":"__triton_nested_gemm_fusion","block_level_fusion_config":{"num_warps":"8","output_tiles":[{"sizes":["128","256"]}],"num_ctas":1,"num_stages":4,"is_tma_allowed":false,"is_warp_specialization_allowed":false}},"force_earliest_schedule":false,"reification_cost":[],"device_type":"DEVICE_TYPE_INVALID"}
E0408 13:05:22.387921 2443008 xtile_compiler.cc:401] Computation: gemm_fusion_dot_general.12_computation.clone {
  parameter_0.11 = f32[128,600]{1,0} parameter(0)
  parameter_1.11 = f32[600,120]{1,0} parameter(1)
  ROOT dot_general.37 = f32[128,120]{1,0} dot(parameter_0.11, parameter_1.11), lhs_contracting_dims={1}, rhs_contracting_dims={0}, backend_config={"sizes":["32"]}
}
E0408 13:05:22.445321 2443008 xtile_compiler.cc:399] Fusion: gemm_fusion_dot_general.12 = f32[2,128,120]{2,1,0} fusion(bitcast.3, bitcast.2), kind=kCustom, calls=gemm_fusion_dot_general.12_computation.clone, backend_config={"operation_queue_id":"0","wait_on_operation_queues":[],"fusion_backend_config":{"kind":"__triton_nested_gemm_fusion","block_level_fusion_config":{"num_warps":"4","output_tiles":[{"sizes":["1","64","8"]}],"num_ctas":1,"num_stages":3,"is_tma_allowed":false,"is_warp_specialization_allowed":false}},"force_earliest_schedule":false,"reification_cost":[],"device_type":"DEVICE_TYPE_INVALID"}
E0408 13:05:22.445383 2443008 xtile_compiler.cc:401] Computation: gemm_fusion_dot_general.12_computation.clone {
  parameter_0.11 = f32[128,2,300]{2,1,0} parameter(0)
  parameter_1.11 = f32[2,300,120]{2,1,0} parameter(1)
  ROOT dot = f32[2,128,120]{2,1,0} dot(parameter_0.11, parameter_1.11), lhs_batch_dims={1}, lhs_contracting_dims={2}, rhs_batch_dims={0}, rhs_contracting_dims={1}, backend_config={"sizes":["128"]}
}
E0408 13:05:22.532426 2443013 xtile_compiler.cc:399] Fusion: gemm_fusion_dot_general.12 = f32[128,120]{1,0} fusion(get-tuple-element.1636, get-tuple-element.1684), kind=kCustom, calls=gemm_fusion_dot_general.12_computation.clone, backend_config={"operation_queue_id":"0","wait_on_operation_queues":[],"fusion_backend_config":{"kind":"__triton_nested_gemm_fusion","block_level_fusion_config":{"num_warps":"2","output_tiles":[{"sizes":["64","32"]}],"num_ctas":1,"num_stages":3,"is_tma_allowed":false,"is_warp_specialization_allowed":false}},"force_earliest_schedule":false,"reification_cost":[],"device_type":"DEVICE_TYPE_INVALID"}
E0408 13:05:22.532561 2443013 xtile_compiler.cc:401] Computation: gemm_fusion_dot_general.12_computation.clone {
  parameter_0.11 = f32[128,600]{1,0} parameter(0)
  parameter_1.11 = f32[600,120]{1,0} parameter(1)
  ROOT dot_general.37 = f32[128,120]{1,0} dot(parameter_0.11, parameter_1.11), lhs_contracting_dims={1}, rhs_contracting_dims={0}, backend_config={"sizes":["128"]}
}
E0408 13:05:22.598951 2443013 xtile_compiler.cc:399] Fusion: gemm_fusion_dot_general.12 = f32[128,120]{1,0} fusion(get-tuple-element.1636, get-tuple-element.1684), kind=kCustom, calls=gemm_fusion_dot_general.12_computation.clone, backend_config={"operation_queue_id":"0","wait_on_operation_queues":[],"fusion_backend_config":{"kind":"__triton_nested_gemm_fusion","block_level_fusion_config":{"num_warps":"4","output_tiles":[{"sizes":["64","64"]}],"num_ctas":1,"num_stages":4,"is_tma_allowed":false,"is_warp_specialization_allowed":false}},"force_earliest_schedule":false,"reification_cost":[],"device_type":"DEVICE_TYPE_INVALID"}
E0408 13:05:22.599015 2443013 xtile_compiler.cc:401] Computation: gemm_fusion_dot_general.12_computation.clone {
  parameter_0.11 = f32[128,600]{1,0} parameter(0)
  parameter_1.11 = f32[600,120]{1,0} parameter(1)
  ROOT dot_general.37 = f32[128,120]{1,0} dot(parameter_0.11, parameter_1.11), lhs_contracting_dims={1}, rhs_contracting_dims={0}, backend_config={"sizes":["64"]}
}
E0408 13:05:22.627334 2443012 xtile_compiler.cc:399] Fusion: gemm_fusion_dot_general.12 = f32[16,128,120]{2,1,0} fusion(get-tuple-element.1636, get-tuple-element.1684), kind=kCustom, calls=gemm_fusion_dot_general.12_computation.clone, backend_config={"operation_queue_id":"0","wait_on_operation_queues":[],"fusion_backend_config":{"kind":"__triton_nested_gemm_fusion","block_level_fusion_config":{"num_warps":"8","output_tiles":[{"sizes":["1","32","256"]}],"num_ctas":1,"num_stages":3,"is_tma_allowed":false,"is_warp_specialization_allowed":false}},"force_earliest_schedule":false,"reification_cost":[],"device_type":"DEVICE_TYPE_INVALID"}
E0408 13:05:22.627391 2443012 xtile_compiler.cc:401] Computation: gemm_fusion_dot_general.12_computation.clone {
  parameter_0.11 = f32[128,600]{1,0} parameter(0)
  constant = f32[] constant(0)
  pad = f32[128,640]{1,0} pad(parameter_0.11, constant), padding=0_0x0_40
  bitcast = f32[128,16,40]{2,1,0} bitcast(pad)
  parameter_1.11 = f32[600,120]{1,0} parameter(1)
  constant_1 = f32[] constant(0)
  pad.1 = f32[640,120]{1,0} pad(parameter_1.11, constant_1), padding=0_40x0_0
  bitcast.1 = f32[16,40,120]{2,1,0} bitcast(pad.1)
  ROOT dot = f32[16,128,120]{2,1,0} dot(bitcast, bitcast.1), lhs_batch_dims={1}, lhs_contracting_dims={2}, rhs_batch_dims={0}, rhs_contracting_dims={1}, backend_config={"sizes":["32"]}
}
E0408 13:05:22.672483 2443013 xtile_compiler.cc:399] Fusion: gemm_fusion_dot_general.12 = f32[128,120]{1,0} fusion(get-tuple-element.1636, get-tuple-element.1684), kind=kCustom, calls=gemm_fusion_dot_general.12_computation.clone, backend_config={"operation_queue_id":"0","wait_on_operation_queues":[],"fusion_backend_config":{"kind":"__triton_nested_gemm_fusion","block_level_fusion_config":{"num_warps":"4","output_tiles":[{"sizes":["64","128"]}],"num_ctas":1,"num_stages":3,"is_tma_allowed":false,"is_warp_specialization_allowed":false}},"force_earliest_schedule":false,"reification_cost":[],"device_type":"DEVICE_TYPE_INVALID"}
E0408 13:05:22.672565 2443013 xtile_compiler.cc:401] Computation: gemm_fusion_dot_general.12_computation.clone {
  parameter_0.11 = f32[128,600]{1,0} parameter(0)
  parameter_1.11 = f32[600,120]{1,0} parameter(1)
  ROOT dot_general.37 = f32[128,120]{1,0} dot(parameter_0.11, parameter_1.11), lhs_contracting_dims={1}, rhs_contracting_dims={0}, backend_config={"sizes":["64"]}
}
E0408 13:05:22.758024 2443013 xtile_compiler.cc:399] Fusion: gemm_fusion_dot_general.12 = f32[128,120]{1,0} fusion(get-tuple-element.1636, get-tuple-element.1684), kind=kCustom, calls=gemm_fusion_dot_general.12_computation.clone, backend_config={"operation_queue_id":"0","wait_on_operation_queues":[],"fusion_backend_config":{"kind":"__triton_nested_gemm_fusion","block_level_fusion_config":{"num_warps":"4","output_tiles":[{"sizes":["64","256"]}],"num_ctas":1,"num_stages":4,"is_tma_allowed":false,"is_warp_specialization_allowed":false}},"force_earliest_schedule":false,"reification_cost":[],"device_type":"DEVICE_TYPE_INVALID"}
E0408 13:05:22.758119 2443013 xtile_compiler.cc:401] Computation: gemm_fusion_dot_general.12_computation.clone {
  parameter_0.11 = f32[128,600]{1,0} parameter(0)
  parameter_1.11 = f32[600,120]{1,0} parameter(1)
  ROOT dot_general.37 = f32[128,120]{1,0} dot(parameter_0.11, parameter_1.11), lhs_contracting_dims={1}, rhs_contracting_dims={0}, backend_config={"sizes":["32"]}
}
E0408 13:05:22.860257 2443012 xtile_compiler.cc:399] Fusion: gemm_fusion_dot_general.12 = f32[128,120]{1,0} fusion(get-tuple-element.1636, get-tuple-element.1684), kind=kCustom, calls=gemm_fusion_dot_general.12_computation.clone, backend_config={"operation_queue_id":"0","wait_on_operation_queues":[],"fusion_backend_config":{"kind":"__triton_nested_gemm_fusion","block_level_fusion_config":{"num_warps":"8","output_tiles":[{"sizes":["128","256"]}],"num_ctas":1,"num_stages":4,"is_tma_allowed":false,"is_warp_specialization_allowed":false}},"force_earliest_schedule":false,"reification_cost":[],"device_type":"DEVICE_TYPE_INVALID"}
E0408 13:05:22.860387 2443012 xtile_compiler.cc:401] Computation: gemm_fusion_dot_general.12_computation.clone {
  parameter_0.11 = f32[128,600]{1,0} parameter(0)
  parameter_1.11 = f32[600,120]{1,0} parameter(1)
  ROOT dot_general.37 = f32[128,120]{1,0} dot(parameter_0.11, parameter_1.11), lhs_contracting_dims={1}, rhs_contracting_dims={0}, backend_config={"sizes":["64"]}
}
